/home/abolinaga/OneDrive/Shared Folder/repo/ade9000/cJSON/cJSON.c:458:23:ensure	16	static
/home/abolinaga/OneDrive/Shared Folder/repo/ade9000/cJSON/cJSON.c:922:19:print_string_ptr	32	static
/home/abolinaga/OneDrive/Shared Folder/repo/ade9000/cJSON/cJSON.c:1909:15:get_object_item	16	static
/home/abolinaga/OneDrive/Shared Folder/repo/ade9000/cJSON/cJSON.c:1391:19:print_value	96	static
/home/abolinaga/OneDrive/Shared Folder/repo/ade9000/cJSON/cJSON.c:1207:23:print.constprop	56	static
/home/abolinaga/OneDrive/Shared Folder/repo/ade9000/cJSON/cJSON.c:792:19:parse_string	32	static
/home/abolinaga/OneDrive/Shared Folder/repo/ade9000/cJSON/cJSON.c:94:28:cJSON_GetErrorPtr	0	static
/home/abolinaga/OneDrive/Shared Folder/repo/ade9000/cJSON/cJSON.c:99:22:cJSON_GetStringValue	0	static
/home/abolinaga/OneDrive/Shared Folder/repo/ade9000/cJSON/cJSON.c:109:22:cJSON_GetNumberValue	0	static
/home/abolinaga/OneDrive/Shared Folder/repo/ade9000/cJSON/cJSON.c:124:27:cJSON_Version	16	static
/home/abolinaga/OneDrive/Shared Folder/repo/ade9000/cJSON/cJSON.c:209:20:cJSON_InitHooks	4	static
/home/abolinaga/OneDrive/Shared Folder/repo/ade9000/cJSON/cJSON.c:253:20:cJSON_Delete	24	static
/home/abolinaga/OneDrive/Shared Folder/repo/ade9000/cJSON/cJSON.c:1336:19:parse_value	104	static
/home/abolinaga/OneDrive/Shared Folder/repo/ade9000/cJSON/cJSON.c:384:22:cJSON_SetNumberHelper	0	static
/home/abolinaga/OneDrive/Shared Folder/repo/ade9000/cJSON/cJSON.c:403:21:cJSON_SetValuestring	24	static
/home/abolinaga/OneDrive/Shared Folder/repo/ade9000/cJSON/cJSON.c:1115:23:cJSON_ParseWithLengthOpts	64	static
/home/abolinaga/OneDrive/Shared Folder/repo/ade9000/cJSON/cJSON.c:1099:23:cJSON_ParseWithOpts	16	static
/home/abolinaga/OneDrive/Shared Folder/repo/ade9000/cJSON/cJSON.c:1195:23:cJSON_Parse	56	static
/home/abolinaga/OneDrive/Shared Folder/repo/ade9000/cJSON/cJSON.c:1200:23:cJSON_ParseWithLength	56	static
/home/abolinaga/OneDrive/Shared Folder/repo/ade9000/cJSON/cJSON.c:1275:22:cJSON_Print	0	static
/home/abolinaga/OneDrive/Shared Folder/repo/ade9000/cJSON/cJSON.c:1280:22:cJSON_PrintUnformatted	0	static
/home/abolinaga/OneDrive/Shared Folder/repo/ade9000/cJSON/cJSON.c:1285:22:cJSON_PrintBuffered	64	static
/home/abolinaga/OneDrive/Shared Folder/repo/ade9000/cJSON/cJSON.c:1316:26:cJSON_PrintPreallocated	64	static
/home/abolinaga/OneDrive/Shared Folder/repo/ade9000/cJSON/cJSON.c:1857:19:cJSON_GetArraySize	0	static
/home/abolinaga/OneDrive/Shared Folder/repo/ade9000/cJSON/cJSON.c:1899:23:cJSON_GetArrayItem	0	static
/home/abolinaga/OneDrive/Shared Folder/repo/ade9000/cJSON/cJSON.c:1941:23:cJSON_GetObjectItem	0	static
/home/abolinaga/OneDrive/Shared Folder/repo/ade9000/cJSON/cJSON.c:1946:23:cJSON_GetObjectItemCaseSensitive	16	static
/home/abolinaga/OneDrive/Shared Folder/repo/ade9000/cJSON/cJSON.c:1951:26:cJSON_HasObjectItem	8	static
/home/abolinaga/OneDrive/Shared Folder/repo/ade9000/cJSON/cJSON.c:2019:26:cJSON_AddItemToArray	0	static
/home/abolinaga/OneDrive/Shared Folder/repo/ade9000/cJSON/cJSON.c:2077:26:cJSON_AddItemToObject	32	static
/home/abolinaga/OneDrive/Shared Folder/repo/ade9000/cJSON/cJSON.c:2083:26:cJSON_AddItemToObjectCS	24	static
/home/abolinaga/OneDrive/Shared Folder/repo/ade9000/cJSON/cJSON.c:2088:26:cJSON_AddItemReferenceToArray	24	static
/home/abolinaga/OneDrive/Shared Folder/repo/ade9000/cJSON/cJSON.c:2098:26:cJSON_AddItemReferenceToObject	32	static
/home/abolinaga/OneDrive/Shared Folder/repo/ade9000/cJSON/cJSON.c:2108:22:cJSON_AddNullToObject	32	static
/home/abolinaga/OneDrive/Shared Folder/repo/ade9000/cJSON/cJSON.c:2120:22:cJSON_AddTrueToObject	32	static
/home/abolinaga/OneDrive/Shared Folder/repo/ade9000/cJSON/cJSON.c:2132:22:cJSON_AddFalseToObject	32	static
/home/abolinaga/OneDrive/Shared Folder/repo/ade9000/cJSON/cJSON.c:2144:22:cJSON_AddBoolToObject	32	static
/home/abolinaga/OneDrive/Shared Folder/repo/ade9000/cJSON/cJSON.c:2156:22:cJSON_AddNumberToObject	40	static
/home/abolinaga/OneDrive/Shared Folder/repo/ade9000/cJSON/cJSON.c:2168:22:cJSON_AddStringToObject	32	static
/home/abolinaga/OneDrive/Shared Folder/repo/ade9000/cJSON/cJSON.c:2180:22:cJSON_AddRawToObject	32	static
/home/abolinaga/OneDrive/Shared Folder/repo/ade9000/cJSON/cJSON.c:2192:22:cJSON_AddObjectToObject	32	static
/home/abolinaga/OneDrive/Shared Folder/repo/ade9000/cJSON/cJSON.c:2204:22:cJSON_AddArrayToObject	32	static
/home/abolinaga/OneDrive/Shared Folder/repo/ade9000/cJSON/cJSON.c:2216:23:cJSON_DetachItemViaPointer	0	static
/home/abolinaga/OneDrive/Shared Folder/repo/ade9000/cJSON/cJSON.c:2252:23:cJSON_DetachItemFromArray	0	static
/home/abolinaga/OneDrive/Shared Folder/repo/ade9000/cJSON/cJSON.c:2262:20:cJSON_DeleteItemFromArray	0	static
/home/abolinaga/OneDrive/Shared Folder/repo/ade9000/cJSON/cJSON.c:2267:23:cJSON_DetachItemFromObject	8	static
/home/abolinaga/OneDrive/Shared Folder/repo/ade9000/cJSON/cJSON.c:2274:23:cJSON_DetachItemFromObjectCaseSensitive	16	static
/home/abolinaga/OneDrive/Shared Folder/repo/ade9000/cJSON/cJSON.c:2281:20:cJSON_DeleteItemFromObject	8	static
/home/abolinaga/OneDrive/Shared Folder/repo/ade9000/cJSON/cJSON.c:2286:20:cJSON_DeleteItemFromObjectCaseSensitive	16	static
/home/abolinaga/OneDrive/Shared Folder/repo/ade9000/cJSON/cJSON.c:2292:26:cJSON_InsertItemInArray	4	static
/home/abolinaga/OneDrive/Shared Folder/repo/ade9000/cJSON/cJSON.c:2326:26:cJSON_ReplaceItemViaPointer	16	static
/home/abolinaga/OneDrive/Shared Folder/repo/ade9000/cJSON/cJSON.c:2375:26:cJSON_ReplaceItemInArray	16	static
/home/abolinaga/OneDrive/Shared Folder/repo/ade9000/cJSON/cJSON.c:2408:26:cJSON_ReplaceItemInObject	24	static
/home/abolinaga/OneDrive/Shared Folder/repo/ade9000/cJSON/cJSON.c:2413:26:cJSON_ReplaceItemInObjectCaseSensitive	24	static
/home/abolinaga/OneDrive/Shared Folder/repo/ade9000/cJSON/cJSON.c:2419:23:cJSON_CreateNull	8	static
/home/abolinaga/OneDrive/Shared Folder/repo/ade9000/cJSON/cJSON.c:2430:23:cJSON_CreateTrue	8	static
/home/abolinaga/OneDrive/Shared Folder/repo/ade9000/cJSON/cJSON.c:2441:23:cJSON_CreateFalse	8	static
/home/abolinaga/OneDrive/Shared Folder/repo/ade9000/cJSON/cJSON.c:2452:23:cJSON_CreateBool	16	static
/home/abolinaga/OneDrive/Shared Folder/repo/ade9000/cJSON/cJSON.c:2463:23:cJSON_CreateNumber	16	static
/home/abolinaga/OneDrive/Shared Folder/repo/ade9000/cJSON/cJSON.c:2489:23:cJSON_CreateString	24	static
/home/abolinaga/OneDrive/Shared Folder/repo/ade9000/cJSON/cJSON.c:2506:23:cJSON_CreateStringReference	16	static
/home/abolinaga/OneDrive/Shared Folder/repo/ade9000/cJSON/cJSON.c:2518:23:cJSON_CreateObjectReference	16	static
/home/abolinaga/OneDrive/Shared Folder/repo/ade9000/cJSON/cJSON.c:2529:23:cJSON_CreateArrayReference	16	static
/home/abolinaga/OneDrive/Shared Folder/repo/ade9000/cJSON/cJSON.c:2539:23:cJSON_CreateRaw	24	static
/home/abolinaga/OneDrive/Shared Folder/repo/ade9000/cJSON/cJSON.c:2556:23:cJSON_CreateArray	8	static
/home/abolinaga/OneDrive/Shared Folder/repo/ade9000/cJSON/cJSON.c:2567:23:cJSON_CreateObject	8	static
/home/abolinaga/OneDrive/Shared Folder/repo/ade9000/cJSON/cJSON.c:2579:23:cJSON_CreateIntArray	48	static
/home/abolinaga/OneDrive/Shared Folder/repo/ade9000/cJSON/cJSON.c:2619:23:cJSON_CreateFloatArray	56	static
/home/abolinaga/OneDrive/Shared Folder/repo/ade9000/cJSON/cJSON.c:2659:23:cJSON_CreateDoubleArray	56	static
/home/abolinaga/OneDrive/Shared Folder/repo/ade9000/cJSON/cJSON.c:2699:23:cJSON_CreateStringArray	48	static
/home/abolinaga/OneDrive/Shared Folder/repo/ade9000/cJSON/cJSON.c:2747:9:cJSON_Duplicate_rec	48	static
/home/abolinaga/OneDrive/Shared Folder/repo/ade9000/cJSON/cJSON.c:2742:23:cJSON_Duplicate	80	static
/home/abolinaga/OneDrive/Shared Folder/repo/ade9000/cJSON/cJSON.c:2882:20:cJSON_Minify	12	static
/home/abolinaga/OneDrive/Shared Folder/repo/ade9000/cJSON/cJSON.c:2930:26:cJSON_IsInvalid	0	static
/home/abolinaga/OneDrive/Shared Folder/repo/ade9000/cJSON/cJSON.c:2940:26:cJSON_IsFalse	0	static
/home/abolinaga/OneDrive/Shared Folder/repo/ade9000/cJSON/cJSON.c:2950:26:cJSON_IsTrue	0	static
/home/abolinaga/OneDrive/Shared Folder/repo/ade9000/cJSON/cJSON.c:2961:26:cJSON_IsBool	0	static
/home/abolinaga/OneDrive/Shared Folder/repo/ade9000/cJSON/cJSON.c:2970:26:cJSON_IsNull	0	static
/home/abolinaga/OneDrive/Shared Folder/repo/ade9000/cJSON/cJSON.c:2980:26:cJSON_IsNumber	0	static
/home/abolinaga/OneDrive/Shared Folder/repo/ade9000/cJSON/cJSON.c:2990:26:cJSON_IsString	0	static
/home/abolinaga/OneDrive/Shared Folder/repo/ade9000/cJSON/cJSON.c:3000:26:cJSON_IsArray	0	static
/home/abolinaga/OneDrive/Shared Folder/repo/ade9000/cJSON/cJSON.c:3010:26:cJSON_IsObject	0	static
/home/abolinaga/OneDrive/Shared Folder/repo/ade9000/cJSON/cJSON.c:3020:26:cJSON_IsRaw	0	static
/home/abolinaga/OneDrive/Shared Folder/repo/ade9000/cJSON/cJSON.c:3030:26:cJSON_Compare	48	static
/home/abolinaga/OneDrive/Shared Folder/repo/ade9000/cJSON/cJSON.c:3155:22:cJSON_malloc	0	static
/home/abolinaga/OneDrive/Shared Folder/repo/ade9000/cJSON/cJSON.c:3160:20:cJSON_free	0	static
