/home/abolinaga/OneDrive/Shared Folder/repo/ade9000/data_extractor/protocol/json/json.c:28:6:json_init	16	static
/home/abolinaga/OneDrive/Shared Folder/repo/ade9000/data_extractor/protocol/json/json.c:49:13:json_get_mode	8	static
/home/abolinaga/OneDrive/Shared Folder/repo/ade9000/data_extractor/protocol/json/json.c:81:7:json_get_discovery_data	48	dynamic
/home/abolinaga/OneDrive/Shared Folder/repo/ade9000/data_extractor/protocol/json/json.c:122:7:json_get_device_status_data	16	static
/home/abolinaga/OneDrive/Shared Folder/repo/ade9000/data_extractor/protocol/json/json.c:139:7:json_get_status_data	32	static
/home/abolinaga/OneDrive/Shared Folder/repo/ade9000/data_extractor/protocol/json/json.c:174:7:json_get_system_alert_data	32	static
/home/abolinaga/OneDrive/Shared Folder/repo/ade9000/data_extractor/protocol/json/json.c:201:7:json_get_sensor_service_alert_data	32	static
/home/abolinaga/OneDrive/Shared Folder/repo/ade9000/data_extractor/protocol/json/json.c:229:7:json_get_time_data	16	static
/home/abolinaga/OneDrive/Shared Folder/repo/ade9000/data_extractor/protocol/json/json.c:247:7:json_get_info_data	40	static
/home/abolinaga/OneDrive/Shared Folder/repo/ade9000/data_extractor/protocol/json/json.c:288:7:json_get_id_data	24	static
/home/abolinaga/OneDrive/Shared Folder/repo/ade9000/data_extractor/protocol/json/json.c:305:7:json_get_irq0_data	16	static
/home/abolinaga/OneDrive/Shared Folder/repo/ade9000/data_extractor/protocol/json/json.c:322:7:json_get_reset_data	16	static
/home/abolinaga/OneDrive/Shared Folder/repo/ade9000/data_extractor/protocol/json/json.c:339:7:json_get_manufactur_written_data	16	static
/home/abolinaga/OneDrive/Shared Folder/repo/ade9000/data_extractor/protocol/json/json.c:356:6:json_clear	8	static
/home/abolinaga/OneDrive/Shared Folder/repo/ade9000/data_extractor/protocol/json/json.c:369:6:json_get_sensor_manufactur	48	static
/home/abolinaga/OneDrive/Shared Folder/repo/ade9000/data_extractor/protocol/json/json.c:421:6:json_get_energy_sensor_config	48	static
/home/abolinaga/OneDrive/Shared Folder/repo/ade9000/data_extractor/protocol/json/json.c:660:6:json_get_raw_service_config	32	static
/home/abolinaga/OneDrive/Shared Folder/repo/ade9000/data_extractor/protocol/json/json.c:710:6:json_get_vars_service_config	32	static
/home/abolinaga/OneDrive/Shared Folder/repo/ade9000/data_extractor/protocol/json/json.c:769:6:json_get_test_service_config	16	static
/home/abolinaga/OneDrive/Shared Folder/repo/ade9000/data_extractor/protocol/json/json.c:815:6:json_get_raw_transmission_config	24	static
/home/abolinaga/OneDrive/Shared Folder/repo/ade9000/data_extractor/protocol/json/json.c:831:6:json_get_vars_transmission_config	24	static
/home/abolinaga/OneDrive/Shared Folder/repo/ade9000/data_extractor/protocol/json/json.c:899:6:json_get_time_sync_config	16	static
/home/abolinaga/OneDrive/Shared Folder/repo/ade9000/data_extractor/protocol/json/json.c:930:26:json_get_raw_variable_type	8	static
