/home/abolinaga/OneDrive/Shared Folder/repo/ade9000/platform/OS/freertos/freertos-kernel/list.c:50:6:vListInitialise	0	static
/home/abolinaga/OneDrive/Shared Folder/repo/ade9000/platform/OS/freertos/freertos-kernel/list.c:86:6:vListInitialiseItem	0	static
/home/abolinaga/OneDrive/Shared Folder/repo/ade9000/platform/OS/freertos/freertos-kernel/list.c:98:6:vListInsertEnd	4	static
/home/abolinaga/OneDrive/Shared Folder/repo/ade9000/platform/OS/freertos/freertos-kernel/list.c:128:6:vListInsert	8	static
/home/abolinaga/OneDrive/Shared Folder/repo/ade9000/platform/OS/freertos/freertos-kernel/list.c:199:13:uxListRemove	4	static
