/home/abolinaga/OneDrive/Shared Folder/repo/ade9000/platform/OS/freertos/freertos-kernel/queue.c:2186:19:prvCopyDataToQueue	16	static
/home/abolinaga/OneDrive/Shared Folder/repo/ade9000/platform/OS/freertos/freertos-kernel/queue.c:296:12:xQueueGenericReset	16	static
/home/abolinaga/OneDrive/Shared Folder/repo/ade9000/platform/OS/freertos/freertos-kernel/queue.c:428:19:xQueueGenericCreate	24	static
/home/abolinaga/OneDrive/Shared Folder/repo/ade9000/platform/OS/freertos/freertos-kernel/queue.c:802:19:xQueueCreateCountingSemaphore	24	static
/home/abolinaga/OneDrive/Shared Folder/repo/ade9000/platform/OS/freertos/freertos-kernel/queue.c:835:12:xQueueGenericSend	48	static
/home/abolinaga/OneDrive/Shared Folder/repo/ade9000/platform/OS/freertos/freertos-kernel/queue.c:572:19:xQueueCreateMutex	16	static
/home/abolinaga/OneDrive/Shared Folder/repo/ade9000/platform/OS/freertos/freertos-kernel/queue.c:668:16:xQueueGiveMutexRecursive	16	static
/home/abolinaga/OneDrive/Shared Folder/repo/ade9000/platform/OS/freertos/freertos-kernel/queue.c:1047:12:xQueueGenericSendFromISR	24	static
/home/abolinaga/OneDrive/Shared Folder/repo/ade9000/platform/OS/freertos/freertos-kernel/queue.c:1212:12:xQueueGiveFromISR	24	static
/home/abolinaga/OneDrive/Shared Folder/repo/ade9000/platform/OS/freertos/freertos-kernel/queue.c:1378:12:xQueueReceive	48	static
/home/abolinaga/OneDrive/Shared Folder/repo/ade9000/platform/OS/freertos/freertos-kernel/queue.c:1521:12:xQueueSemaphoreTake	40	static
/home/abolinaga/OneDrive/Shared Folder/repo/ade9000/platform/OS/freertos/freertos-kernel/queue.c:723:16:xQueueTakeMutexRecursive	16	static
/home/abolinaga/OneDrive/Shared Folder/repo/ade9000/platform/OS/freertos/freertos-kernel/queue.c:1742:12:xQueuePeek	48	static
/home/abolinaga/OneDrive/Shared Folder/repo/ade9000/platform/OS/freertos/freertos-kernel/queue.c:1893:12:xQueueReceiveFromISR	32	static
/home/abolinaga/OneDrive/Shared Folder/repo/ade9000/platform/OS/freertos/freertos-kernel/queue.c:1986:12:xQueuePeekFromISR	24	static
/home/abolinaga/OneDrive/Shared Folder/repo/ade9000/platform/OS/freertos/freertos-kernel/queue.c:2041:13:uxQueueMessagesWaiting	8	static
/home/abolinaga/OneDrive/Shared Folder/repo/ade9000/platform/OS/freertos/freertos-kernel/queue.c:2057:13:uxQueueSpacesAvailable	8	static
/home/abolinaga/OneDrive/Shared Folder/repo/ade9000/platform/OS/freertos/freertos-kernel/queue.c:2074:13:uxQueueMessagesWaitingFromISR	0	static
/home/abolinaga/OneDrive/Shared Folder/repo/ade9000/platform/OS/freertos/freertos-kernel/queue.c:2086:6:vQueueDelete	0	static
/home/abolinaga/OneDrive/Shared Folder/repo/ade9000/platform/OS/freertos/freertos-kernel/queue.c:2130:17:uxQueueGetQueueNumber	0	static
/home/abolinaga/OneDrive/Shared Folder/repo/ade9000/platform/OS/freertos/freertos-kernel/queue.c:2140:10:vQueueSetQueueNumber	0	static
/home/abolinaga/OneDrive/Shared Folder/repo/ade9000/platform/OS/freertos/freertos-kernel/queue.c:2151:13:ucQueueGetQueueType	0	static
/home/abolinaga/OneDrive/Shared Folder/repo/ade9000/platform/OS/freertos/freertos-kernel/queue.c:2431:12:xQueueIsQueueEmptyFromISR	0	static
/home/abolinaga/OneDrive/Shared Folder/repo/ade9000/platform/OS/freertos/freertos-kernel/queue.c:2472:12:xQueueIsQueueFullFromISR	0	static
/home/abolinaga/OneDrive/Shared Folder/repo/ade9000/platform/OS/freertos/freertos-kernel/queue.c:2781:10:vQueueAddToRegistry	4	static
/home/abolinaga/OneDrive/Shared Folder/repo/ade9000/platform/OS/freertos/freertos-kernel/queue.c:2828:18:pcQueueGetName	0	static
/home/abolinaga/OneDrive/Shared Folder/repo/ade9000/platform/OS/freertos/freertos-kernel/queue.c:2859:10:vQueueUnregisterQueue	0	static
/home/abolinaga/OneDrive/Shared Folder/repo/ade9000/platform/OS/freertos/freertos-kernel/queue.c:2892:10:vQueueWaitForMessageRestricted	16	static
