/home/abolinaga/OneDrive/Shared Folder/repo/ade9000/data_extractor/manufacturing/manufacturing.c:780:13:manufacturing_exit_cmd	0	static
/home/abolinaga/OneDrive/Shared Folder/repo/ade9000/data_extractor/manufacturing/manufacturing.c:773:13:manufacturing_default_cmd	0	static
/home/abolinaga/OneDrive/Shared Folder/repo/ade9000/data_extractor/manufacturing/manufacturing.c:766:13:manufacturing_delete_cmd	0	static
/home/abolinaga/OneDrive/Shared Folder/repo/ade9000/data_extractor/manufacturing/manufacturing.c:759:13:manufacturing_read_cmd	0	static
/home/abolinaga/OneDrive/Shared Folder/repo/ade9000/data_extractor/manufacturing/manufacturing.c:144:13:manufacturing_timeout_call	0	static
/home/abolinaga/OneDrive/Shared Folder/repo/ade9000/data_extractor/manufacturing/manufacturing.c:833:6:manufaturing_print_data	40	static
/home/abolinaga/OneDrive/Shared Folder/repo/ade9000/data_extractor/manufacturing/manufacturing.c:359:13:manufacturing_check_data	24	static
/home/abolinaga/OneDrive/Shared Folder/repo/ade9000/data_extractor/manufacturing/manufacturing.c:311:13:manufacturing_write.isra	248	static
/home/abolinaga/OneDrive/Shared Folder/repo/ade9000/data_extractor/manufacturing/manufacturing.c:151:6:manufacturing_initialize	56	static
/home/abolinaga/OneDrive/Shared Folder/repo/ade9000/data_extractor/manufacturing/manufacturing.c:173:6:manufacturing_get_data	24	static
/home/abolinaga/OneDrive/Shared Folder/repo/ade9000/data_extractor/manufacturing/manufacturing.c:190:6:manufacturing	48	static
/home/abolinaga/OneDrive/Shared Folder/repo/ade9000/data_extractor/manufacturing/manufacturing.c:244:6:manufacturing_check_and_write	16	static
/home/abolinaga/OneDrive/Shared Folder/repo/ade9000/data_extractor/manufacturing/manufacturing.c:535:6:manufacturing_get_mac	40	static
/home/abolinaga/OneDrive/Shared Folder/repo/ade9000/data_extractor/manufacturing/manufacturing.c:610:13:manufacturing_write_cmd	32	static
