/home/abolinaga/OneDrive/Shared Folder/repo/ade9000/platform/imxrt1062/component/serial_manager/fsl_component_serial_port_uart.c:130:13:Serial_UartCallback	24	static
/home/abolinaga/OneDrive/Shared Folder/repo/ade9000/platform/imxrt1062/component/serial_manager/fsl_component_serial_port_uart.c:173:25:Serial_UartInit	16	static
/home/abolinaga/OneDrive/Shared Folder/repo/ade9000/platform/imxrt1062/component/serial_manager/fsl_component_serial_port_uart.c:213:25:Serial_UartDeinit	8	static
/home/abolinaga/OneDrive/Shared Folder/repo/ade9000/platform/imxrt1062/component/serial_manager/fsl_component_serial_port_uart.c:240:25:Serial_UartWrite	16	static
/home/abolinaga/OneDrive/Shared Folder/repo/ade9000/platform/imxrt1062/component/serial_manager/fsl_component_serial_port_uart.c:277:25:Serial_UartRead	8	static
/home/abolinaga/OneDrive/Shared Folder/repo/ade9000/platform/imxrt1062/component/serial_manager/fsl_component_serial_port_uart.c:318:25:Serial_UartCancelWrite	24	static
/home/abolinaga/OneDrive/Shared Folder/repo/ade9000/platform/imxrt1062/component/serial_manager/fsl_component_serial_port_uart.c:352:25:Serial_UartInstallTxCallback	0	static
/home/abolinaga/OneDrive/Shared Folder/repo/ade9000/platform/imxrt1062/component/serial_manager/fsl_component_serial_port_uart.c:368:25:Serial_UartInstallRxCallback	8	static
/home/abolinaga/OneDrive/Shared Folder/repo/ade9000/platform/imxrt1062/component/serial_manager/fsl_component_serial_port_uart.c:387:6:Serial_UartIsrFunction	0	static
/home/abolinaga/OneDrive/Shared Folder/repo/ade9000/platform/imxrt1062/component/serial_manager/fsl_component_serial_port_uart.c:399:25:Serial_UartEnterLowpower	8	static
/home/abolinaga/OneDrive/Shared Folder/repo/ade9000/platform/imxrt1062/component/serial_manager/fsl_component_serial_port_uart.c:415:25:Serial_UartExitLowpower	16	static
