/home/abolinaga/OneDrive/Shared Folder/repo/ade9000/platform/imxrt1062/component/serial_manager/fsl_component_serial_manager.c:594:13:SerialManager_Task.part.0	32	static
/home/abolinaga/OneDrive/Shared Folder/repo/ade9000/platform/imxrt1062/component/serial_manager/fsl_component_serial_manager.c:826:6:SerialManager_RxCallback	32	static
/home/abolinaga/OneDrive/Shared Folder/repo/ade9000/platform/imxrt1062/component/serial_manager/fsl_component_serial_manager.c:288:32:SerialManager_StartWriting.isra	16	static
/home/abolinaga/OneDrive/Shared Folder/repo/ade9000/platform/imxrt1062/component/serial_manager/fsl_component_serial_manager.c:755:13:SerialManager_TxCallback	24	static
/home/abolinaga/OneDrive/Shared Folder/repo/ade9000/platform/imxrt1062/component/serial_manager/fsl_component_serial_manager.c:1006:18:SerialManager_WriteTimeDelay	0	static
/home/abolinaga/OneDrive/Shared Folder/repo/ade9000/platform/imxrt1062/component/serial_manager/fsl_component_serial_manager.c:1014:18:SerialManager_ReadTimeDelay	0	static
/home/abolinaga/OneDrive/Shared Folder/repo/ade9000/platform/imxrt1062/component/serial_manager/fsl_component_serial_manager.c:1279:25:SerialManager_Init	16	static
/home/abolinaga/OneDrive/Shared Folder/repo/ade9000/platform/imxrt1062/component/serial_manager/fsl_component_serial_manager.c:1496:25:SerialManager_Deinit	8	static
/home/abolinaga/OneDrive/Shared Folder/repo/ade9000/platform/imxrt1062/component/serial_manager/fsl_component_serial_manager.c:1575:25:SerialManager_OpenWriteHandle	16	static
/home/abolinaga/OneDrive/Shared Folder/repo/ade9000/platform/imxrt1062/component/serial_manager/fsl_component_serial_manager.c:1646:25:SerialManager_OpenReadHandle	24	static
/home/abolinaga/OneDrive/Shared Folder/repo/ade9000/platform/imxrt1062/component/serial_manager/fsl_component_serial_manager.c:1686:25:SerialManager_CloseReadHandle	24	static
/home/abolinaga/OneDrive/Shared Folder/repo/ade9000/platform/imxrt1062/component/serial_manager/fsl_component_serial_manager.c:1718:25:SerialManager_WriteBlocking	24	static
/home/abolinaga/OneDrive/Shared Folder/repo/ade9000/platform/imxrt1062/component/serial_manager/fsl_component_serial_manager.c:1727:25:SerialManager_ReadBlocking	24	static
/home/abolinaga/OneDrive/Shared Folder/repo/ade9000/platform/imxrt1062/component/serial_manager/fsl_component_serial_manager.c:1737:25:SerialManager_WriteNonBlocking	24	static
/home/abolinaga/OneDrive/Shared Folder/repo/ade9000/platform/imxrt1062/component/serial_manager/fsl_component_serial_manager.c:1744:25:SerialManager_ReadNonBlocking	32	static
/home/abolinaga/OneDrive/Shared Folder/repo/ade9000/platform/imxrt1062/component/serial_manager/fsl_component_serial_manager.c:1759:25:SerialManager_CancelWriting	16	static
/home/abolinaga/OneDrive/Shared Folder/repo/ade9000/platform/imxrt1062/component/serial_manager/fsl_component_serial_manager.c:1612:25:SerialManager_CloseWriteHandle	16	static
/home/abolinaga/OneDrive/Shared Folder/repo/ade9000/platform/imxrt1062/component/serial_manager/fsl_component_serial_manager.c:1890:25:SerialManager_CancelReading	16	static
/home/abolinaga/OneDrive/Shared Folder/repo/ade9000/platform/imxrt1062/component/serial_manager/fsl_component_serial_manager.c:1927:25:SerialManager_TryRead	24	static
/home/abolinaga/OneDrive/Shared Folder/repo/ade9000/platform/imxrt1062/component/serial_manager/fsl_component_serial_manager.c:1937:25:SerialManager_InstallTxCallback	4	static
/home/abolinaga/OneDrive/Shared Folder/repo/ade9000/platform/imxrt1062/component/serial_manager/fsl_component_serial_manager.c:1955:25:SerialManager_InstallRxCallback	4	static
/home/abolinaga/OneDrive/Shared Folder/repo/ade9000/platform/imxrt1062/component/serial_manager/fsl_component_serial_manager.c:1974:25:SerialManager_EnterLowpower	0	static
/home/abolinaga/OneDrive/Shared Folder/repo/ade9000/platform/imxrt1062/component/serial_manager/fsl_component_serial_manager.c:2030:25:SerialManager_ExitLowpower	0	static
/home/abolinaga/OneDrive/Shared Folder/repo/ade9000/platform/imxrt1062/component/serial_manager/fsl_component_serial_manager.c:2094:6:SerialManager_SetLowpowerCriticalCb	0	static
