/home/abolinaga/OneDrive/Shared Folder/repo/ade9000/abstraction_layer/absl_debug_freertos.c:43:16:absl_debug_shell_handler	8	static
/home/abolinaga/OneDrive/Shared Folder/repo/ade9000/abstraction_layer/absl_debug_freertos.c:32:13:absl_debug_print_prompt_timeout	8	static
/home/abolinaga/OneDrive/Shared Folder/repo/ade9000/abstraction_layer/absl_debug_freertos.c:60:6:absl_debug_shell_init_freertos	48	static
/home/abolinaga/OneDrive/Shared Folder/repo/ade9000/abstraction_layer/absl_debug_freertos.c:71:6:absl_debug_shell_add_cmd_freertos	24	static
/home/abolinaga/OneDrive/Shared Folder/repo/ade9000/abstraction_layer/absl_debug_freertos.c:80:5:absl_debug_printf_freertos	24	static
/home/abolinaga/OneDrive/Shared Folder/repo/ade9000/abstraction_layer/absl_debug_freertos.c:110:10:absl_debug_shell_wait_commad_freertos	16	static
/home/abolinaga/OneDrive/Shared Folder/repo/ade9000/abstraction_layer/absl_debug_freertos.c:120:6:absl_debug_print_prompt_freertos	8	static
/home/abolinaga/OneDrive/Shared Folder/repo/ade9000/abstraction_layer/absl_debug_freertos.c:127:6:absl_debug_enable_prompt_freertos	0	static
/home/abolinaga/OneDrive/Shared Folder/repo/ade9000/abstraction_layer/absl_debug_freertos.c:132:6:absl_debug_disable_prompt_freertos	0	static
