/home/abolinaga/OneDrive/Shared Folder/repo/ade9000/abstraction_layer/absl_enet_event_imxrt10xx.c:19:13:enet1588_callback	32	static
/home/abolinaga/OneDrive/Shared Folder/repo/ade9000/abstraction_layer/absl_enet_event_imxrt10xx.c:41:6:absl_enet_event_init_imxrt10xx	24	static
/home/abolinaga/OneDrive/Shared Folder/repo/ade9000/abstraction_layer/absl_enet_event_imxrt10xx.c:53:6:absl_enet_event_enable_imxrt10xx	0	static
/home/abolinaga/OneDrive/Shared Folder/repo/ade9000/abstraction_layer/absl_enet_event_imxrt10xx.c:59:6:absl_enet_event_disable_imxrt10xx	0	static
/home/abolinaga/OneDrive/Shared Folder/repo/ade9000/abstraction_layer/absl_enet_event_imxrt10xx.c:64:6:absl_enet_event_get_event_time_imxrt10xx	0	static
/home/abolinaga/OneDrive/Shared Folder/repo/ade9000/abstraction_layer/absl_enet_event_imxrt10xx.c:69:10:absl_enet_event_get_event_time_ns_imxrt10xx	8	static
/home/abolinaga/OneDrive/Shared Folder/repo/ade9000/abstraction_layer/absl_enet_event_imxrt10xx.c:74:10:absl_enet_event_get_event_time_us_imxrt10xx	8	static
/home/abolinaga/OneDrive/Shared Folder/repo/ade9000/abstraction_layer/absl_enet_event_imxrt10xx.c:79:11:absl_enet_event_get_pointer_to_event_time_us_imxrt10xx	0	static
