/home/abolinaga/OneDrive/Shared Folder/repo/ade9000/abstraction_layer/absl_gpio_imxrt10xx.c:42:6:GPIO1_Combined_0_15_IRQHandler	8	static
/home/abolinaga/OneDrive/Shared Folder/repo/ade9000/abstraction_layer/absl_gpio_imxrt10xx.c:55:6:GPIO1_Combined_16_31_IRQHandler	8	static
/home/abolinaga/OneDrive/Shared Folder/repo/ade9000/abstraction_layer/absl_gpio_imxrt10xx.c:68:6:GPIO2_Combined_0_15_IRQHandler	8	static
/home/abolinaga/OneDrive/Shared Folder/repo/ade9000/abstraction_layer/absl_gpio_imxrt10xx.c:81:6:GPIO2_Combined_16_31_IRQHandler	8	static
/home/abolinaga/OneDrive/Shared Folder/repo/ade9000/abstraction_layer/absl_gpio_imxrt10xx.c:94:6:GPIO3_Combined_0_15_IRQHandler	8	static
/home/abolinaga/OneDrive/Shared Folder/repo/ade9000/abstraction_layer/absl_gpio_imxrt10xx.c:107:6:GPIO3_Combined_16_31_IRQHandler	8	static
/home/abolinaga/OneDrive/Shared Folder/repo/ade9000/abstraction_layer/absl_gpio_imxrt10xx.c:120:6:GPIO4_Combined_0_15_IRQHandler	8	static
/home/abolinaga/OneDrive/Shared Folder/repo/ade9000/abstraction_layer/absl_gpio_imxrt10xx.c:133:6:GPIO4_Combined_16_31_IRQHandler	8	static
/home/abolinaga/OneDrive/Shared Folder/repo/ade9000/abstraction_layer/absl_gpio_imxrt10xx.c:146:6:GPIO5_Combined_0_15_IRQHandler	8	static
/home/abolinaga/OneDrive/Shared Folder/repo/ade9000/abstraction_layer/absl_gpio_imxrt10xx.c:159:6:GPIO5_Combined_16_31_IRQHandler	8	static
/home/abolinaga/OneDrive/Shared Folder/repo/ade9000/abstraction_layer/absl_gpio_imxrt10xx.c:170:14:absl_gpio_init_imxrt10xx	24	static
/home/abolinaga/OneDrive/Shared Folder/repo/ade9000/abstraction_layer/absl_gpio_imxrt10xx.c:224:6:absl_gpio_on_imxrt10xx	0	static
/home/abolinaga/OneDrive/Shared Folder/repo/ade9000/abstraction_layer/absl_gpio_imxrt10xx.c:229:6:absl_gpio_off_imxrt10xx	0	static
/home/abolinaga/OneDrive/Shared Folder/repo/ade9000/abstraction_layer/absl_gpio_imxrt10xx.c:234:6:absl_gpio_toggle_imxrt10xx	0	static
/home/abolinaga/OneDrive/Shared Folder/repo/ade9000/abstraction_layer/absl_gpio_imxrt10xx.c:239:21:absl_gpio_get_imxrt10xx	8	static
