/home/abolinaga/OneDrive/Shared Folder/repo/ade9000/abstraction_layer/absl_json_cjson.c:5:14:absl_json_init_cjson	16	static
/home/abolinaga/OneDrive/Shared Folder/repo/ade9000/abstraction_layer/absl_json_cjson.c:24:14:absl_json_parse_cjson	8	static
/home/abolinaga/OneDrive/Shared Folder/repo/ade9000/abstraction_layer/absl_json_cjson.c:38:7:absl_json_get_buff_cjson	16	static
/home/abolinaga/OneDrive/Shared Folder/repo/ade9000/abstraction_layer/absl_json_cjson.c:49:7:absl_json_get_item_string_value_cjson	8	static
/home/abolinaga/OneDrive/Shared Folder/repo/ade9000/abstraction_layer/absl_json_cjson.c:62:18:absl_json_get_item_object_cjson	8	static
/home/abolinaga/OneDrive/Shared Folder/repo/ade9000/abstraction_layer/absl_json_cjson.c:71:10:absl_json_get_array_size_cjson	0	static
/home/abolinaga/OneDrive/Shared Folder/repo/ade9000/abstraction_layer/absl_json_cjson.c:76:18:absl_json_get_array_item_cjson	8	static
/home/abolinaga/OneDrive/Shared Folder/repo/ade9000/abstraction_layer/absl_json_cjson.c:85:18:absl_json_create_object_cjson	8	static
/home/abolinaga/OneDrive/Shared Folder/repo/ade9000/abstraction_layer/absl_json_cjson.c:94:18:absl_json_create_array_cjson	8	static
/home/abolinaga/OneDrive/Shared Folder/repo/ade9000/abstraction_layer/absl_json_cjson.c:103:18:absl_json_create_string_array_cjson	8	static
/home/abolinaga/OneDrive/Shared Folder/repo/ade9000/abstraction_layer/absl_json_cjson.c:112:6:absl_json_add_string_cjson	0	static
/home/abolinaga/OneDrive/Shared Folder/repo/ade9000/abstraction_layer/absl_json_cjson.c:117:6:absl_json_add_number_cjson	0	static
/home/abolinaga/OneDrive/Shared Folder/repo/ade9000/abstraction_layer/absl_json_cjson.c:122:6:absl_json_add_bool_cjson	0	static
/home/abolinaga/OneDrive/Shared Folder/repo/ade9000/abstraction_layer/absl_json_cjson.c:127:6:absl_json_add_item_cjson	0	static
/home/abolinaga/OneDrive/Shared Folder/repo/ade9000/abstraction_layer/absl_json_cjson.c:132:6:absl_json_add_item_to_array_cjson	0	static
/home/abolinaga/OneDrive/Shared Folder/repo/ade9000/abstraction_layer/absl_json_cjson.c:137:14:absl_json_free_cjson	8	static
/home/abolinaga/OneDrive/Shared Folder/repo/ade9000/abstraction_layer/absl_json_cjson.c:151:6:absl_json_delete_cjson	0	static
