/home/abolinaga/OneDrive/Shared Folder/repo/ade9000/abstraction_layer/absl_mqtt_freertos.c:292:13:absl_mqtt_connect_broker	24	static
/home/abolinaga/OneDrive/Shared Folder/repo/ade9000/abstraction_layer/absl_mqtt_freertos.c:319:13:absl_mqtt_connection_cb	24	static
/home/abolinaga/OneDrive/Shared Folder/repo/ade9000/abstraction_layer/absl_mqtt_freertos.c:408:13:absl_mqtt_incoming_data_cb	24	static
/home/abolinaga/OneDrive/Shared Folder/repo/ade9000/abstraction_layer/absl_mqtt_freertos.c:175:13:absl_mqtt_message_published_cb	0	static
/home/abolinaga/OneDrive/Shared Folder/repo/ade9000/abstraction_layer/absl_mqtt_freertos.c:452:13:absl_mqtt_topic_subscribed_cb	8	static
/home/abolinaga/OneDrive/Shared Folder/repo/ade9000/abstraction_layer/absl_mqtt_freertos.c:382:13:absl_mqtt_incoming_publish_cb	24	static
/home/abolinaga/OneDrive/Shared Folder/repo/ade9000/abstraction_layer/absl_mqtt_freertos.c:25:14:absl_mqtt_init_freertos	24	static
/home/abolinaga/OneDrive/Shared Folder/repo/ade9000/abstraction_layer/absl_mqtt_freertos.c:53:6:absl_mqtt_config_rx_event_freertos	4	static
/home/abolinaga/OneDrive/Shared Folder/repo/ade9000/abstraction_layer/absl_mqtt_freertos.c:66:14:absl_mqtt_create_freertos	8	static
/home/abolinaga/OneDrive/Shared Folder/repo/ade9000/abstraction_layer/absl_mqtt_freertos.c:82:14:absl_mqtt_connect_freertos	24	static
/home/abolinaga/OneDrive/Shared Folder/repo/ade9000/abstraction_layer/absl_mqtt_freertos.c:132:14:absl_mqtt_reconnect_freertos	24	static
/home/abolinaga/OneDrive/Shared Folder/repo/ade9000/abstraction_layer/absl_mqtt_freertos.c:167:6:absl_mqtt_disconnect_freertos	8	static
/home/abolinaga/OneDrive/Shared Folder/repo/ade9000/abstraction_layer/absl_mqtt_freertos.c:193:14:absl_mqtt_publish_freertos	56	static
/home/abolinaga/OneDrive/Shared Folder/repo/ade9000/abstraction_layer/absl_mqtt_freertos.c:245:7:absl_mqtt_get_last_topic_freertos	0	static
/home/abolinaga/OneDrive/Shared Folder/repo/ade9000/abstraction_layer/absl_mqtt_freertos.c:250:10:absl_mqtt_get_message_freertos	32	static
/home/abolinaga/OneDrive/Shared Folder/repo/ade9000/abstraction_layer/absl_mqtt_freertos.c:272:10:absl_mqtt_get_frame_freertos	16	static
/home/abolinaga/OneDrive/Shared Folder/repo/ade9000/abstraction_layer/absl_mqtt_freertos.c:287:10:absl_mqtt_get_last_topic_length_freertos	0	static
/home/abolinaga/OneDrive/Shared Folder/repo/ade9000/abstraction_layer/absl_mqtt_freertos.c:468:14:absl_mqtt_subscribe_topics_freertos	56	static
/home/abolinaga/OneDrive/Shared Folder/repo/ade9000/abstraction_layer/absl_mqtt_freertos.c:516:6:absl_mqtt_reset_freertos	16	static
/home/abolinaga/OneDrive/Shared Folder/repo/ade9000/abstraction_layer/absl_mqtt_freertos.c:521:7:absl_mqtt_get_ip_freertos	8	static
/home/abolinaga/OneDrive/Shared Folder/repo/ade9000/abstraction_layer/absl_mqtt_freertos.c:528:14:absl_mqtt_check_connection_freertos	8	static
