/home/abolinaga/OneDrive/Shared Folder/repo/ade9000/abstraction_layer/absl_phy_imxrt10xx.c:31:6:absl_phy_link_changed	16	static
/home/abolinaga/OneDrive/Shared Folder/repo/ade9000/abstraction_layer/absl_phy_imxrt10xx.c:238:20:absl_phy_set_default_ip_addresses	48	static
/home/abolinaga/OneDrive/Shared Folder/repo/ade9000/abstraction_layer/absl_phy_imxrt10xx.c:361:20:absl_phy_get_ip_from_dhcp_master	24	static
/home/abolinaga/OneDrive/Shared Folder/repo/ade9000/abstraction_layer/absl_phy_imxrt10xx.c:128:13:absl_phy_assign_ip_imxrt10xx	24	static
/home/abolinaga/OneDrive/Shared Folder/repo/ade9000/abstraction_layer/absl_phy_imxrt10xx.c:52:13:absl_phy_init_imxrt10xx	56	static
/home/abolinaga/OneDrive/Shared Folder/repo/ade9000/abstraction_layer/absl_phy_imxrt10xx.c:154:13:absl_phy_reassign_ip_imxrt10xx	16	static
/home/abolinaga/OneDrive/Shared Folder/repo/ade9000/abstraction_layer/absl_phy_imxrt10xx.c:173:13:absl_phy_check_link_imxrt10xx	24	static
/home/abolinaga/OneDrive/Shared Folder/repo/ade9000/abstraction_layer/absl_phy_imxrt10xx.c:208:13:absl_phy_check_link_state_imxrt10xx	0	static
/home/abolinaga/OneDrive/Shared Folder/repo/ade9000/abstraction_layer/absl_phy_imxrt10xx.c:220:11:absl_phy_get_object_imxrt10xx	0	static
/home/abolinaga/OneDrive/Shared Folder/repo/ade9000/abstraction_layer/absl_phy_imxrt10xx.c:225:9:absl_phy_get_init_phy_amount_imxrt10xx	0	static
/home/abolinaga/OneDrive/Shared Folder/repo/ade9000/abstraction_layer/absl_phy_imxrt10xx.c:230:6:absl_phy_set_link_down_event_imxrt10xx	0	static
