/home/abolinaga/OneDrive/Shared Folder/repo/ade9000/platform/imxrt1062/CMSIS/core_cm7.h:2165:34:__NVIC_SystemReset	0	static
/home/abolinaga/OneDrive/Shared Folder/repo/ade9000/abstraction_layer/absl_system_imxrt10xx.c:79:6:absl_system_cpu_load_calc_cb	8	static
/home/abolinaga/OneDrive/Shared Folder/repo/ade9000/abstraction_layer/absl_system_imxrt10xx.c:70:6:GPT2_IRQHandler	0	static
/home/abolinaga/OneDrive/Shared Folder/repo/ade9000/abstraction_layer/absl_system_imxrt10xx.c:96:6:absl_system_init_imxrt10xx	56	static
/home/abolinaga/OneDrive/Shared Folder/repo/ade9000/abstraction_layer/absl_system_imxrt10xx.c:125:6:absl_system_reboot_imxrt10xx	8	static
/home/abolinaga/OneDrive/Shared Folder/repo/ade9000/abstraction_layer/absl_system_imxrt10xx.c:132:6:absl_system_configure_timer_for_runtime_stats_freertos	24	static
/home/abolinaga/OneDrive/Shared Folder/repo/ade9000/abstraction_layer/absl_system_imxrt10xx.c:163:15:absl_get_runtime_counter_value_freertos	0	static
/home/abolinaga/OneDrive/Shared Folder/repo/ade9000/abstraction_layer/absl_system_imxrt10xx.c:168:7:absl_system_supervisor_get_CPU_load_imxrt10xx	0	static
/home/abolinaga/OneDrive/Shared Folder/repo/ade9000/abstraction_layer/absl_system_imxrt10xx.c:173:7:absl_system_supervisor_get_heap_usage_imxrt10xx	8	static
/home/abolinaga/OneDrive/Shared Folder/repo/ade9000/abstraction_layer/absl_system_imxrt10xx.c:180:19:absl_system_get_reset_reason_imxrt10xx	0	static
/home/abolinaga/OneDrive/Shared Folder/repo/ade9000/abstraction_layer/absl_system_imxrt10xx.c:226:6:absl_system_set_fwu_flag_imxrt10xx	0	static
/home/abolinaga/OneDrive/Shared Folder/repo/ade9000/abstraction_layer/absl_system_imxrt10xx.c:231:10:absl_system_get_fwu_flag_imxrt10xx	0	static
/home/abolinaga/OneDrive/Shared Folder/repo/ade9000/abstraction_layer/absl_system_imxrt10xx.c:236:6:absl_system_get_fwu_clear_flag_imxrt10xx	0	static
/home/abolinaga/OneDrive/Shared Folder/repo/ade9000/abstraction_layer/absl_system_imxrt10xx.c:241:6:absl_system_set_hf_error_flag_imxrt10xx	0	static
/home/abolinaga/OneDrive/Shared Folder/repo/ade9000/abstraction_layer/absl_system_imxrt10xx.c:246:10:absl_system_get_hf_error_flag_imxrt10xx	0	static
/home/abolinaga/OneDrive/Shared Folder/repo/ade9000/abstraction_layer/absl_system_imxrt10xx.c:255:10:absl_system_get_hf_info_flag_imxrt10xx	0	static
/home/abolinaga/OneDrive/Shared Folder/repo/ade9000/abstraction_layer/absl_system_imxrt10xx.c:264:6:SysTick_DelayTicks	0	static
/home/abolinaga/OneDrive/Shared Folder/repo/ade9000/abstraction_layer/absl_system_imxrt10xx.c:273:6:absl_hardfault_handler_imxrt10xx	8	static
/home/abolinaga/OneDrive/Shared Folder/repo/ade9000/abstraction_layer/absl_system_imxrt10xx.c:111:6:vApplicationStackOverflowHook	8	static
/home/abolinaga/OneDrive/Shared Folder/repo/ade9000/abstraction_layer/absl_system_imxrt10xx.c:119:6:vApplicationMallocFailedHook	8	static
/home/abolinaga/OneDrive/Shared Folder/repo/ade9000/abstraction_layer/absl_system_imxrt10xx.c:303:6:absl_hardfault_mem_man_imxrt10xx	8	static
/home/abolinaga/OneDrive/Shared Folder/repo/ade9000/abstraction_layer/absl_system_imxrt10xx.c:347:6:absl_hardfault_bus_imxrt10xx	8	static
/home/abolinaga/OneDrive/Shared Folder/repo/ade9000/abstraction_layer/absl_system_imxrt10xx.c:395:6:absl_hardfault_usage_imxrt10xx	8	static
