/home/abolinaga/OneDrive/Shared Folder/repo/ade9000/abstraction_layer/absl_socket_freertos.c:440:14:absl_socket_accept_tcp_freertos	0	static
/home/abolinaga/OneDrive/Shared Folder/repo/ade9000/abstraction_layer/absl_socket_freertos.c:500:14:absl_socket_poll_tcp_freertos	0	static
/home/abolinaga/OneDrive/Shared Folder/repo/ade9000/abstraction_layer/absl_socket_freertos.c:37:6:absl_socket_udp_rcv_cb	16	static
/home/abolinaga/OneDrive/Shared Folder/repo/ade9000/abstraction_layer/absl_socket_freertos.c:483:14:absl_socket_sent_tcp_freertos	8	static
/home/abolinaga/OneDrive/Shared Folder/repo/ade9000/abstraction_layer/absl_socket_freertos.c:452:14:absl_socket_receive_tcp_freertos	16	static
/home/abolinaga/OneDrive/Shared Folder/repo/ade9000/abstraction_layer/absl_socket_freertos.c:420:14:absl_socket_client_connected	16	static
/home/abolinaga/OneDrive/Shared Folder/repo/ade9000/abstraction_layer/absl_socket_freertos.c:508:13:absl_socket_error_freertos	8	static
/home/abolinaga/OneDrive/Shared Folder/repo/ade9000/abstraction_layer/absl_socket_freertos.c:53:16:absl_socket_init_freertos	16	static
/home/abolinaga/OneDrive/Shared Folder/repo/ade9000/abstraction_layer/absl_socket_freertos.c:78:16:absl_socket_create_freertos	16	static
/home/abolinaga/OneDrive/Shared Folder/repo/ade9000/abstraction_layer/absl_socket_freertos.c:152:16:absl_socket_bind_freertos	8	static
/home/abolinaga/OneDrive/Shared Folder/repo/ade9000/abstraction_layer/absl_socket_freertos.c:168:6:absl_socket_check_ip_freertos	16	static
/home/abolinaga/OneDrive/Shared Folder/repo/ade9000/abstraction_layer/absl_socket_freertos.c:187:16:absl_socket_connect_freertos	24	static
/home/abolinaga/OneDrive/Shared Folder/repo/ade9000/abstraction_layer/absl_socket_freertos.c:220:16:absl_socket_reconnect_freertos	24	static
/home/abolinaga/OneDrive/Shared Folder/repo/ade9000/abstraction_layer/absl_socket_freertos.c:247:6:absl_socket_tcp_close_freertos	8	static
/home/abolinaga/OneDrive/Shared Folder/repo/ade9000/abstraction_layer/absl_socket_freertos.c:267:16:absl_socket_receive_freertos	16	static
/home/abolinaga/OneDrive/Shared Folder/repo/ade9000/abstraction_layer/absl_socket_freertos.c:290:10:absl_socked_get_received_data_freertos	8	static
/home/abolinaga/OneDrive/Shared Folder/repo/ade9000/abstraction_layer/absl_socket_freertos.c:312:16:absl_socket_udp_transfer_freertos	24	static
/home/abolinaga/OneDrive/Shared Folder/repo/ade9000/abstraction_layer/absl_socket_freertos.c:336:16:absl_socket_tcp_transfer_freertos	16	static
/home/abolinaga/OneDrive/Shared Folder/repo/ade9000/abstraction_layer/absl_socket_freertos.c:371:10:absl_socket_get_remote_port_freertos	0	static
/home/abolinaga/OneDrive/Shared Folder/repo/ade9000/abstraction_layer/absl_socket_freertos.c:376:16:absl_socket_tcp_check_state_freertos	0	static
/home/abolinaga/OneDrive/Shared Folder/repo/ade9000/abstraction_layer/absl_socket_freertos.c:406:16:absl_socket_check_freertos	8	static
