/home/abolinaga/OneDrive/Shared Folder/repo/ade9000/abstraction_layer/absl_time_freertos.c:20:6:absl_time_init_freertos	0	static
/home/abolinaga/OneDrive/Shared Folder/repo/ade9000/abstraction_layer/absl_time_freertos.c:25:11:absl_time_gettime_freertos	24	static
/home/abolinaga/OneDrive/Shared Folder/repo/ade9000/abstraction_layer/absl_time_freertos.c:43:6:absl_time_settime_freertos	32	static
/home/abolinaga/OneDrive/Shared Folder/repo/ade9000/abstraction_layer/absl_time_freertos.c:56:10:absl_time_to_ms_freertos	24	static
/home/abolinaga/OneDrive/Shared Folder/repo/ade9000/abstraction_layer/absl_time_freertos.c:61:10:absl_time_to_us_freertos	24	static
/home/abolinaga/OneDrive/Shared Folder/repo/ade9000/abstraction_layer/absl_time_freertos.c:66:10:absl_time_to_ns_freertos	16	static
/home/abolinaga/OneDrive/Shared Folder/repo/ade9000/abstraction_layer/absl_time_freertos.c:71:11:absl_time_ms_to_time_freertos	16	static
/home/abolinaga/OneDrive/Shared Folder/repo/ade9000/abstraction_layer/absl_time_freertos.c:81:11:absl_time_us_to_time_freertos	16	static
/home/abolinaga/OneDrive/Shared Folder/repo/ade9000/abstraction_layer/absl_time_freertos.c:91:11:absl_time_ns_to_time_freertos	16	static
/home/abolinaga/OneDrive/Shared Folder/repo/ade9000/abstraction_layer/absl_time_freertos.c:101:11:absl_time_diff_freertos	16	static
/home/abolinaga/OneDrive/Shared Folder/repo/ade9000/abstraction_layer/absl_time_freertos.c:108:10:absl_time_diff_ns_freertos	24	static
/home/abolinaga/OneDrive/Shared Folder/repo/ade9000/abstraction_layer/absl_time_freertos.c:116:10:absl_time_diff_us_freertos	24	static
/home/abolinaga/OneDrive/Shared Folder/repo/ade9000/abstraction_layer/absl_time_freertos.c:121:10:absl_time_diff_ms_freertos	24	static
