/home/abolinaga/OneDrive/Shared Folder/repo/ade9000/abstraction_layer/absl_timer_freertos.c:12:13:absl_timer_freertos_callback	8	static
/home/abolinaga/OneDrive/Shared Folder/repo/ade9000/abstraction_layer/absl_timer_freertos.c:20:15:absl_timer_create_freertos	32	static
/home/abolinaga/OneDrive/Shared Folder/repo/ade9000/abstraction_layer/absl_timer_freertos.c:47:6:absl_timer_start_freertos	16	static
/home/abolinaga/OneDrive/Shared Folder/repo/ade9000/abstraction_layer/absl_timer_freertos.c:52:6:absl_timer_stop_freertos	16	static
/home/abolinaga/OneDrive/Shared Folder/repo/ade9000/abstraction_layer/absl_timer_freertos.c:57:6:absl_timer_change_freertos	24	static
