/home/abolinaga/OneDrive/Shared Folder/repo/ade9000/platform/OS/lwip/src/core/ipv4/dhcp.c:1885:1:dhcp_option_vendor_class_identifier	40	static
/home/abolinaga/OneDrive/Shared Folder/repo/ade9000/platform/OS/lwip/src/core/ipv4/dhcp.c:2328:1:dhcp_create_msg	32	static
/home/abolinaga/OneDrive/Shared Folder/repo/ade9000/platform/OS/lwip/src/core/ipv4/dhcp.c:1281:1:dhcp_bind	24	static
/home/abolinaga/OneDrive/Shared Folder/repo/ade9000/platform/OS/lwip/src/core/ipv4/dhcp.c:285:1:dhcp_inc_pcb_refcount	16	static
/home/abolinaga/OneDrive/Shared Folder/repo/ade9000/platform/OS/lwip/src/core/ipv4/dhcp.c:754:1:dhcp_handle_ack	40	static
/home/abolinaga/OneDrive/Shared Folder/repo/ade9000/platform/OS/lwip/src/core/ipv4/dhcp.c:1564:1:dhcp_reboot.isra	64	static
/home/abolinaga/OneDrive/Shared Folder/repo/ade9000/platform/OS/lwip/src/core/ipv4/dhcp.c:1205:1:dhcp_discover	64	static
/home/abolinaga/OneDrive/Shared Folder/repo/ade9000/platform/OS/lwip/src/core/ipv4/dhcp.c:455:1:dhcp_select.isra	64	static
/home/abolinaga/OneDrive/Shared Folder/repo/ade9000/platform/OS/lwip/src/core/ipv4/dhcp.c:2208:1:dhcp_recv	88	static
/home/abolinaga/OneDrive/Shared Folder/repo/ade9000/platform/OS/lwip/src/core/ipv4/dhcp.c:866:1:dhcp_set_struct	16	static
/home/abolinaga/OneDrive/Shared Folder/repo/ade9000/platform/OS/lwip/src/core/ipv4/dhcp.c:888:6:dhcp_cleanup	8	static
/home/abolinaga/OneDrive/Shared Folder/repo/ade9000/platform/OS/lwip/src/core/ipv4/dhcp.c:907:6:dhcp_set_cb	0	static
/home/abolinaga/OneDrive/Shared Folder/repo/ade9000/platform/OS/lwip/src/core/ipv4/dhcp.c:1028:1:dhcp_inform	120	static
/home/abolinaga/OneDrive/Shared Folder/repo/ade9000/platform/OS/lwip/src/core/ipv4/dhcp.c:1072:1:dhcp_network_changed	16	static
/home/abolinaga/OneDrive/Shared Folder/repo/ade9000/platform/OS/lwip/src/core/ipv4/dhcp.c:1117:1:dhcp_arp_reply	64	static
/home/abolinaga/OneDrive/Shared Folder/repo/ade9000/platform/OS/lwip/src/core/ipv4/dhcp.c:1436:1:dhcp_renew	64	static
/home/abolinaga/OneDrive/Shared Folder/repo/ade9000/platform/OS/lwip/src/core/ipv4/dhcp.c:1631:1:dhcp_release_and_stop	64	static
/home/abolinaga/OneDrive/Shared Folder/repo/ade9000/platform/OS/lwip/src/core/ipv4/dhcp.c:938:1:dhcp_start	24	static
/home/abolinaga/OneDrive/Shared Folder/repo/ade9000/platform/OS/lwip/src/core/ipv4/dhcp.c:545:1:dhcp_coarse_tmr	72	static
/home/abolinaga/OneDrive/Shared Folder/repo/ade9000/platform/OS/lwip/src/core/ipv4/dhcp.c:587:1:dhcp_fine_tmr	24	static
/home/abolinaga/OneDrive/Shared Folder/repo/ade9000/platform/OS/lwip/src/core/ipv4/dhcp.c:324:6:dhcp_fine_timeout_cb	0	static
/home/abolinaga/OneDrive/Shared Folder/repo/ade9000/platform/OS/lwip/src/core/ipv4/dhcp.c:1723:1:dhcp_release	8	static
/home/abolinaga/OneDrive/Shared Folder/repo/ade9000/platform/OS/lwip/src/core/ipv4/dhcp.c:1735:1:dhcp_stop	0	static
/home/abolinaga/OneDrive/Shared Folder/repo/ade9000/platform/OS/lwip/src/core/ipv4/dhcp.c:1844:1:dhcp_set_vendor_class_identifier	24	static
/home/abolinaga/OneDrive/Shared Folder/repo/ade9000/platform/OS/lwip/src/core/ipv4/dhcp.c:1869:1:dhcp_get_vendor_specific_information	8	static
/home/abolinaga/OneDrive/Shared Folder/repo/ade9000/platform/OS/lwip/src/core/ipv4/dhcp.c:2434:1:dhcp_supplied_address	0	static
