/home/abolinaga/OneDrive/Shared Folder/repo/ade9000/platform/OS/lwip/src/core/ipv4/etharp.c:272:1:etharp_find_entry	48	static
/home/abolinaga/OneDrive/Shared Folder/repo/ade9000/platform/OS/lwip/src/core/ipv4/etharp.c:1125:1:etharp_raw	40	static
/home/abolinaga/OneDrive/Shared Folder/repo/ade9000/platform/OS/lwip/src/core/ipv4/etharp.c:764:1:etharp_output_to_arp_index	48	static
/home/abolinaga/OneDrive/Shared Folder/repo/ade9000/platform/OS/lwip/src/core/ipv4/etharp.c:142:6:garp_tmr	32	static
/home/abolinaga/OneDrive/Shared Folder/repo/ade9000/platform/OS/lwip/src/core/ipv4/etharp.c:213:1:etharp_tmr	40	static
/home/abolinaga/OneDrive/Shared Folder/repo/ade9000/platform/OS/lwip/src/core/ipv4/etharp.c:575:1:etharp_cleanup_netif	16	static
/home/abolinaga/OneDrive/Shared Folder/repo/ade9000/platform/OS/lwip/src/core/ipv4/etharp.c:599:1:etharp_find_addr	24	static
/home/abolinaga/OneDrive/Shared Folder/repo/ade9000/platform/OS/lwip/src/core/ipv4/etharp.c:628:1:etharp_get_entry	24	static
/home/abolinaga/OneDrive/Shared Folder/repo/ade9000/platform/OS/lwip/src/core/ipv4/etharp.c:657:1:etharp_input	72	static
/home/abolinaga/OneDrive/Shared Folder/repo/ade9000/platform/OS/lwip/src/core/ipv4/etharp.c:949:1:etharp_query	56	static
/home/abolinaga/OneDrive/Shared Folder/repo/ade9000/platform/OS/lwip/src/core/ipv4/etharp.c:807:1:etharp_output	40	static
/home/abolinaga/OneDrive/Shared Folder/repo/ade9000/platform/OS/lwip/src/core/ipv4/etharp.c:1222:1:etharp_request	24	static
