/home/abolinaga/OneDrive/Shared Folder/repo/ade9000/platform/OS/lwip/src/core/ipv4/ip4_frag.c:751:1:ipfrag_free_pbuf_custom	8	static
/home/abolinaga/OneDrive/Shared Folder/repo/ade9000/platform/OS/lwip/src/core/ipv4/ip4_frag.c:194:1:ip_reass_free_complete_datagram	32	static
/home/abolinaga/OneDrive/Shared Folder/repo/ade9000/platform/OS/lwip/src/core/ipv4/ip4_frag.c:257:1:ip_reass_remove_oldest_datagram	32	static
/home/abolinaga/OneDrive/Shared Folder/repo/ade9000/platform/OS/lwip/src/core/ipv4/ip4_frag.c:131:13:ip_reass_timeout_cb	16	static
/home/abolinaga/OneDrive/Shared Folder/repo/ade9000/platform/OS/lwip/src/core/ipv4/ip4_frag.c:144:1:ip_reass_tmr	16	static
/home/abolinaga/OneDrive/Shared Folder/repo/ade9000/platform/OS/lwip/src/core/ipv4/ip4_frag.c:533:1:ip4_reass	56	static
/home/abolinaga/OneDrive/Shared Folder/repo/ade9000/platform/OS/lwip/src/core/ipv4/ip4_frag.c:776:1:ip4_frag	88	static
