/home/abolinaga/OneDrive/Shared Folder/repo/ade9000/data_extractor/sensors/ade9000/ade9000.c:1598:14:ade9000_read_register	16	static
/home/abolinaga/OneDrive/Shared Folder/repo/ade9000/data_extractor/sensors/ade9000/ade9000.c:1685:14:ade9000_write_register	32	static
/home/abolinaga/OneDrive/Shared Folder/repo/ade9000/data_extractor/sensors/ade9000/ade9000.c:1923:7:ade9000_calc_fft	40	static
/home/abolinaga/OneDrive/Shared Folder/repo/ade9000/data_extractor/sensors/ade9000/ade9000.c:1881:15:ade9000_calc_s_pwr	24	static
/home/abolinaga/OneDrive/Shared Folder/repo/ade9000/data_extractor/sensors/ade9000/ade9000.c:365:7:ade9000_slow_vars_call	48	static
/home/abolinaga/OneDrive/Shared Folder/repo/ade9000/data_extractor/sensors/ade9000/ade9000.c:1546:14:ade9000_coeficients	56	static
/home/abolinaga/OneDrive/Shared Folder/repo/ade9000/data_extractor/sensors/ade9000/ade9000.c:1091:14:ade9000_configuration	96	static
/home/abolinaga/OneDrive/Shared Folder/repo/ade9000/data_extractor/sensors/ade9000/ade9000.c:391:7:ade9000_init	72	static
/home/abolinaga/OneDrive/Shared Folder/repo/ade9000/data_extractor/sensors/ade9000/ade9000.c:453:7:ade9000_set_i_buff_position	0	static
/home/abolinaga/OneDrive/Shared Folder/repo/ade9000/data_extractor/sensors/ade9000/ade9000.c:458:7:ade9000_set_v_buff_position	0	static
/home/abolinaga/OneDrive/Shared Folder/repo/ade9000/data_extractor/sensors/ade9000/ade9000.c:463:7:ade9000_set_s_buff_position	0	static
/home/abolinaga/OneDrive/Shared Folder/repo/ade9000/data_extractor/sensors/ade9000/ade9000.c:468:7:ade9000_set_p_buff_position	0	static
/home/abolinaga/OneDrive/Shared Folder/repo/ade9000/data_extractor/sensors/ade9000/ade9000.c:473:7:ade9000_set_q_buff_position	0	static
/home/abolinaga/OneDrive/Shared Folder/repo/ade9000/data_extractor/sensors/ade9000/ade9000.c:479:7:ade9000_reboot	8	static
/home/abolinaga/OneDrive/Shared Folder/repo/ade9000/data_extractor/sensors/ade9000/ade9000.c:486:7:ade9000_startup	72	static
/home/abolinaga/OneDrive/Shared Folder/repo/ade9000/data_extractor/sensors/ade9000/ade9000.c:517:7:ade9000_configure	64	static
/home/abolinaga/OneDrive/Shared Folder/repo/ade9000/data_extractor/sensors/ade9000/ade9000.c:549:7:ade9000_continue_obtaining_fast	24	static
/home/abolinaga/OneDrive/Shared Folder/repo/ade9000/data_extractor/sensors/ade9000/ade9000.c:559:7:ade9000_continue_obtaining_slow	56	static
/home/abolinaga/OneDrive/Shared Folder/repo/ade9000/data_extractor/sensors/ade9000/ade9000.c:580:7:ade9000_read_waveform	128	static
/home/abolinaga/OneDrive/Shared Folder/repo/ade9000/data_extractor/sensors/ade9000/ade9000.c:635:7:ade9000_clear_waveform	24	static
/home/abolinaga/OneDrive/Shared Folder/repo/ade9000/data_extractor/sensors/ade9000/ade9000.c:650:7:ade9000_read_slow_variables	80	static
/home/abolinaga/OneDrive/Shared Folder/repo/ade9000/data_extractor/sensors/ade9000/ade9000.c:742:7:ade9000_clear_slow_vars	0	static
/home/abolinaga/OneDrive/Shared Folder/repo/ade9000/data_extractor/sensors/ade9000/ade9000.c:749:12:ade9000_get_event_time	32	static
/home/abolinaga/OneDrive/Shared Folder/repo/ade9000/data_extractor/sensors/ade9000/ade9000.c:758:11:ade9000_get_event_time_ns	0	static
/home/abolinaga/OneDrive/Shared Folder/repo/ade9000/data_extractor/sensors/ade9000/ade9000.c:2126:7:ade9000_calc_i	8	static
/home/abolinaga/OneDrive/Shared Folder/repo/ade9000/data_extractor/sensors/ade9000/ade9000.c:2131:7:ade9000_calc_v	8	static
/home/abolinaga/OneDrive/Shared Folder/repo/ade9000/data_extractor/sensors/ade9000/ade9000.c:2136:7:ade9000_calc_v_i	8	static
/home/abolinaga/OneDrive/Shared Folder/repo/ade9000/data_extractor/sensors/ade9000/ade9000.c:2142:7:ade9000_calc_s	16	static
/home/abolinaga/OneDrive/Shared Folder/repo/ade9000/data_extractor/sensors/ade9000/ade9000.c:2152:7:ade9000_calc_i_s	8	static
/home/abolinaga/OneDrive/Shared Folder/repo/ade9000/data_extractor/sensors/ade9000/ade9000.c:2161:7:ade9000_calc_v_s	8	static
/home/abolinaga/OneDrive/Shared Folder/repo/ade9000/data_extractor/sensors/ade9000/ade9000.c:2170:7:ade9000_calc_v_i_s	16	static
/home/abolinaga/OneDrive/Shared Folder/repo/ade9000/data_extractor/sensors/ade9000/ade9000.c:2178:7:ade9000_calc_powers	8	static
/home/abolinaga/OneDrive/Shared Folder/repo/ade9000/data_extractor/sensors/ade9000/ade9000.c:2191:7:ade9000_calc_i_powers	8	static
/home/abolinaga/OneDrive/Shared Folder/repo/ade9000/data_extractor/sensors/ade9000/ade9000.c:2201:7:ade9000_calc_v_powers	12	static
/home/abolinaga/OneDrive/Shared Folder/repo/ade9000/data_extractor/sensors/ade9000/ade9000.c:2211:7:ade9000_calc_v_i_powers	16	static
