/home/abolinaga/OneDrive/Shared Folder/repo/ade9000/platform/OS/lwip/src/apps/mqtt/mqtt.c:234:1:mqtt_output_send	24	static
/home/abolinaga/OneDrive/Shared Folder/repo/ade9000/platform/OS/lwip/src/apps/mqtt/mqtt.c:537:1:mqtt_close	16	static
/home/abolinaga/OneDrive/Shared Folder/repo/ade9000/platform/OS/lwip/src/apps/mqtt/mqtt.c:1051:1:mqtt_tcp_connect_cb	16	static
/home/abolinaga/OneDrive/Shared Folder/repo/ade9000/platform/OS/lwip/src/apps/mqtt/mqtt.c:576:1:mqtt_cyclic_timer	16	static
/home/abolinaga/OneDrive/Shared Folder/repo/ade9000/platform/OS/lwip/src/apps/mqtt/mqtt.c:983:1:mqtt_tcp_sent_cb	16	static
/home/abolinaga/OneDrive/Shared Folder/repo/ade9000/platform/OS/lwip/src/apps/mqtt/mqtt.c:634:1:pub_ack_rec_rel_response.isra	12	static
/home/abolinaga/OneDrive/Shared Folder/repo/ade9000/platform/OS/lwip/src/apps/mqtt/mqtt.c:671:1:mqtt_message_received	48	static
/home/abolinaga/OneDrive/Shared Folder/repo/ade9000/platform/OS/lwip/src/apps/mqtt/mqtt.c:939:1:mqtt_tcp_recv_cb	56	static
/home/abolinaga/OneDrive/Shared Folder/repo/ade9000/platform/OS/lwip/src/apps/mqtt/mqtt.c:1016:1:mqtt_tcp_err_cb	16	static
/home/abolinaga/OneDrive/Shared Folder/repo/ade9000/platform/OS/lwip/src/apps/mqtt/mqtt.c:1034:1:mqtt_tcp_poll_cb	24	static
/home/abolinaga/OneDrive/Shared Folder/repo/ade9000/platform/OS/lwip/src/apps/mqtt/mqtt.c:1104:1:mqtt_publish	56	static
/home/abolinaga/OneDrive/Shared Folder/repo/ade9000/platform/OS/lwip/src/apps/mqtt/mqtt.c:1180:1:mqtt_sub_unsub	48	static
/home/abolinaga/OneDrive/Shared Folder/repo/ade9000/platform/OS/lwip/src/apps/mqtt/mqtt.c:1245:1:mqtt_set_inpub_callback	24	static
/home/abolinaga/OneDrive/Shared Folder/repo/ade9000/platform/OS/lwip/src/apps/mqtt/mqtt.c:1261:1:mqtt_client_new	8	static
/home/abolinaga/OneDrive/Shared Folder/repo/ade9000/platform/OS/lwip/src/apps/mqtt/mqtt.c:1273:1:mqtt_client_free	0	static
/home/abolinaga/OneDrive/Shared Folder/repo/ade9000/platform/OS/lwip/src/apps/mqtt/mqtt.c:1290:1:mqtt_client_connect	64	static
/home/abolinaga/OneDrive/Shared Folder/repo/ade9000/platform/OS/lwip/src/apps/mqtt/mqtt.c:1454:1:mqtt_disconnect	8	static
/home/abolinaga/OneDrive/Shared Folder/repo/ade9000/platform/OS/lwip/src/apps/mqtt/mqtt.c:1473:1:mqtt_client_is_connected	8	static
