/home/abolinaga/OneDrive/Shared Folder/repo/ade9000/platform/OS/sfw/ota_bootloader_supp.c:134:6:crc32_update.part.0	8	static
/home/abolinaga/OneDrive/Shared Folder/repo/ade9000/platform/OS/sfw/ota_bootloader_supp.c:126:6:crc32_init	0	static
/home/abolinaga/OneDrive/Shared Folder/repo/ade9000/platform/OS/sfw/ota_bootloader_supp.c:134:6:crc32_update	16	static
/home/abolinaga/OneDrive/Shared Folder/repo/ade9000/platform/OS/sfw/ota_bootloader_supp.c:150:6:crc32_finalize	8	static
/home/abolinaga/OneDrive/Shared Folder/repo/ade9000/platform/OS/sfw/ota_bootloader_supp.c:170:10:bl_crc32	8	static
/home/abolinaga/OneDrive/Shared Folder/repo/ade9000/platform/OS/sfw/ota_bootloader_supp.c:182:9:bl_verify_image	8	static
/home/abolinaga/OneDrive/Shared Folder/repo/ade9000/platform/OS/sfw/ota_bootloader_supp.c:221:10:bl_api_version	0	static
/home/abolinaga/OneDrive/Shared Folder/repo/ade9000/platform/OS/sfw/ota_bootloader_supp.c:226:6:bl_set_flash_driver_if	0	static
/home/abolinaga/OneDrive/Shared Folder/repo/ade9000/platform/OS/sfw/ota_bootloader_supp.c:231:10:bl_get_update_partition_info	0	static
/home/abolinaga/OneDrive/Shared Folder/repo/ade9000/platform/OS/sfw/ota_bootloader_supp.c:241:10:bl_update_image_state	8	static
/home/abolinaga/OneDrive/Shared Folder/repo/ade9000/platform/OS/sfw/ota_bootloader_supp.c:262:10:bl_get_image_state	0	static
/home/abolinaga/OneDrive/Shared Folder/repo/ade9000/platform/OS/sfw/ota_bootloader_supp.c:272:10:bl_update_partition_table	4	static
