/home/abolinaga/OneDrive/Shared Folder/repo/ade9000/platform/imxrt1062/drivers/fsl_lpspi.c:2187:13:LPSPI_SeparateReadData	8	static
/home/abolinaga/OneDrive/Shared Folder/repo/ade9000/platform/imxrt1062/drivers/fsl_clock.h:1496:20:CLOCK_ControlGate.part.0	8	static
/home/abolinaga/OneDrive/Shared Folder/repo/ade9000/platform/imxrt1062/drivers/fsl_lpspi.c:1471:13:LPSPI_MasterTransferComplete.part.0	8	static
/home/abolinaga/OneDrive/Shared Folder/repo/ade9000/platform/imxrt1062/drivers/fsl_lpspi.c:1893:13:LPSPI_SlaveTransferComplete.part.0	8	static
/home/abolinaga/OneDrive/Shared Folder/repo/ade9000/platform/imxrt1062/drivers/fsl_lpspi.c:218:10:LPSPI_GetInstance.part.0	8	static
/home/abolinaga/OneDrive/Shared Folder/repo/ade9000/platform/imxrt1062/drivers/fsl_lpspi.c:608:6:LPSPI_MasterSetDelayScaler.part.0	8	static
/home/abolinaga/OneDrive/Shared Folder/repo/ade9000/platform/imxrt1062/drivers/fsl_lpspi.c:1403:13:LPSPI_MasterTransferFillUpTxFifo	16	static
/home/abolinaga/OneDrive/Shared Folder/repo/ade9000/platform/imxrt1062/drivers/fsl_lpspi.c:1991:6:LPSPI_SlaveTransferHandleIRQ	24	static
/home/abolinaga/OneDrive/Shared Folder/repo/ade9000/platform/imxrt1062/drivers/fsl_lpspi.c:1558:6:LPSPI_MasterTransferHandleIRQ	16	static
/home/abolinaga/OneDrive/Shared Folder/repo/ade9000/platform/imxrt1062/drivers/fsl_lpspi.c:218:10:LPSPI_GetInstance	8	static
/home/abolinaga/OneDrive/Shared Folder/repo/ade9000/platform/imxrt1062/drivers/fsl_lpspi.c:246:6:LPSPI_SetDummyData	8	static
/home/abolinaga/OneDrive/Shared Folder/repo/ade9000/platform/imxrt1062/drivers/fsl_lpspi.c:259:6:LPSPI_MasterInit	64	static
/home/abolinaga/OneDrive/Shared Folder/repo/ade9000/platform/imxrt1062/drivers/fsl_lpspi.c:323:6:LPSPI_MasterGetDefaultConfig	8	static
/home/abolinaga/OneDrive/Shared Folder/repo/ade9000/platform/imxrt1062/drivers/fsl_lpspi.c:355:6:LPSPI_SlaveInit	16	static
/home/abolinaga/OneDrive/Shared Folder/repo/ade9000/platform/imxrt1062/drivers/fsl_lpspi.c:402:6:LPSPI_SlaveGetDefaultConfig	8	static
/home/abolinaga/OneDrive/Shared Folder/repo/ade9000/platform/imxrt1062/drivers/fsl_lpspi.c:427:6:LPSPI_Reset	0	static
/home/abolinaga/OneDrive/Shared Folder/repo/ade9000/platform/imxrt1062/drivers/fsl_lpspi.c:443:6:LPSPI_Deinit	8	static
/home/abolinaga/OneDrive/Shared Folder/repo/ade9000/platform/imxrt1062/drivers/fsl_lpspi.c:496:10:LPSPI_MasterSetBaudRate	48	static
/home/abolinaga/OneDrive/Shared Folder/repo/ade9000/platform/imxrt1062/drivers/fsl_lpspi.c:608:6:LPSPI_MasterSetDelayScaler	8	static
/home/abolinaga/OneDrive/Shared Folder/repo/ade9000/platform/imxrt1062/drivers/fsl_lpspi.c:681:10:LPSPI_MasterSetDelayTimes	56	static
/home/abolinaga/OneDrive/Shared Folder/repo/ade9000/platform/imxrt1062/drivers/fsl_lpspi.c:804:6:LPSPI_MasterTransferCreateHandle	24	static
/home/abolinaga/OneDrive/Shared Folder/repo/ade9000/platform/imxrt1062/drivers/fsl_lpspi.c:831:6:LPSPI_CheckTransferArgument	24	static
/home/abolinaga/OneDrive/Shared Folder/repo/ade9000/platform/imxrt1062/drivers/fsl_lpspi.c:1098:10:LPSPI_MasterTransferBlocking	64	static
/home/abolinaga/OneDrive/Shared Folder/repo/ade9000/platform/imxrt1062/drivers/fsl_lpspi.c:1226:10:LPSPI_MasterTransferNonBlocking	24	static
/home/abolinaga/OneDrive/Shared Folder/repo/ade9000/platform/imxrt1062/drivers/fsl_lpspi.c:1496:10:LPSPI_MasterTransferGetCount	8	static
/home/abolinaga/OneDrive/Shared Folder/repo/ade9000/platform/imxrt1062/drivers/fsl_lpspi.c:1536:6:LPSPI_MasterTransferAbort	8	static
/home/abolinaga/OneDrive/Shared Folder/repo/ade9000/platform/imxrt1062/drivers/fsl_lpspi.c:1690:6:LPSPI_SlaveTransferCreateHandle	24	static
/home/abolinaga/OneDrive/Shared Folder/repo/ade9000/platform/imxrt1062/drivers/fsl_lpspi.c:1726:10:LPSPI_SlaveTransferNonBlocking	24	static
/home/abolinaga/OneDrive/Shared Folder/repo/ade9000/platform/imxrt1062/drivers/fsl_lpspi.c:1929:10:LPSPI_SlaveTransferGetCount	8	static
/home/abolinaga/OneDrive/Shared Folder/repo/ade9000/platform/imxrt1062/drivers/fsl_lpspi.c:1969:6:LPSPI_SlaveTransferAbort	8	static
/home/abolinaga/OneDrive/Shared Folder/repo/ade9000/platform/imxrt1062/drivers/fsl_lpspi.c:2310:6:LPSPI1_DriverIRQHandler	8	static
/home/abolinaga/OneDrive/Shared Folder/repo/ade9000/platform/imxrt1062/drivers/fsl_lpspi.c:2319:6:LPSPI2_DriverIRQHandler	8	static
/home/abolinaga/OneDrive/Shared Folder/repo/ade9000/platform/imxrt1062/drivers/fsl_lpspi.c:2328:6:LPSPI3_DriverIRQHandler	8	static
/home/abolinaga/OneDrive/Shared Folder/repo/ade9000/platform/imxrt1062/drivers/fsl_lpspi.c:2337:6:LPSPI4_DriverIRQHandler	8	static
