/home/abolinaga/OneDrive/Shared Folder/repo/ade9000/platform/imxrt1062/drivers/fsl_lpspi_edma.c:75:13:LPSPI_SeparateEdmaReadData	8	static
/home/abolinaga/OneDrive/Shared Folder/repo/ade9000/platform/imxrt1062/drivers/fsl_lpspi_edma.c:521:13:EDMA_LpspiMasterCallback	16	static
/home/abolinaga/OneDrive/Shared Folder/repo/ade9000/platform/imxrt1062/drivers/fsl_lpspi_edma.c:954:13:EDMA_LpspiSlaveCallback	16	static
/home/abolinaga/OneDrive/Shared Folder/repo/ade9000/platform/imxrt1062/drivers/fsl_lpspi_edma.c:149:6:LPSPI_MasterTransferCreateHandleEDMA	32	static
/home/abolinaga/OneDrive/Shared Folder/repo/ade9000/platform/imxrt1062/drivers/fsl_lpspi_edma.c:201:10:LPSPI_MasterTransferEDMA	96	static
/home/abolinaga/OneDrive/Shared Folder/repo/ade9000/platform/imxrt1062/drivers/fsl_lpspi_edma.c:572:6:LPSPI_MasterTransferAbortEDMA	8	static
/home/abolinaga/OneDrive/Shared Folder/repo/ade9000/platform/imxrt1062/drivers/fsl_lpspi_edma.c:594:10:LPSPI_MasterTransferGetCountEDMA	16	static
/home/abolinaga/OneDrive/Shared Folder/repo/ade9000/platform/imxrt1062/drivers/fsl_lpspi_edma.c:641:6:LPSPI_SlaveTransferCreateHandleEDMA	32	static
/home/abolinaga/OneDrive/Shared Folder/repo/ade9000/platform/imxrt1062/drivers/fsl_lpspi_edma.c:684:10:LPSPI_SlaveTransferEDMA	80	static
/home/abolinaga/OneDrive/Shared Folder/repo/ade9000/platform/imxrt1062/drivers/fsl_lpspi_edma.c:1005:6:LPSPI_SlaveTransferAbortEDMA	8	static
/home/abolinaga/OneDrive/Shared Folder/repo/ade9000/platform/imxrt1062/drivers/fsl_lpspi_edma.c:1027:10:LPSPI_SlaveTransferGetCountEDMA	16	static
