/home/abolinaga/OneDrive/Shared Folder/repo/ade9000/platform/imxrt1062/drivers/fsl_gpt.c:33:17:GPT_GetInstance.part.0	8	static
/home/abolinaga/OneDrive/Shared Folder/repo/ade9000/platform/imxrt1062/drivers/fsl_clock.h:1496:20:CLOCK_ControlGate.part.0	8	static
/home/abolinaga/OneDrive/Shared Folder/repo/ade9000/platform/imxrt1062/drivers/fsl_gpt.c:58:6:GPT_Init	8	static
/home/abolinaga/OneDrive/Shared Folder/repo/ade9000/platform/imxrt1062/drivers/fsl_gpt.c:85:6:GPT_Deinit	8	static
/home/abolinaga/OneDrive/Shared Folder/repo/ade9000/platform/imxrt1062/drivers/fsl_gpt.c:112:6:GPT_GetDefaultConfig	8	static
