/home/abolinaga/OneDrive/Shared Folder/repo/ade9000/platform/imxrt1062/drivers/fsl_dcp.c:216:17:dcp_schedule_work	40	static
/home/abolinaga/OneDrive/Shared Folder/repo/ade9000/platform/imxrt1062/drivers/fsl_common_arm.h:717:24:DisableGlobalIRQ	0	static
/home/abolinaga/OneDrive/Shared Folder/repo/ade9000/platform/imxrt1062/drivers/fsl_common_arm.h:743:20:EnableGlobalIRQ	0	static
/home/abolinaga/OneDrive/Shared Folder/repo/ade9000/platform/imxrt1062/drivers/fsl_dcp.c:316:10:DCP_AES_SetKey	4	static
/home/abolinaga/OneDrive/Shared Folder/repo/ade9000/platform/imxrt1062/drivers/fsl_dcp.c:421:10:DCP_AES_EncryptEcbNonBlocking	12	static
/home/abolinaga/OneDrive/Shared Folder/repo/ade9000/platform/imxrt1062/drivers/fsl_dcp.c:519:10:DCP_AES_DecryptEcbNonBlocking	12	static
/home/abolinaga/OneDrive/Shared Folder/repo/ade9000/platform/imxrt1062/drivers/fsl_dcp.c:622:10:DCP_AES_EncryptCbcNonBlocking	16	static
/home/abolinaga/OneDrive/Shared Folder/repo/ade9000/platform/imxrt1062/drivers/fsl_dcp.c:733:10:DCP_AES_DecryptCbcNonBlocking	16	static
/home/abolinaga/OneDrive/Shared Folder/repo/ade9000/platform/imxrt1062/drivers/fsl_dcp.c:795:6:DCP_GetDefaultConfig	8	static
/home/abolinaga/OneDrive/Shared Folder/repo/ade9000/platform/imxrt1062/drivers/fsl_dcp.c:820:6:DCP_Init	4	static
/home/abolinaga/OneDrive/Shared Folder/repo/ade9000/platform/imxrt1062/drivers/fsl_dcp.c:852:6:DCP_Deinit	8	static
/home/abolinaga/OneDrive/Shared Folder/repo/ade9000/platform/imxrt1062/drivers/fsl_dcp.c:872:10:DCP_WaitForChannelComplete	0	static
/home/abolinaga/OneDrive/Shared Folder/repo/ade9000/platform/imxrt1062/drivers/fsl_dcp.c:379:10:DCP_AES_EncryptEcb	96	static
/home/abolinaga/OneDrive/Shared Folder/repo/ade9000/platform/imxrt1062/drivers/fsl_dcp.c:477:10:DCP_AES_DecryptEcb	96	static
/home/abolinaga/OneDrive/Shared Folder/repo/ade9000/platform/imxrt1062/drivers/fsl_dcp.c:575:10:DCP_AES_EncryptCbc	104	static
/home/abolinaga/OneDrive/Shared Folder/repo/ade9000/platform/imxrt1062/drivers/fsl_dcp.c:686:10:DCP_AES_DecryptCbc	104	static
/home/abolinaga/OneDrive/Shared Folder/repo/ade9000/platform/imxrt1062/drivers/fsl_dcp.c:1025:17:dcp_hash_update	96	static
/home/abolinaga/OneDrive/Shared Folder/repo/ade9000/platform/imxrt1062/drivers/fsl_dcp.c:1201:10:DCP_HASH_Init	4	static
/home/abolinaga/OneDrive/Shared Folder/repo/ade9000/platform/imxrt1062/drivers/fsl_dcp.c:1253:10:DCP_HASH_Update	40	static
/home/abolinaga/OneDrive/Shared Folder/repo/ade9000/platform/imxrt1062/drivers/fsl_dcp.c:1323:10:DCP_HASH_Finish	32	static
/home/abolinaga/OneDrive/Shared Folder/repo/ade9000/platform/imxrt1062/drivers/fsl_dcp.c:1435:10:DCP_HASH	280	static
