/home/abolinaga/OneDrive/Shared Folder/repo/ade9000/platform/imxrt1062/drivers/fsl_flexspi.c:130:10:FLEXSPI_GetInstance.part.0	8	static
/home/abolinaga/OneDrive/Shared Folder/repo/ade9000/platform/imxrt1062/drivers/fsl_flexspi.c:210:10:FLEXSPI_CheckAndClearError.part.0	8	static
/home/abolinaga/OneDrive/Shared Folder/repo/ade9000/platform/imxrt1062/drivers/fsl_flexspi.c:1049:6:FLEXSPI_TransferAbort.part.0	8	static
/home/abolinaga/OneDrive/Shared Folder/repo/ade9000/platform/imxrt1062/drivers/fsl_flexspi.c:1063:6:FLEXSPI_TransferHandleIRQ	24	static
/home/abolinaga/OneDrive/Shared Folder/repo/ade9000/platform/imxrt1062/drivers/fsl_flexspi.c:130:10:FLEXSPI_GetInstance	8	static
/home/abolinaga/OneDrive/Shared Folder/repo/ade9000/platform/imxrt1062/drivers/fsl_flexspi.c:210:10:FLEXSPI_CheckAndClearError	8	static
/home/abolinaga/OneDrive/Shared Folder/repo/ade9000/platform/imxrt1062/drivers/fsl_flexspi.c:256:6:FLEXSPI_Init	16	static
/home/abolinaga/OneDrive/Shared Folder/repo/ade9000/platform/imxrt1062/drivers/fsl_flexspi.c:362:6:FLEXSPI_GetDefaultConfig	8	static
/home/abolinaga/OneDrive/Shared Folder/repo/ade9000/platform/imxrt1062/drivers/fsl_flexspi.c:420:6:FLEXSPI_Deinit	0	static
/home/abolinaga/OneDrive/Shared Folder/repo/ade9000/platform/imxrt1062/drivers/fsl_flexspi.c:433:6:FLEXSPI_UpdateDllValue	4	static
/home/abolinaga/OneDrive/Shared Folder/repo/ade9000/platform/imxrt1062/drivers/fsl_flexspi.c:495:6:FLEXSPI_SetFlashConfig	24	static
/home/abolinaga/OneDrive/Shared Folder/repo/ade9000/platform/imxrt1062/drivers/fsl_flexspi.c:588:6:FLEXSPI_UpdateLUT	16	static
/home/abolinaga/OneDrive/Shared Folder/repo/ade9000/platform/imxrt1062/drivers/fsl_flexspi.c:624:6:FLEXSPI_UpdateRxSampleClock	0	static
/home/abolinaga/OneDrive/Shared Folder/repo/ade9000/platform/imxrt1062/drivers/fsl_flexspi.c:653:10:FLEXSPI_WriteBlocking	24	static
/home/abolinaga/OneDrive/Shared Folder/repo/ade9000/platform/imxrt1062/drivers/fsl_flexspi.c:732:10:FLEXSPI_ReadBlocking	16	static
/home/abolinaga/OneDrive/Shared Folder/repo/ade9000/platform/imxrt1062/drivers/fsl_flexspi.c:837:10:FLEXSPI_TransferBlocking	24	static
/home/abolinaga/OneDrive/Shared Folder/repo/ade9000/platform/imxrt1062/drivers/fsl_flexspi.c:904:6:FLEXSPI_TransferCreateHandle	24	static
/home/abolinaga/OneDrive/Shared Folder/repo/ade9000/platform/imxrt1062/drivers/fsl_flexspi.c:945:10:FLEXSPI_TransferNonBlocking	24	static
/home/abolinaga/OneDrive/Shared Folder/repo/ade9000/platform/imxrt1062/drivers/fsl_flexspi.c:1022:10:FLEXSPI_TransferGetCount	8	static
/home/abolinaga/OneDrive/Shared Folder/repo/ade9000/platform/imxrt1062/drivers/fsl_flexspi.c:1049:6:FLEXSPI_TransferAbort	8	static
/home/abolinaga/OneDrive/Shared Folder/repo/ade9000/platform/imxrt1062/drivers/fsl_flexspi.c:1213:6:FLEXSPI_DriverIRQHandler	8	static
