/home/abolinaga/OneDrive/Shared Folder/repo/ade9000/platform/imxrt1062/drivers/fsl_enet.c:1445:17:ENET_IncreaseIndex.part.0	8	static
/home/abolinaga/OneDrive/Shared Folder/repo/ade9000/platform/imxrt1062/drivers/fsl_clock.h:1496:20:CLOCK_ControlGate.part.0	8	static
/home/abolinaga/OneDrive/Shared Folder/repo/ade9000/platform/imxrt1062/drivers/fsl_enet.c:3507:6:ENET_ReceiveIRQHandler	32	static
/home/abolinaga/OneDrive/Shared Folder/repo/ade9000/platform/imxrt1062/drivers/fsl_enet.c:3552:6:ENET_ErrorIRQHandler	24	static
/home/abolinaga/OneDrive/Shared Folder/repo/ade9000/platform/imxrt1062/drivers/fsl_enet.c:3601:6:ENET_TimeStampIRQHandler	24	static
/home/abolinaga/OneDrive/Shared Folder/repo/ade9000/platform/imxrt1062/drivers/fsl_enet.c:174:10:ENET_GetInstance.part.0	8	static
/home/abolinaga/OneDrive/Shared Folder/repo/ade9000/platform/imxrt1062/drivers/fsl_enet.c:1002:13:ENET_RxBufferFreeAll	32	static
/home/abolinaga/OneDrive/Shared Folder/repo/ade9000/platform/imxrt1062/drivers/fsl_enet.c:174:10:ENET_GetInstance	8	static
/home/abolinaga/OneDrive/Shared Folder/repo/ade9000/platform/imxrt1062/drivers/fsl_enet.c:206:6:ENET_GetDefaultConfig	8	static
/home/abolinaga/OneDrive/Shared Folder/repo/ade9000/platform/imxrt1062/drivers/fsl_enet.c:257:10:ENET_Up	56	static
/home/abolinaga/OneDrive/Shared Folder/repo/ade9000/platform/imxrt1062/drivers/fsl_enet.c:323:10:ENET_Init	24	static
/home/abolinaga/OneDrive/Shared Folder/repo/ade9000/platform/imxrt1062/drivers/fsl_enet.c:354:6:ENET_Down	8	static
/home/abolinaga/OneDrive/Shared Folder/repo/ade9000/platform/imxrt1062/drivers/fsl_enet.c:378:6:ENET_Deinit	8	static
/home/abolinaga/OneDrive/Shared Folder/repo/ade9000/platform/imxrt1062/drivers/fsl_enet.c:396:6:ENET_SetCallback	8	static
/home/abolinaga/OneDrive/Shared Folder/repo/ade9000/platform/imxrt1062/drivers/fsl_enet.c:422:6:ENET_SetRxISRHandler	8	static
/home/abolinaga/OneDrive/Shared Folder/repo/ade9000/platform/imxrt1062/drivers/fsl_enet.c:430:6:ENET_SetTxISRHandler	8	static
/home/abolinaga/OneDrive/Shared Folder/repo/ade9000/platform/imxrt1062/drivers/fsl_enet.c:439:6:ENET_SetErrISRHandler	8	static
/home/abolinaga/OneDrive/Shared Folder/repo/ade9000/platform/imxrt1062/drivers/fsl_enet.c:448:6:ENET_SetTsISRHandler	8	static
/home/abolinaga/OneDrive/Shared Folder/repo/ade9000/platform/imxrt1062/drivers/fsl_enet.c:456:6:ENET_Set1588TimerISRHandler	8	static
/home/abolinaga/OneDrive/Shared Folder/repo/ade9000/platform/imxrt1062/drivers/fsl_enet.c:1146:6:ENET_SetMII	4	static
/home/abolinaga/OneDrive/Shared Folder/repo/ade9000/platform/imxrt1062/drivers/fsl_enet.c:1202:6:ENET_SetMacAddr	0	static
/home/abolinaga/OneDrive/Shared Folder/repo/ade9000/platform/imxrt1062/drivers/fsl_enet.c:1222:6:ENET_GetMacAddr	8	static
/home/abolinaga/OneDrive/Shared Folder/repo/ade9000/platform/imxrt1062/drivers/fsl_enet.c:1250:6:ENET_SetSMI	8	static
/home/abolinaga/OneDrive/Shared Folder/repo/ade9000/platform/imxrt1062/drivers/fsl_enet.c:1309:10:ENET_MDIOWrite	0	static
/home/abolinaga/OneDrive/Shared Folder/repo/ade9000/platform/imxrt1062/drivers/fsl_enet.c:1341:10:ENET_MDIORead	8	static
/home/abolinaga/OneDrive/Shared Folder/repo/ade9000/platform/imxrt1062/drivers/fsl_enet.c:1380:10:ENET_MDIOC45Write	0	static
/home/abolinaga/OneDrive/Shared Folder/repo/ade9000/platform/imxrt1062/drivers/fsl_enet.c:1416:10:ENET_MDIOC45Read	8	static
/home/abolinaga/OneDrive/Shared Folder/repo/ade9000/platform/imxrt1062/drivers/fsl_enet.c:1482:6:ENET_GetRxErrBeforeReadFrame	8	static
/home/abolinaga/OneDrive/Shared Folder/repo/ade9000/platform/imxrt1062/drivers/fsl_enet.c:1565:6:ENET_GetStatistics	8	static
/home/abolinaga/OneDrive/Shared Folder/repo/ade9000/platform/imxrt1062/drivers/fsl_enet.c:1599:10:ENET_GetRxFrameSize	16	static
/home/abolinaga/OneDrive/Shared Folder/repo/ade9000/platform/imxrt1062/drivers/fsl_enet.c:1716:10:ENET_ReadFrame	40	static
/home/abolinaga/OneDrive/Shared Folder/repo/ade9000/platform/imxrt1062/drivers/fsl_enet.c:1866:10:ENET_SendFrame	40	static
/home/abolinaga/OneDrive/Shared Folder/repo/ade9000/platform/imxrt1062/drivers/fsl_enet.c:2084:10:ENET_SetTxReclaim	8	static
/home/abolinaga/OneDrive/Shared Folder/repo/ade9000/platform/imxrt1062/drivers/fsl_enet.c:2125:6:ENET_ReclaimTxDescriptor	40	static
/home/abolinaga/OneDrive/Shared Folder/repo/ade9000/platform/imxrt1062/drivers/fsl_enet.c:3447:6:ENET_TransmitIRQHandler	32	static
/home/abolinaga/OneDrive/Shared Folder/repo/ade9000/platform/imxrt1062/drivers/fsl_enet.c:2181:10:ENET_GetRxBuffer	16	static
/home/abolinaga/OneDrive/Shared Folder/repo/ade9000/platform/imxrt1062/drivers/fsl_enet.c:2252:6:ENET_ReleaseRxBuffer	64	static
/home/abolinaga/OneDrive/Shared Folder/repo/ade9000/platform/imxrt1062/drivers/fsl_enet.c:2416:10:ENET_GetRxFrame	40	static
/home/abolinaga/OneDrive/Shared Folder/repo/ade9000/platform/imxrt1062/drivers/fsl_enet.c:2666:10:ENET_StartTxFrame	32	static
/home/abolinaga/OneDrive/Shared Folder/repo/ade9000/platform/imxrt1062/drivers/fsl_enet.c:2803:10:ENET_SendFrameZeroCopy	32	static
/home/abolinaga/OneDrive/Shared Folder/repo/ade9000/platform/imxrt1062/drivers/fsl_enet.c:2991:6:ENET_AddMulticastGroup	16	static
/home/abolinaga/OneDrive/Shared Folder/repo/ade9000/platform/imxrt1062/drivers/fsl_enet.c:3044:6:ENET_LeaveMulticastGroup	16	static
/home/abolinaga/OneDrive/Shared Folder/repo/ade9000/platform/imxrt1062/drivers/fsl_enet.c:3109:10:ENET_GetTxErrAfterSendFrame	16	static
/home/abolinaga/OneDrive/Shared Folder/repo/ade9000/platform/imxrt1062/drivers/fsl_enet.c:3187:6:ENET_Ptp1588ConfigureHandler	8	static
/home/abolinaga/OneDrive/Shared Folder/repo/ade9000/platform/imxrt1062/drivers/fsl_enet.c:3254:6:ENET_Ptp1588Configure	8	static
/home/abolinaga/OneDrive/Shared Folder/repo/ade9000/platform/imxrt1062/drivers/fsl_enet.c:3273:6:ENET_Ptp1588StartTimer	4	static
/home/abolinaga/OneDrive/Shared Folder/repo/ade9000/platform/imxrt1062/drivers/fsl_enet.c:3293:6:ENET_Ptp1588GetTimerNoIrqDisable	0	static
/home/abolinaga/OneDrive/Shared Folder/repo/ade9000/platform/imxrt1062/drivers/fsl_enet.c:3326:6:ENET_Ptp1588GetTimer	8	static
/home/abolinaga/OneDrive/Shared Folder/repo/ade9000/platform/imxrt1062/drivers/fsl_enet.c:3354:6:ENET_Ptp1588SetTimer	8	static
/home/abolinaga/OneDrive/Shared Folder/repo/ade9000/platform/imxrt1062/drivers/fsl_enet.c:3383:6:ENET_Ptp1588AdjustTimer	0	static
/home/abolinaga/OneDrive/Shared Folder/repo/ade9000/platform/imxrt1062/drivers/fsl_enet.c:3649:6:ENET_CommonFrame0IRQHandler	16	static
/home/abolinaga/OneDrive/Shared Folder/repo/ade9000/platform/imxrt1062/drivers/fsl_enet.c:3751:6:ENET_Ptp1588IRQHandler	8	static
/home/abolinaga/OneDrive/Shared Folder/repo/ade9000/platform/imxrt1062/drivers/fsl_enet.c:3780:6:ENET_TxIRQHandler	8	static
/home/abolinaga/OneDrive/Shared Folder/repo/ade9000/platform/imxrt1062/drivers/fsl_enet.c:3792:6:ENET_RxIRQHandler	8	static
/home/abolinaga/OneDrive/Shared Folder/repo/ade9000/platform/imxrt1062/drivers/fsl_enet.c:3803:6:ENET_ErrIRQHandler	8	static
/home/abolinaga/OneDrive/Shared Folder/repo/ade9000/platform/imxrt1062/drivers/fsl_enet.c:3814:6:ENET_Transmit_DriverIRQHandler	8	static
/home/abolinaga/OneDrive/Shared Folder/repo/ade9000/platform/imxrt1062/drivers/fsl_enet.c:3821:6:ENET_Receive_DriverIRQHandler	8	static
/home/abolinaga/OneDrive/Shared Folder/repo/ade9000/platform/imxrt1062/drivers/fsl_enet.c:3828:6:ENET_Error_DriverIRQHandler	8	static
/home/abolinaga/OneDrive/Shared Folder/repo/ade9000/platform/imxrt1062/drivers/fsl_enet.c:3850:6:ENET_DriverIRQHandler	8	static
/home/abolinaga/OneDrive/Shared Folder/repo/ade9000/platform/imxrt1062/drivers/fsl_enet.c:3857:6:ENET_1588_Timer_DriverIRQHandler	8	static
/home/abolinaga/OneDrive/Shared Folder/repo/ade9000/platform/imxrt1062/drivers/fsl_enet.c:3875:6:ENET2_DriverIRQHandler	8	static
/home/abolinaga/OneDrive/Shared Folder/repo/ade9000/platform/imxrt1062/drivers/fsl_enet.c:3882:6:ENET2_1588_Timer_DriverIRQHandler	8	static
