/home/abolinaga/OneDrive/Shared Folder/repo/ade9000/platform/imxrt1062/drivers/fsl_snvs_lp.c:93:13:SNVS_LP_CheckDatetimeFormat	32	static
/home/abolinaga/OneDrive/Shared Folder/repo/ade9000/platform/imxrt1062/drivers/fsl_snvs_lp.c:125:17:SNVS_LP_ConvertDatetimeToSeconds	56	static
/home/abolinaga/OneDrive/Shared Folder/repo/ade9000/platform/imxrt1062/drivers/fsl_snvs_lp.c:155:13:SNVS_LP_ConvertSecondsToDatetime	8	static
/home/abolinaga/OneDrive/Shared Folder/repo/ade9000/platform/imxrt1062/drivers/fsl_snvs_lp.c:242:6:SNVS_LP_Init	0	static
/home/abolinaga/OneDrive/Shared Folder/repo/ade9000/platform/imxrt1062/drivers/fsl_snvs_lp.c:267:6:SNVS_LP_Deinit	0	static
/home/abolinaga/OneDrive/Shared Folder/repo/ade9000/platform/imxrt1062/drivers/fsl_snvs_lp.c:284:6:SNVS_LP_SRTC_Init	8	static
/home/abolinaga/OneDrive/Shared Folder/repo/ade9000/platform/imxrt1062/drivers/fsl_snvs_lp.c:313:6:SNVS_LP_SRTC_Deinit	0	static
/home/abolinaga/OneDrive/Shared Folder/repo/ade9000/platform/imxrt1062/drivers/fsl_snvs_lp.c:330:6:SNVS_LP_SRTC_GetDefaultConfig	8	static
/home/abolinaga/OneDrive/Shared Folder/repo/ade9000/platform/imxrt1062/drivers/fsl_snvs_lp.c:366:10:SNVS_LP_SRTC_SetDatetime	16	static
/home/abolinaga/OneDrive/Shared Folder/repo/ade9000/platform/imxrt1062/drivers/fsl_snvs_lp.c:403:6:SNVS_LP_SRTC_GetDatetime	8	static
/home/abolinaga/OneDrive/Shared Folder/repo/ade9000/platform/imxrt1062/drivers/fsl_snvs_lp.c:428:10:SNVS_LP_SRTC_SetAlarm	16	static
/home/abolinaga/OneDrive/Shared Folder/repo/ade9000/platform/imxrt1062/drivers/fsl_snvs_lp.c:472:6:SNVS_LP_SRTC_GetAlarm	8	static
/home/abolinaga/OneDrive/Shared Folder/repo/ade9000/platform/imxrt1062/drivers/fsl_snvs_lp.c:492:10:SNVS_LP_SRTC_GetStatusFlags	0	static
/home/abolinaga/OneDrive/Shared Folder/repo/ade9000/platform/imxrt1062/drivers/fsl_snvs_lp.c:512:10:SNVS_LP_SRTC_GetEnabledInterrupts	0	static
/home/abolinaga/OneDrive/Shared Folder/repo/ade9000/platform/imxrt1062/drivers/fsl_snvs_lp.c:535:6:SNVS_LP_PassiveTamperPin_GetDefaultConfig	8	static
/home/abolinaga/OneDrive/Shared Folder/repo/ade9000/platform/imxrt1062/drivers/fsl_snvs_lp.c:1291:10:SNVS_LP_GetMonotonicCounter	0	static
/home/abolinaga/OneDrive/Shared Folder/repo/ade9000/platform/imxrt1062/drivers/fsl_snvs_lp.c:1307:6:SNVS_LP_WriteZeroizableMasterKey	0	static
