/home/abolinaga/OneDrive/Shared Folder/repo/ade9000/platform/imxrt1062/component/phy/fsl_phydp83825.c:311:10:PHY_DP83825_Write	0	static
/home/abolinaga/OneDrive/Shared Folder/repo/ade9000/platform/imxrt1062/component/phy/fsl_phydp83825.c:316:10:PHY_DP83825_Read	0	static
/home/abolinaga/OneDrive/Shared Folder/repo/ade9000/platform/imxrt1062/component/phy/fsl_phydp83825.c:608:10:PHY_DP83825_ClearInterrupt	16	static
/home/abolinaga/OneDrive/Shared Folder/repo/ade9000/platform/imxrt1062/component/phy/fsl_phydp83825.c:405:10:PHY_DP83825_SetLinkSpeedDuplex	24	static
/home/abolinaga/OneDrive/Shared Folder/repo/ade9000/platform/imxrt1062/component/phy/fsl_phydp83825.c:439:10:PHY_DP83825_EnableLoopback	24	static
/home/abolinaga/OneDrive/Shared Folder/repo/ade9000/platform/imxrt1062/component/phy/fsl_phydp83825.c:559:10:PHY_DP83825_EnableLinkInterrupt	24	static
/home/abolinaga/OneDrive/Shared Folder/repo/ade9000/platform/imxrt1062/component/phy/fsl_phydp83825.c:321:10:PHY_DP83825_GetAutoNegotiationStatus	16	static
/home/abolinaga/OneDrive/Shared Folder/repo/ade9000/platform/imxrt1062/component/phy/fsl_phydp83825.c:342:10:PHY_DP83825_GetLinkStatus	16	static
/home/abolinaga/OneDrive/Shared Folder/repo/ade9000/platform/imxrt1062/component/phy/fsl_phydp83825.c:367:10:PHY_DP83825_GetLinkSpeedDuplex	24	static
/home/abolinaga/OneDrive/Shared Folder/repo/ade9000/platform/imxrt1062/component/phy/fsl_phydp83825.c:193:10:PHY_DP83825_Init	56	static
/home/abolinaga/OneDrive/Shared Folder/repo/ade9000/platform/imxrt1062/component/phy/fsl_phydp83825.c:511:10:PHY_DP83825_EnableAutoMDIX	24	static
/home/abolinaga/OneDrive/Shared Folder/repo/ade9000/platform/imxrt1062/component/phy/fsl_phydp83825.c:535:10:PHY_DP83825_EnableWakeOnLan	24	static
