/home/abolinaga/OneDrive/Shared Folder/repo/ade9000/platform/imxrt1062/component/uart/fsl_adapter_lpuart.c:406:13:HAL_UartInterruptHandle	24	static
/home/abolinaga/OneDrive/Shared Folder/repo/ade9000/platform/imxrt1062/component/uart/fsl_adapter_lpuart.c:675:19:HAL_UartInit	40	static
/home/abolinaga/OneDrive/Shared Folder/repo/ade9000/platform/imxrt1062/component/uart/fsl_adapter_lpuart.c:734:19:HAL_UartDeinit	8	static
/home/abolinaga/OneDrive/Shared Folder/repo/ade9000/platform/imxrt1062/component/uart/fsl_adapter_lpuart.c:755:19:HAL_UartReceiveBlocking	8	static
/home/abolinaga/OneDrive/Shared Folder/repo/ade9000/platform/imxrt1062/component/uart/fsl_adapter_lpuart.c:770:19:HAL_UartSendBlocking	8	static
/home/abolinaga/OneDrive/Shared Folder/repo/ade9000/platform/imxrt1062/component/uart/fsl_adapter_lpuart.c:785:19:HAL_UartEnterLowpower	8	static
/home/abolinaga/OneDrive/Shared Folder/repo/ade9000/platform/imxrt1062/component/uart/fsl_adapter_lpuart.c:792:19:HAL_UartExitLowpower	0	static
/home/abolinaga/OneDrive/Shared Folder/repo/ade9000/platform/imxrt1062/component/uart/fsl_adapter_lpuart.c:949:19:HAL_UartInstallCallback	8	static
/home/abolinaga/OneDrive/Shared Folder/repo/ade9000/platform/imxrt1062/component/uart/fsl_adapter_lpuart.c:965:19:HAL_UartReceiveNonBlocking	8	static
/home/abolinaga/OneDrive/Shared Folder/repo/ade9000/platform/imxrt1062/component/uart/fsl_adapter_lpuart.c:991:19:HAL_UartSendNonBlocking	8	static
/home/abolinaga/OneDrive/Shared Folder/repo/ade9000/platform/imxrt1062/component/uart/fsl_adapter_lpuart.c:1011:19:HAL_UartGetReceiveCount	8	static
/home/abolinaga/OneDrive/Shared Folder/repo/ade9000/platform/imxrt1062/component/uart/fsl_adapter_lpuart.c:1027:19:HAL_UartGetSendCount	8	static
/home/abolinaga/OneDrive/Shared Folder/repo/ade9000/platform/imxrt1062/component/uart/fsl_adapter_lpuart.c:1043:19:HAL_UartAbortReceive	8	static
/home/abolinaga/OneDrive/Shared Folder/repo/ade9000/platform/imxrt1062/component/uart/fsl_adapter_lpuart.c:1062:19:HAL_UartAbortSend	8	static
/home/abolinaga/OneDrive/Shared Folder/repo/ade9000/platform/imxrt1062/component/uart/fsl_adapter_lpuart.c:1116:6:HAL_UartIsrFunction	8	static
/home/abolinaga/OneDrive/Shared Folder/repo/ade9000/platform/imxrt1062/component/uart/fsl_adapter_lpuart.c:1277:6:LPUART1_IRQHandler	8	static
/home/abolinaga/OneDrive/Shared Folder/repo/ade9000/platform/imxrt1062/component/uart/fsl_adapter_lpuart.c:1300:6:LPUART2_IRQHandler	8	static
/home/abolinaga/OneDrive/Shared Folder/repo/ade9000/platform/imxrt1062/component/uart/fsl_adapter_lpuart.c:1322:6:LPUART3_IRQHandler	8	static
/home/abolinaga/OneDrive/Shared Folder/repo/ade9000/platform/imxrt1062/component/uart/fsl_adapter_lpuart.c:1344:6:LPUART4_IRQHandler	8	static
/home/abolinaga/OneDrive/Shared Folder/repo/ade9000/platform/imxrt1062/component/uart/fsl_adapter_lpuart.c:1366:6:LPUART5_IRQHandler	8	static
/home/abolinaga/OneDrive/Shared Folder/repo/ade9000/platform/imxrt1062/component/uart/fsl_adapter_lpuart.c:1388:6:LPUART6_IRQHandler	8	static
/home/abolinaga/OneDrive/Shared Folder/repo/ade9000/platform/imxrt1062/component/uart/fsl_adapter_lpuart.c:1410:6:LPUART7_IRQHandler	8	static
/home/abolinaga/OneDrive/Shared Folder/repo/ade9000/platform/imxrt1062/component/uart/fsl_adapter_lpuart.c:1432:6:LPUART8_IRQHandler	8	static
