/home/abolinaga/OneDrive/Shared Folder/repo/ade9000/platform/OS/lwip/src/apps/sntp/sntp.c:374:1:sntp_retry	8	static
/home/abolinaga/OneDrive/Shared Folder/repo/ade9000/platform/OS/lwip/src/apps/sntp/sntp.c:612:1:sntp_request	40	static
/home/abolinaga/OneDrive/Shared Folder/repo/ade9000/platform/OS/lwip/src/apps/sntp/sntp.c:444:1:sntp_recv	72	static
/home/abolinaga/OneDrive/Shared Folder/repo/ade9000/platform/OS/lwip/src/apps/sntp/sntp.c:657:1:sntp_init	16	static
/home/abolinaga/OneDrive/Shared Folder/repo/ade9000/platform/OS/lwip/src/apps/sntp/sntp.c:696:1:sntp_stop	16	static
/home/abolinaga/OneDrive/Shared Folder/repo/ade9000/platform/OS/lwip/src/apps/sntp/sntp.c:717:6:sntp_enabled	0	static
/home/abolinaga/OneDrive/Shared Folder/repo/ade9000/platform/OS/lwip/src/apps/sntp/sntp.c:728:1:sntp_setoperatingmode	8	static
/home/abolinaga/OneDrive/Shared Folder/repo/ade9000/platform/OS/lwip/src/apps/sntp/sntp.c:741:1:sntp_getoperatingmode	0	static
/home/abolinaga/OneDrive/Shared Folder/repo/ade9000/platform/OS/lwip/src/apps/sntp/sntp.c:754:1:sntp_getreachability	0	static
/home/abolinaga/OneDrive/Shared Folder/repo/ade9000/platform/OS/lwip/src/apps/sntp/sntp.c:769:1:sntp_servermode_dhcp	8	static
/home/abolinaga/OneDrive/Shared Folder/repo/ade9000/platform/OS/lwip/src/apps/sntp/sntp.c:787:1:sntp_setserver	16	static
/home/abolinaga/OneDrive/Shared Folder/repo/ade9000/platform/OS/lwip/src/apps/sntp/sntp.c:810:1:dhcp_set_ntp_servers	8	static
/home/abolinaga/OneDrive/Shared Folder/repo/ade9000/platform/OS/lwip/src/apps/sntp/sntp.c:865:1:sntp_getserver	0	static
