/home/abolinaga/OneDrive/Shared Folder/repo/ade9000/data_extractor/system_handler.c:1172:13:system_get_fast_vars_config	40	static
/home/abolinaga/OneDrive/Shared Folder/repo/ade9000/data_extractor/system_handler.c:2360:17:system_handler_process_event	120	static
/home/abolinaga/OneDrive/Shared Folder/repo/ade9000/data_extractor/system_handler.c:1479:29:system_get_slow_vars_stream_config	64	static
/home/abolinaga/OneDrive/Shared Folder/repo/ade9000/data_extractor/system_handler.c:1419:13:system_get_slow_vars_config	48	static
/home/abolinaga/OneDrive/Shared Folder/repo/ade9000/data_extractor/system_handler.c:1848:13:connection_timeout_cb	0	static
/home/abolinaga/OneDrive/Shared Folder/repo/ade9000/data_extractor/system_handler.c:1388:29:system_get_fast_vars_stream_config	48	static
/home/abolinaga/OneDrive/Shared Folder/repo/ade9000/data_extractor/system_handler.c:2336:13:system_handler_get_and_proccess_event	128	static
/home/abolinaga/OneDrive/Shared Folder/repo/ade9000/data_extractor/system_handler.c:1690:13:system_handler_events_handling	136	static
/home/abolinaga/OneDrive/Shared Folder/repo/ade9000/data_extractor/system_handler.c:966:6:system_handler_reset	0	static
/home/abolinaga/OneDrive/Shared Folder/repo/ade9000/data_extractor/system_handler.c:978:6:system_handler	72	static
/home/abolinaga/OneDrive/Shared Folder/repo/ade9000/data_extractor/system_handler.c:1022:6:system_get_energy_config	0	static
/home/abolinaga/OneDrive/Shared Folder/repo/ade9000/data_extractor/system_handler.c:1027:10:system_get_tc_primary_config	0	static
/home/abolinaga/OneDrive/Shared Folder/repo/ade9000/data_extractor/system_handler.c:1032:10:system_get_tc_secondary_config	0	static
/home/abolinaga/OneDrive/Shared Folder/repo/ade9000/data_extractor/system_handler.c:1037:27:system_get_fund_freq_config	0	static
/home/abolinaga/OneDrive/Shared Folder/repo/ade9000/data_extractor/system_handler.c:1053:6:system_get_high_pass_filter_config	0	static
/home/abolinaga/OneDrive/Shared Folder/repo/ade9000/data_extractor/system_handler.c:1058:20:system_get_hw_config	8	static
/home/abolinaga/OneDrive/Shared Folder/repo/ade9000/data_extractor/system_handler.c:1110:10:system_get_oi_threshold_config	0	static
/home/abolinaga/OneDrive/Shared Folder/repo/ade9000/data_extractor/system_handler.c:1115:10:system_get_swell_threshold_config	0	static
/home/abolinaga/OneDrive/Shared Folder/repo/ade9000/data_extractor/system_handler.c:1120:10:system_get_dip_threshold_config	0	static
/home/abolinaga/OneDrive/Shared Folder/repo/ade9000/data_extractor/system_handler.c:1125:6:system_get_current_a_invert	0	static
/home/abolinaga/OneDrive/Shared Folder/repo/ade9000/data_extractor/system_handler.c:1130:6:system_get_current_b_invert	0	static
/home/abolinaga/OneDrive/Shared Folder/repo/ade9000/data_extractor/system_handler.c:1135:6:system_get_current_c_invert	0	static
/home/abolinaga/OneDrive/Shared Folder/repo/ade9000/data_extractor/system_handler.c:1140:6:system_get_igains	0	static
/home/abolinaga/OneDrive/Shared Folder/repo/ade9000/data_extractor/system_handler.c:1147:6:system_get_vgains	0	static
/home/abolinaga/OneDrive/Shared Folder/repo/ade9000/data_extractor/system_handler.c:1154:6:system_get_pgains	0	static
/home/abolinaga/OneDrive/Shared Folder/repo/ade9000/data_extractor/system_handler.c:1161:6:system_get_adc_redirect	0	static
/home/abolinaga/OneDrive/Shared Folder/repo/ade9000/data_extractor/system_handler.c:1474:7:system_get_slow_vars_period	0	static
/home/abolinaga/OneDrive/Shared Folder/repo/ade9000/data_extractor/system_handler.c:1559:13:system_sync_get_sync_type	8	static
/home/abolinaga/OneDrive/Shared Folder/repo/ade9000/data_extractor/system_handler.c:1581:6:system_sync_get_sync_period	32	static
