/home/abolinaga/OneDrive/Shared Folder/repo/ade9000/platform/imxrt1062/utilities/fsl_shell.c:255:13:SHELL_WriteBuffer	32	static
/home/abolinaga/OneDrive/Shared Folder/repo/ade9000/platform/imxrt1062/utilities/fsl_shell.c:1031:16:SHELL_Write.constprop.isra	8	static
/home/abolinaga/OneDrive/Shared Folder/repo/ade9000/platform/imxrt1062/utilities/fsl_shell.c:921:16:SHELL_Init	16	static
/home/abolinaga/OneDrive/Shared Folder/repo/ade9000/platform/imxrt1062/utilities/fsl_shell.c:1005:16:SHELL_RegisterCommand	16	static
/home/abolinaga/OneDrive/Shared Folder/repo/ade9000/platform/imxrt1062/utilities/fsl_shell.c:1019:16:SHELL_UnregisterCommand	8	static
/home/abolinaga/OneDrive/Shared Folder/repo/ade9000/platform/imxrt1062/utilities/fsl_shell.c:1031:16:SHELL_Write	16	static
/home/abolinaga/OneDrive/Shared Folder/repo/ade9000/platform/imxrt1062/utilities/fsl_shell.c:573:23:SHELL_HelpCommand	16	static
/home/abolinaga/OneDrive/Shared Folder/repo/ade9000/platform/imxrt1062/utilities/fsl_shell.c:720:13:SHELL_GetHistoryCommand.part.0.constprop	32	static
/home/abolinaga/OneDrive/Shared Folder/repo/ade9000/platform/imxrt1062/utilities/fsl_shell.c:606:13:SHELL_ProcessCommand	288	static
/home/abolinaga/OneDrive/Shared Folder/repo/ade9000/platform/imxrt1062/utilities/fsl_shell.c:1075:5:SHELL_Printf	20	static
/home/abolinaga/OneDrive/Shared Folder/repo/ade9000/platform/imxrt1062/utilities/fsl_shell.c:1120:16:SHELL_WriteSynchronization	24	static
/home/abolinaga/OneDrive/Shared Folder/repo/ade9000/platform/imxrt1062/utilities/fsl_shell.c:1134:5:SHELL_PrintfSynchronization	28	static
/home/abolinaga/OneDrive/Shared Folder/repo/ade9000/platform/imxrt1062/utilities/fsl_shell.c:1167:6:SHELL_PrintPrompt	16	static
/home/abolinaga/OneDrive/Shared Folder/repo/ade9000/platform/imxrt1062/utilities/fsl_shell.c:224:13:SHELL_SerialManagerRxCallback	48	static
/home/abolinaga/OneDrive/Shared Folder/repo/ade9000/platform/imxrt1062/utilities/fsl_shell.c:1155:6:SHELL_ChangePrompt	8	static
