/home/abolinaga/OneDrive/Shared Folder/repo/ade9000/platform/imxrt1062/utilities/fsl_debug_console.c:329:13:DbgConsole_SerialManagerTxCallback	16	static
/home/abolinaga/OneDrive/Shared Folder/repo/ade9000/platform/imxrt1062/utilities/fsl_debug_console.c:363:13:DbgConsole_SerialManagerTx2Callback	4	static
/home/abolinaga/OneDrive/Shared Folder/repo/ade9000/platform/imxrt1062/utilities/fsl_debug_console.c:424:10:DbgConsole_ReadOneCharacter	0	static
/home/abolinaga/OneDrive/Shared Folder/repo/ade9000/platform/imxrt1062/utilities/fsl_debug_console.c:495:5:DbgConsole_SendData	24	static
/home/abolinaga/OneDrive/Shared Folder/repo/ade9000/platform/imxrt1062/utilities/fsl_debug_console.c:548:5:DbgConsole_SendDataReliable.part.0	32	static
/home/abolinaga/OneDrive/Shared Folder/repo/ade9000/platform/imxrt1062/utilities/fsl_debug_console.c:732:13:DbgConsole_PrintCallback	32	static
/home/abolinaga/OneDrive/Shared Folder/repo/ade9000/platform/imxrt1062/utilities/fsl_debug_console.c:548:5:DbgConsole_SendDataReliable	0	static
/home/abolinaga/OneDrive/Shared Folder/repo/ade9000/platform/imxrt1062/utilities/fsl_debug_console.c:629:5:DbgConsole_ReadLine	16	static
/home/abolinaga/OneDrive/Shared Folder/repo/ade9000/platform/imxrt1062/utilities/fsl_debug_console.c:695:5:DbgConsole_ReadCharacter	8	static
/home/abolinaga/OneDrive/Shared Folder/repo/ade9000/platform/imxrt1062/utilities/fsl_debug_console.c:772:10:DbgConsole_Init	64	static
/home/abolinaga/OneDrive/Shared Folder/repo/ade9000/platform/imxrt1062/utilities/fsl_debug_console.c:935:10:DbgConsole_EnterLowpower	8	static
/home/abolinaga/OneDrive/Shared Folder/repo/ade9000/platform/imxrt1062/utilities/fsl_debug_console.c:946:10:DbgConsole_ExitLowpower	8	static
/home/abolinaga/OneDrive/Shared Folder/repo/ade9000/platform/imxrt1062/utilities/fsl_debug_console.c:957:10:DbgConsole_Deinit	8	static
/home/abolinaga/OneDrive/Shared Folder/repo/ade9000/platform/imxrt1062/utilities/fsl_debug_console.c:1000:40:DbgConsole_Flush	8	static
/home/abolinaga/OneDrive/Shared Folder/repo/ade9000/platform/imxrt1062/utilities/fsl_debug_console.c:1039:5:DbgConsole_Printf	152	static
/home/abolinaga/OneDrive/Shared Folder/repo/ade9000/platform/imxrt1062/utilities/fsl_debug_console.c:1052:5:DbgConsole_Vprintf	144	static
/home/abolinaga/OneDrive/Shared Folder/repo/ade9000/platform/imxrt1062/utilities/fsl_debug_console.c:1068:5:DbgConsole_Putchar	16	static
/home/abolinaga/OneDrive/Shared Folder/repo/ade9000/platform/imxrt1062/utilities/fsl_debug_console.c:1075:5:DbgConsole_Scanf	40	static
/home/abolinaga/OneDrive/Shared Folder/repo/ade9000/platform/imxrt1062/utilities/fsl_debug_console.c:1094:5:DbgConsole_BlockingPrintf	152	static
/home/abolinaga/OneDrive/Shared Folder/repo/ade9000/platform/imxrt1062/utilities/fsl_debug_console.c:1107:5:DbgConsole_BlockingVprintf	144	static
/home/abolinaga/OneDrive/Shared Folder/repo/ade9000/platform/imxrt1062/utilities/fsl_debug_console.c:1134:10:DbgConsole_TryGetchar	0	static
/home/abolinaga/OneDrive/Shared Folder/repo/ade9000/platform/imxrt1062/utilities/fsl_debug_console.c:1176:5:DbgConsole_Getchar	8	static
