/home/abolinaga/OneDrive/Shared Folder/repo/ade9000/platform/imxrt1062/drivers/freertos/fsl_lpspi_freertos.c:16:13:LPSPI_RTOS_Callback	16	static
/home/abolinaga/OneDrive/Shared Folder/repo/ade9000/platform/imxrt1062/drivers/freertos/fsl_lpspi_freertos.c:36:10:LPSPI_RTOS_Init	24	static
/home/abolinaga/OneDrive/Shared Folder/repo/ade9000/platform/imxrt1062/drivers/freertos/fsl_lpspi_freertos.c:81:10:LPSPI_RTOS_Deinit	8	static
/home/abolinaga/OneDrive/Shared Folder/repo/ade9000/platform/imxrt1062/drivers/freertos/fsl_lpspi_freertos.c:99:10:LPSPI_RTOS_Transfer	16	static
