/home/abolinaga/OneDrive/Shared Folder/repo/ade9000/platform/OS/lwip/src/core/dns.c:1011:1:dns_call_found	24	static
/home/abolinaga/OneDrive/Shared Folder/repo/ade9000/platform/OS/lwip/src/core/dns.c:817:1:dns_send.isra	64	static
/home/abolinaga/OneDrive/Shared Folder/repo/ade9000/platform/OS/lwip/src/core/dns.c:1116:1:dns_check_entry	16	static
/home/abolinaga/OneDrive/Shared Folder/repo/ade9000/platform/OS/lwip/src/core/dns.c:1249:1:dns_recv	88	static
/home/abolinaga/OneDrive/Shared Folder/repo/ade9000/platform/OS/lwip/src/core/dns.c:435:13:dns_timeout_cb	24	static
/home/abolinaga/OneDrive/Shared Folder/repo/ade9000/platform/OS/lwip/src/core/dns.c:321:1:dns_init	0	static
/home/abolinaga/OneDrive/Shared Folder/repo/ade9000/platform/OS/lwip/src/core/dns.c:380:1:dns_setserver	0	static
/home/abolinaga/OneDrive/Shared Folder/repo/ade9000/platform/OS/lwip/src/core/dns.c:422:1:dns_getserver	0	static
/home/abolinaga/OneDrive/Shared Folder/repo/ade9000/platform/OS/lwip/src/core/dns.c:447:1:dns_tmr	24	static
/home/abolinaga/OneDrive/Shared Folder/repo/ade9000/platform/OS/lwip/src/core/dns.c:1611:1:dns_gethostbyname	48	static
/home/abolinaga/OneDrive/Shared Folder/repo/ade9000/platform/OS/lwip/src/core/dns.c:1645:1:dns_gethostbyname_addrtype	48	static
