/home/abolinaga/OneDrive/Shared Folder/repo/ade9000/platform/OS/lwip/src/core/memp.c:175:1:memp_init_pool	8	static
/home/abolinaga/OneDrive/Shared Folder/repo/ade9000/platform/OS/lwip/src/core/memp.c:224:1:memp_init	20	static
/home/abolinaga/OneDrive/Shared Folder/repo/ade9000/platform/OS/lwip/src/core/memp.c:311:1:memp_malloc_pool	16	static
/home/abolinaga/OneDrive/Shared Folder/repo/ade9000/platform/OS/lwip/src/core/memp.c:337:1:memp_malloc	16	static
/home/abolinaga/OneDrive/Shared Folder/repo/ade9000/platform/OS/lwip/src/core/memp.c:403:1:memp_free_pool	16	static
/home/abolinaga/OneDrive/Shared Folder/repo/ade9000/platform/OS/lwip/src/core/memp.c:420:1:memp_free	16	static
