/home/abolinaga/OneDrive/Shared Folder/repo/ade9000/platform/OS/lwip/src/core/timeouts.c:156:1:tcpip_tcp_timer	8	static
/home/abolinaga/OneDrive/Shared Folder/repo/ade9000/platform/OS/lwip/src/core/timeouts.c:244:1:lwip_cyclic_timer	16	static
/home/abolinaga/OneDrive/Shared Folder/repo/ade9000/platform/OS/lwip/src/core/timeouts.c:178:1:tcp_timer_needed	8	static
/home/abolinaga/OneDrive/Shared Folder/repo/ade9000/platform/OS/lwip/src/core/timeouts.c:276:6:sys_timeouts_init	24	static
/home/abolinaga/OneDrive/Shared Folder/repo/ade9000/platform/OS/lwip/src/core/timeouts.c:288:6:sys_timeouts_deinit	24	static
/home/abolinaga/OneDrive/Shared Folder/repo/ade9000/platform/OS/lwip/src/core/timeouts.c:311:1:sys_timeout	24	static
/home/abolinaga/OneDrive/Shared Folder/repo/ade9000/platform/OS/lwip/src/core/timeouts.c:338:1:sys_untimeout	16	static
/home/abolinaga/OneDrive/Shared Folder/repo/ade9000/platform/OS/lwip/src/core/timeouts.c:373:1:sys_check_timeouts	32	static
/home/abolinaga/OneDrive/Shared Folder/repo/ade9000/platform/OS/lwip/src/core/timeouts.c:425:1:sys_restart_timeouts	8	static
/home/abolinaga/OneDrive/Shared Folder/repo/ade9000/platform/OS/lwip/src/core/timeouts.c:447:1:sys_timeouts_sleeptime	8	static
