/home/abolinaga/OneDrive/Shared Folder/repo/ade9000/platform/OS/lwip/src/core/udp.c:87:1:udp_init	8	static
/home/abolinaga/OneDrive/Shared Folder/repo/ade9000/platform/OS/lwip/src/core/udp.c:194:1:udp_input	64	static
/home/abolinaga/OneDrive/Shared Folder/repo/ade9000/platform/OS/lwip/src/core/udp.c:945:1:udp_bind	24	static
/home/abolinaga/OneDrive/Shared Folder/repo/ade9000/platform/OS/lwip/src/core/udp.c:712:1:udp_sendto_if_src	56	static
/home/abolinaga/OneDrive/Shared Folder/repo/ade9000/platform/OS/lwip/src/core/udp.c:637:1:udp_sendto_if	24	static
/home/abolinaga/OneDrive/Shared Folder/repo/ade9000/platform/OS/lwip/src/core/udp.c:520:1:udp_sendto	32	static
/home/abolinaga/OneDrive/Shared Folder/repo/ade9000/platform/OS/lwip/src/core/udp.c:467:1:udp_send	32	static
/home/abolinaga/OneDrive/Shared Folder/repo/ade9000/platform/OS/lwip/src/core/udp.c:1059:1:udp_bind_netif	16	static
/home/abolinaga/OneDrive/Shared Folder/repo/ade9000/platform/OS/lwip/src/core/udp.c:1088:1:udp_connect	16	static
/home/abolinaga/OneDrive/Shared Folder/repo/ade9000/platform/OS/lwip/src/core/udp.c:1143:1:udp_disconnect	8	static
/home/abolinaga/OneDrive/Shared Folder/repo/ade9000/platform/OS/lwip/src/core/udp.c:1175:1:udp_recv	16	static
/home/abolinaga/OneDrive/Shared Folder/repo/ade9000/platform/OS/lwip/src/core/udp.c:1196:1:udp_remove	8	static
/home/abolinaga/OneDrive/Shared Folder/repo/ade9000/platform/OS/lwip/src/core/udp.c:1236:1:udp_new	8	static
/home/abolinaga/OneDrive/Shared Folder/repo/ade9000/platform/OS/lwip/src/core/udp.c:1274:1:udp_new_ip_type	8	static
/home/abolinaga/OneDrive/Shared Folder/repo/ade9000/platform/OS/lwip/src/core/udp.c:1297:6:udp_netif_ip_addr_changed	4	static
