/home/abolinaga/OneDrive/Shared Folder/repo/ade9000/platform/OS/lwip/port/enet_ethernetif_kinetis.c:199:6:enet_15888_event_callback	0	static
/home/abolinaga/OneDrive/Shared Folder/repo/ade9000/platform/OS/lwip/port/enet_ethernetif_kinetis.c:320:13:ethernet_callback	16	static
/home/abolinaga/OneDrive/Shared Folder/repo/ade9000/platform/OS/lwip/port/enet_ethernetif_kinetis.c:491:13:ethernetif_rx_free	24	static
/home/abolinaga/OneDrive/Shared Folder/repo/ade9000/platform/OS/lwip/port/enet_ethernetif_kinetis.c:460:14:ethernetif_rx_alloc	8	static
/home/abolinaga/OneDrive/Shared Folder/repo/ade9000/platform/OS/lwip/port/enet_ethernetif_kinetis.c:744:13:ethernetif_rx_release	24	static
/home/abolinaga/OneDrive/Shared Folder/repo/ade9000/platform/OS/lwip/port/enet_ethernetif_kinetis.c:209:6:enet_1588_event_activate	8	static
/home/abolinaga/OneDrive/Shared Folder/repo/ade9000/platform/OS/lwip/port/enet_ethernetif_kinetis.c:230:6:enet_1588_event_deactivate	0	static
/home/abolinaga/OneDrive/Shared Folder/repo/ade9000/platform/OS/lwip/port/enet_ethernetif_kinetis.c:245:6:enet_1588_settime_s_ns	32	static
/home/abolinaga/OneDrive/Shared Folder/repo/ade9000/platform/OS/lwip/port/enet_ethernetif_kinetis.c:256:6:enet_1588_settime	0	static
/home/abolinaga/OneDrive/Shared Folder/repo/ade9000/platform/OS/lwip/port/enet_ethernetif_kinetis.c:262:6:enet_1588_gettime	0	static
/home/abolinaga/OneDrive/Shared Folder/repo/ade9000/platform/OS/lwip/port/enet_ethernetif_kinetis.c:267:6:enet_1588_gettime_s_us	32	static
/home/abolinaga/OneDrive/Shared Folder/repo/ade9000/platform/OS/lwip/port/enet_ethernetif_kinetis.c:277:6:enet_1588_get_event_time	8	static
/home/abolinaga/OneDrive/Shared Folder/repo/ade9000/platform/OS/lwip/port/enet_ethernetif_kinetis.c:284:6:enet_1588_adjfreq	0	static
/home/abolinaga/OneDrive/Shared Folder/repo/ade9000/platform/OS/lwip/port/enet_ethernetif_kinetis.c:514:6:ethernetif_plat_init	128	static
/home/abolinaga/OneDrive/Shared Folder/repo/ade9000/platform/OS/lwip/port/enet_ethernetif_kinetis.c:658:8:ethernetif_base_ptr	0	static
/home/abolinaga/OneDrive/Shared Folder/repo/ade9000/platform/OS/lwip/port/enet_ethernetif_kinetis.c:663:15:ethernetif_get_phy	0	static
/home/abolinaga/OneDrive/Shared Folder/repo/ade9000/platform/OS/lwip/port/enet_ethernetif_kinetis.c:669:6:ethernetif_on_link_up	16	static
/home/abolinaga/OneDrive/Shared Folder/repo/ade9000/platform/OS/lwip/port/enet_ethernetif_kinetis.c:682:6:ethernetif_on_link_down	0	static
/home/abolinaga/OneDrive/Shared Folder/repo/ade9000/platform/OS/lwip/port/enet_ethernetif_kinetis.c:812:14:ethernetif_linkinput	64	static
/home/abolinaga/OneDrive/Shared Folder/repo/ade9000/platform/OS/lwip/port/enet_ethernetif_kinetis.c:856:7:ethernetif_linkoutput	48	static
/home/abolinaga/OneDrive/Shared Folder/repo/ade9000/platform/OS/lwip/port/enet_ethernetif_kinetis.c:933:7:ethernetif0_init	16	static
/home/abolinaga/OneDrive/Shared Folder/repo/ade9000/platform/OS/lwip/port/enet_ethernetif_kinetis.c:966:7:ethernetif1_init	16	static
