/home/abolinaga/OneDrive/Shared Folder/repo/ade9000/platform/OS/lwip/port/ethernetif.c:381:13:extcb	24	static
/home/abolinaga/OneDrive/Shared Folder/repo/ade9000/platform/OS/lwip/port/ethernetif.c:177:13:rx_task	48	static
/home/abolinaga/OneDrive/Shared Folder/repo/ade9000/platform/OS/lwip/port/ethernetif.c:372:13:probe_link_cyclic	24	static
/home/abolinaga/OneDrive/Shared Folder/repo/ade9000/platform/OS/lwip/port/ethernetif.c:123:6:ethernetif_phy_init	40	static
/home/abolinaga/OneDrive/Shared Folder/repo/ade9000/platform/OS/lwip/port/ethernetif.c:208:6:ethernetif_input	24	static
/home/abolinaga/OneDrive/Shared Folder/repo/ade9000/platform/OS/lwip/port/ethernetif.c:341:6:ethernetif_probe_link	24	static
/home/abolinaga/OneDrive/Shared Folder/repo/ade9000/platform/OS/lwip/port/ethernetif.c:235:7:ethernetif_init	40	static
/home/abolinaga/OneDrive/Shared Folder/repo/ade9000/platform/OS/lwip/port/ethernetif.c:393:12:ethernetif_wait_linkup	32	static
/home/abolinaga/OneDrive/Shared Folder/repo/ade9000/platform/OS/lwip/port/ethernetif.c:489:12:ethernetif_check_linkup	0	static
/home/abolinaga/OneDrive/Shared Folder/repo/ade9000/platform/OS/lwip/port/ethernetif.c:500:12:ethernetif_wait_ipv4_valid	32	static
/home/abolinaga/OneDrive/Shared Folder/repo/ade9000/platform/OS/lwip/port/ethernetif.c:597:6:ethernetif_pbuf_free_safe	16	static
