/home/abolinaga/OneDrive/Shared Folder/repo/ade9000/platform/OS/lwip/port/sys_arch.c:76:6:sys_assert	8	static
/home/abolinaga/OneDrive/Shared Folder/repo/ade9000/platform/OS/lwip/port/sys_arch.c:93:7:lwip_rand	0	static
/home/abolinaga/OneDrive/Shared Folder/repo/ade9000/platform/OS/lwip/port/sys_arch.c:110:7:sys_mbox_new	8	static
/home/abolinaga/OneDrive/Shared Folder/repo/ade9000/platform/OS/lwip/port/sys_arch.c:134:6:sys_mbox_free	8	static
/home/abolinaga/OneDrive/Shared Folder/repo/ade9000/platform/OS/lwip/port/sys_arch.c:164:6:sys_mbox_post	16	static
/home/abolinaga/OneDrive/Shared Folder/repo/ade9000/platform/OS/lwip/port/sys_arch.c:183:7:sys_mbox_trypost	24	static
/home/abolinaga/OneDrive/Shared Folder/repo/ade9000/platform/OS/lwip/port/sys_arch.c:235:7:sys_mbox_trypost_fromisr	16	static
/home/abolinaga/OneDrive/Shared Folder/repo/ade9000/platform/OS/lwip/port/sys_arch.c:265:7:sys_arch_mbox_fetch	32	static
/home/abolinaga/OneDrive/Shared Folder/repo/ade9000/platform/OS/lwip/port/sys_arch.c:326:7:sys_arch_mbox_tryfetch	16	static
/home/abolinaga/OneDrive/Shared Folder/repo/ade9000/platform/OS/lwip/port/sys_arch.c:362:7:sys_sem_new	16	static
/home/abolinaga/OneDrive/Shared Folder/repo/ade9000/platform/OS/lwip/port/sys_arch.c:416:7:sys_arch_sem_wait	16	static
/home/abolinaga/OneDrive/Shared Folder/repo/ade9000/platform/OS/lwip/port/sys_arch.c:457:7:sys_mutex_new	8	static
/home/abolinaga/OneDrive/Shared Folder/repo/ade9000/platform/OS/lwip/port/sys_arch.c:478:6:sys_mutex_lock	8	static
/home/abolinaga/OneDrive/Shared Folder/repo/ade9000/platform/OS/lwip/port/sys_arch.c:486:6:sys_mutex_unlock	0	static
/home/abolinaga/OneDrive/Shared Folder/repo/ade9000/platform/OS/lwip/port/sys_arch.c:493:6:sys_mutex_free	0	static
/home/abolinaga/OneDrive/Shared Folder/repo/ade9000/platform/OS/lwip/port/sys_arch.c:507:6:sys_sem_signal	0	static
/home/abolinaga/OneDrive/Shared Folder/repo/ade9000/platform/OS/lwip/port/sys_arch.c:520:6:sys_sem_free	0	static
/home/abolinaga/OneDrive/Shared Folder/repo/ade9000/platform/OS/lwip/port/sys_arch.c:532:6:sys_init	0	static
/home/abolinaga/OneDrive/Shared Folder/repo/ade9000/platform/OS/lwip/port/sys_arch.c:536:7:sys_now	0	static
/home/abolinaga/OneDrive/Shared Folder/repo/ade9000/platform/OS/lwip/port/sys_arch.c:559:14:sys_thread_new	40	static
/home/abolinaga/OneDrive/Shared Folder/repo/ade9000/platform/OS/lwip/port/sys_arch.c:602:12:sys_arch_protect	8	static
/home/abolinaga/OneDrive/Shared Folder/repo/ade9000/platform/OS/lwip/port/sys_arch.c:632:6:sys_arch_unprotect	0	static
/home/abolinaga/OneDrive/Shared Folder/repo/ade9000/platform/OS/lwip/port/sys_arch.c:653:6:sys_lock_tcpip_core	8	static
/home/abolinaga/OneDrive/Shared Folder/repo/ade9000/platform/OS/lwip/port/sys_arch.c:663:6:sys_unlock_tcpip_core	0	static
/home/abolinaga/OneDrive/Shared Folder/repo/ade9000/platform/OS/lwip/port/sys_arch.c:677:6:sys_mark_tcpip_thread	8	static
/home/abolinaga/OneDrive/Shared Folder/repo/ade9000/platform/OS/lwip/port/sys_arch.c:682:6:sys_check_core_locking	8	static
