/home/abolinaga/OneDrive/Shared Folder/repo/ade9000/data_extractor/protocol/mqtt/mqtt_protocol.c:911:15:mqtt_protocol_stop_messager_received	0	static
/home/abolinaga/OneDrive/Shared Folder/repo/ade9000/data_extractor/protocol/mqtt/mqtt_protocol.c:920:22:mqtt_protocol_reset_message_received	0	static
/home/abolinaga/OneDrive/Shared Folder/repo/ade9000/data_extractor/protocol/mqtt/mqtt_protocol.c:929:22:mqtt_protocol_reset_sensor_message_received	0	static
/home/abolinaga/OneDrive/Shared Folder/repo/ade9000/data_extractor/protocol/mqtt/mqtt_protocol.c:938:22:mqtt_protocol_reboot_message_received	0	static
/home/abolinaga/OneDrive/Shared Folder/repo/ade9000/data_extractor/protocol/mqtt/mqtt_protocol.c:947:22:mqtt_protocol_update_message_received	0	static
/home/abolinaga/OneDrive/Shared Folder/repo/ade9000/data_extractor/protocol/mqtt/mqtt_protocol.c:971:22:mqtt_protocol_get_timestamp_message_received	0	static
/home/abolinaga/OneDrive/Shared Folder/repo/ade9000/data_extractor/protocol/mqtt/mqtt_protocol.c:980:22:mqtt_protocol_get_info_message_received	0	static
/home/abolinaga/OneDrive/Shared Folder/repo/ade9000/data_extractor/protocol/mqtt/mqtt_protocol.c:990:22:mqtt_protocol_manufactur_message_received	8	static
/home/abolinaga/OneDrive/Shared Folder/repo/ade9000/data_extractor/protocol/mqtt/mqtt_protocol.c:956:22:mqtt_protocol_sync_time_message_received	8	static
/home/abolinaga/OneDrive/Shared Folder/repo/ade9000/data_extractor/protocol/mqtt/mqtt_protocol.c:841:22:mqtt_protocol_config_message_received	32	static
/home/abolinaga/OneDrive/Shared Folder/repo/ade9000/data_extractor/protocol/mqtt/mqtt_protocol.c:868:22:mqtt_protocol_start_message_received	48	static
/home/abolinaga/OneDrive/Shared Folder/repo/ade9000/data_extractor/protocol/mqtt/mqtt_protocol.c:1034:13:mqtt_protocol_get_sensor_and_service_from_topic.constprop	24	static
/home/abolinaga/OneDrive/Shared Folder/repo/ade9000/data_extractor/protocol/mqtt/mqtt_protocol.c:149:6:mqtt_protocol_init	40	static
/home/abolinaga/OneDrive/Shared Folder/repo/ade9000/data_extractor/protocol/mqtt/mqtt_protocol.c:177:6:mqtt_protocol_connect	128	static
/home/abolinaga/OneDrive/Shared Folder/repo/ade9000/data_extractor/protocol/mqtt/mqtt_protocol.c:217:6:mqtt_protocol_reconnect	16	static
/home/abolinaga/OneDrive/Shared Folder/repo/ade9000/data_extractor/protocol/mqtt/mqtt_protocol.c:236:6:mqtt_protocol_send_discovery	128	static
/home/abolinaga/OneDrive/Shared Folder/repo/ade9000/data_extractor/protocol/mqtt/mqtt_protocol.c:290:6:mqtt_protocol_device_status_changed	128	static
/home/abolinaga/OneDrive/Shared Folder/repo/ade9000/data_extractor/protocol/mqtt/mqtt_protocol.c:267:6:mqtt_protocol_status_changed	136	static
/home/abolinaga/OneDrive/Shared Folder/repo/ade9000/data_extractor/protocol/mqtt/mqtt_protocol.c:348:6:mqtt_protocol_signalize_event	128	static
/home/abolinaga/OneDrive/Shared Folder/repo/ade9000/data_extractor/protocol/mqtt/mqtt_protocol.c:407:6:mqtt_protocol_send_timestamp	128	static
/home/abolinaga/OneDrive/Shared Folder/repo/ade9000/data_extractor/protocol/mqtt/mqtt_protocol.c:455:6:mqtt_protocol_send_info	128	static
/home/abolinaga/OneDrive/Shared Folder/repo/ade9000/data_extractor/protocol/mqtt/mqtt_protocol.c:503:6:mqtt_protocol_disconnect	8	static
/home/abolinaga/OneDrive/Shared Folder/repo/ade9000/data_extractor/protocol/mqtt/mqtt_protocol.c:510:17:mqtt_protocol_get_manufactur	8	static
/home/abolinaga/OneDrive/Shared Folder/repo/ade9000/data_extractor/protocol/mqtt/mqtt_protocol.c:515:7:mqtt_protocol_get_ip	0	static
/home/abolinaga/OneDrive/Shared Folder/repo/ade9000/data_extractor/protocol/mqtt/mqtt_protocol.c:521:7:mqtt_protocol_get_sync_when	0	static
/home/abolinaga/OneDrive/Shared Folder/repo/ade9000/data_extractor/protocol/mqtt/mqtt_protocol.c:526:7:mqtt_protocol_get_sync_interval	0	static
/home/abolinaga/OneDrive/Shared Folder/repo/ade9000/data_extractor/protocol/mqtt/mqtt_protocol.c:531:15:mqtt_protocol_messages_to_get	56	static
/home/abolinaga/OneDrive/Shared Folder/repo/ade9000/data_extractor/protocol/mqtt/mqtt_protocol.c:569:10:mqtt_protocol_get_frame	0	static
/home/abolinaga/OneDrive/Shared Folder/repo/ade9000/data_extractor/protocol/mqtt/mqtt_protocol.c:574:15:mqtt_protocol_frame_type	40	static
/home/abolinaga/OneDrive/Shared Folder/repo/ade9000/data_extractor/protocol/mqtt/mqtt_protocol.c:861:15:mqtt_protocol_desconnected	0	static
/home/abolinaga/OneDrive/Shared Folder/repo/ade9000/data_extractor/protocol/mqtt/mqtt_protocol.c:1060:6:mqtt_protocol_reset	0	static
