/home/abolinaga/OneDrive/Shared Folder/repo/ade9000/platform/imxrt1062/startup/startup_mimxrt1062.c:746:14:NMI_Handler	8	static
/home/abolinaga/OneDrive/Shared Folder/repo/ade9000/platform/imxrt1062/startup/startup_mimxrt1062.c:751:14:HardFault_Handler	8	static
/home/abolinaga/OneDrive/Shared Folder/repo/ade9000/platform/imxrt1062/startup/startup_mimxrt1062.c:771:14:SVC_Handler	8	static
/home/abolinaga/OneDrive/Shared Folder/repo/ade9000/platform/imxrt1062/startup/startup_mimxrt1062.c:776:14:DebugMon_Handler	8	static
/home/abolinaga/OneDrive/Shared Folder/repo/ade9000/platform/imxrt1062/startup/startup_mimxrt1062.c:781:14:PendSV_Handler	8	static
/home/abolinaga/OneDrive/Shared Folder/repo/ade9000/platform/imxrt1062/startup/startup_mimxrt1062.c:786:14:SysTick_Handler	8	static
/home/abolinaga/OneDrive/Shared Folder/repo/ade9000/platform/imxrt1062/startup/startup_mimxrt1062.c:756:14:MemManage_Handler	8	static
/home/abolinaga/OneDrive/Shared Folder/repo/ade9000/platform/imxrt1062/startup/startup_mimxrt1062.c:761:14:BusFault_Handler	8	static
/home/abolinaga/OneDrive/Shared Folder/repo/ade9000/platform/imxrt1062/startup/startup_mimxrt1062.c:766:14:UsageFault_Handler	8	static
/home/abolinaga/OneDrive/Shared Folder/repo/ade9000/platform/imxrt1062/startup/startup_mimxrt1062.c:621:6:data_init	4	static
/home/abolinaga/OneDrive/Shared Folder/repo/ade9000/platform/imxrt1062/startup/startup_mimxrt1062.c:630:6:bss_init	0	static
/home/abolinaga/OneDrive/Shared Folder/repo/ade9000/platform/imxrt1062/startup/startup_mimxrt1062.c:655:6:ResetISR	0	static
/home/abolinaga/OneDrive/Shared Folder/repo/ade9000/platform/imxrt1062/startup/startup_mimxrt1062.c:795:14:IntDefaultHandler	8	static
/home/abolinaga/OneDrive/Shared Folder/repo/ade9000/platform/imxrt1062/startup/startup_mimxrt1062.c:806:11:DMA0_DMA16_IRQHandler	8	static
/home/abolinaga/OneDrive/Shared Folder/repo/ade9000/platform/imxrt1062/startup/startup_mimxrt1062.c:810:11:DMA1_DMA17_IRQHandler	8	static
/home/abolinaga/OneDrive/Shared Folder/repo/ade9000/platform/imxrt1062/startup/startup_mimxrt1062.c:814:11:DMA2_DMA18_IRQHandler	8	static
/home/abolinaga/OneDrive/Shared Folder/repo/ade9000/platform/imxrt1062/startup/startup_mimxrt1062.c:818:11:DMA3_DMA19_IRQHandler	8	static
/home/abolinaga/OneDrive/Shared Folder/repo/ade9000/platform/imxrt1062/startup/startup_mimxrt1062.c:822:11:DMA4_DMA20_IRQHandler	8	static
/home/abolinaga/OneDrive/Shared Folder/repo/ade9000/platform/imxrt1062/startup/startup_mimxrt1062.c:826:11:DMA5_DMA21_IRQHandler	8	static
/home/abolinaga/OneDrive/Shared Folder/repo/ade9000/platform/imxrt1062/startup/startup_mimxrt1062.c:830:11:DMA6_DMA22_IRQHandler	8	static
/home/abolinaga/OneDrive/Shared Folder/repo/ade9000/platform/imxrt1062/startup/startup_mimxrt1062.c:834:11:DMA7_DMA23_IRQHandler	8	static
/home/abolinaga/OneDrive/Shared Folder/repo/ade9000/platform/imxrt1062/startup/startup_mimxrt1062.c:838:11:DMA8_DMA24_IRQHandler	8	static
/home/abolinaga/OneDrive/Shared Folder/repo/ade9000/platform/imxrt1062/startup/startup_mimxrt1062.c:842:11:DMA9_DMA25_IRQHandler	8	static
/home/abolinaga/OneDrive/Shared Folder/repo/ade9000/platform/imxrt1062/startup/startup_mimxrt1062.c:846:11:DMA10_DMA26_IRQHandler	8	static
/home/abolinaga/OneDrive/Shared Folder/repo/ade9000/platform/imxrt1062/startup/startup_mimxrt1062.c:850:11:DMA11_DMA27_IRQHandler	8	static
/home/abolinaga/OneDrive/Shared Folder/repo/ade9000/platform/imxrt1062/startup/startup_mimxrt1062.c:854:11:DMA12_DMA28_IRQHandler	8	static
/home/abolinaga/OneDrive/Shared Folder/repo/ade9000/platform/imxrt1062/startup/startup_mimxrt1062.c:858:11:DMA13_DMA29_IRQHandler	8	static
/home/abolinaga/OneDrive/Shared Folder/repo/ade9000/platform/imxrt1062/startup/startup_mimxrt1062.c:862:11:DMA14_DMA30_IRQHandler	8	static
/home/abolinaga/OneDrive/Shared Folder/repo/ade9000/platform/imxrt1062/startup/startup_mimxrt1062.c:866:11:DMA15_DMA31_IRQHandler	8	static
/home/abolinaga/OneDrive/Shared Folder/repo/ade9000/platform/imxrt1062/startup/startup_mimxrt1062.c:870:11:DMA_ERROR_IRQHandler	8	static
/home/abolinaga/OneDrive/Shared Folder/repo/ade9000/platform/imxrt1062/startup/startup_mimxrt1062.c:874:11:CTI0_ERROR_IRQHandler	8	static
/home/abolinaga/OneDrive/Shared Folder/repo/ade9000/platform/imxrt1062/startup/startup_mimxrt1062.c:878:11:CTI1_ERROR_IRQHandler	8	static
/home/abolinaga/OneDrive/Shared Folder/repo/ade9000/platform/imxrt1062/startup/startup_mimxrt1062.c:882:11:CORE_IRQHandler	8	static
/home/abolinaga/OneDrive/Shared Folder/repo/ade9000/platform/imxrt1062/startup/startup_mimxrt1062.c:886:11:LPUART1_IRQHandler	8	static
/home/abolinaga/OneDrive/Shared Folder/repo/ade9000/platform/imxrt1062/startup/startup_mimxrt1062.c:890:11:LPUART2_IRQHandler	8	static
/home/abolinaga/OneDrive/Shared Folder/repo/ade9000/platform/imxrt1062/startup/startup_mimxrt1062.c:894:11:LPUART3_IRQHandler	8	static
/home/abolinaga/OneDrive/Shared Folder/repo/ade9000/platform/imxrt1062/startup/startup_mimxrt1062.c:898:11:LPUART4_IRQHandler	8	static
/home/abolinaga/OneDrive/Shared Folder/repo/ade9000/platform/imxrt1062/startup/startup_mimxrt1062.c:902:11:LPUART5_IRQHandler	8	static
/home/abolinaga/OneDrive/Shared Folder/repo/ade9000/platform/imxrt1062/startup/startup_mimxrt1062.c:906:11:LPUART6_IRQHandler	8	static
/home/abolinaga/OneDrive/Shared Folder/repo/ade9000/platform/imxrt1062/startup/startup_mimxrt1062.c:910:11:LPUART7_IRQHandler	8	static
/home/abolinaga/OneDrive/Shared Folder/repo/ade9000/platform/imxrt1062/startup/startup_mimxrt1062.c:914:11:LPUART8_IRQHandler	8	static
/home/abolinaga/OneDrive/Shared Folder/repo/ade9000/platform/imxrt1062/startup/startup_mimxrt1062.c:918:11:LPI2C1_IRQHandler	8	static
/home/abolinaga/OneDrive/Shared Folder/repo/ade9000/platform/imxrt1062/startup/startup_mimxrt1062.c:922:11:LPI2C2_IRQHandler	8	static
/home/abolinaga/OneDrive/Shared Folder/repo/ade9000/platform/imxrt1062/startup/startup_mimxrt1062.c:926:11:LPI2C3_IRQHandler	8	static
/home/abolinaga/OneDrive/Shared Folder/repo/ade9000/platform/imxrt1062/startup/startup_mimxrt1062.c:930:11:LPI2C4_IRQHandler	8	static
/home/abolinaga/OneDrive/Shared Folder/repo/ade9000/platform/imxrt1062/startup/startup_mimxrt1062.c:934:11:LPSPI1_IRQHandler	8	static
/home/abolinaga/OneDrive/Shared Folder/repo/ade9000/platform/imxrt1062/startup/startup_mimxrt1062.c:938:11:LPSPI2_IRQHandler	8	static
/home/abolinaga/OneDrive/Shared Folder/repo/ade9000/platform/imxrt1062/startup/startup_mimxrt1062.c:942:11:LPSPI3_IRQHandler	8	static
/home/abolinaga/OneDrive/Shared Folder/repo/ade9000/platform/imxrt1062/startup/startup_mimxrt1062.c:946:11:LPSPI4_IRQHandler	8	static
/home/abolinaga/OneDrive/Shared Folder/repo/ade9000/platform/imxrt1062/startup/startup_mimxrt1062.c:950:11:CAN1_IRQHandler	8	static
/home/abolinaga/OneDrive/Shared Folder/repo/ade9000/platform/imxrt1062/startup/startup_mimxrt1062.c:954:11:CAN2_IRQHandler	8	static
/home/abolinaga/OneDrive/Shared Folder/repo/ade9000/platform/imxrt1062/startup/startup_mimxrt1062.c:958:11:FLEXRAM_IRQHandler	8	static
/home/abolinaga/OneDrive/Shared Folder/repo/ade9000/platform/imxrt1062/startup/startup_mimxrt1062.c:962:11:KPP_IRQHandler	8	static
/home/abolinaga/OneDrive/Shared Folder/repo/ade9000/platform/imxrt1062/startup/startup_mimxrt1062.c:966:11:TSC_DIG_IRQHandler	8	static
/home/abolinaga/OneDrive/Shared Folder/repo/ade9000/platform/imxrt1062/startup/startup_mimxrt1062.c:970:11:GPR_IRQ_IRQHandler	8	static
/home/abolinaga/OneDrive/Shared Folder/repo/ade9000/platform/imxrt1062/startup/startup_mimxrt1062.c:974:11:LCDIF_IRQHandler	8	static
/home/abolinaga/OneDrive/Shared Folder/repo/ade9000/platform/imxrt1062/startup/startup_mimxrt1062.c:978:11:CSI_IRQHandler	8	static
/home/abolinaga/OneDrive/Shared Folder/repo/ade9000/platform/imxrt1062/startup/startup_mimxrt1062.c:982:11:PXP_IRQHandler	8	static
/home/abolinaga/OneDrive/Shared Folder/repo/ade9000/platform/imxrt1062/startup/startup_mimxrt1062.c:986:11:WDOG2_IRQHandler	8	static
/home/abolinaga/OneDrive/Shared Folder/repo/ade9000/platform/imxrt1062/startup/startup_mimxrt1062.c:990:11:SNVS_HP_WRAPPER_IRQHandler	8	static
/home/abolinaga/OneDrive/Shared Folder/repo/ade9000/platform/imxrt1062/startup/startup_mimxrt1062.c:994:11:SNVS_HP_WRAPPER_TZ_IRQHandler	8	static
/home/abolinaga/OneDrive/Shared Folder/repo/ade9000/platform/imxrt1062/startup/startup_mimxrt1062.c:998:11:SNVS_LP_WRAPPER_IRQHandler	8	static
/home/abolinaga/OneDrive/Shared Folder/repo/ade9000/platform/imxrt1062/startup/startup_mimxrt1062.c:1002:11:CSU_IRQHandler	8	static
/home/abolinaga/OneDrive/Shared Folder/repo/ade9000/platform/imxrt1062/startup/startup_mimxrt1062.c:1006:11:DCP_IRQHandler	8	static
/home/abolinaga/OneDrive/Shared Folder/repo/ade9000/platform/imxrt1062/startup/startup_mimxrt1062.c:1010:11:DCP_VMI_IRQHandler	8	static
/home/abolinaga/OneDrive/Shared Folder/repo/ade9000/platform/imxrt1062/startup/startup_mimxrt1062.c:1014:11:Reserved68_IRQHandler	8	static
/home/abolinaga/OneDrive/Shared Folder/repo/ade9000/platform/imxrt1062/startup/startup_mimxrt1062.c:1018:11:TRNG_IRQHandler	8	static
/home/abolinaga/OneDrive/Shared Folder/repo/ade9000/platform/imxrt1062/startup/startup_mimxrt1062.c:1022:11:SJC_IRQHandler	8	static
/home/abolinaga/OneDrive/Shared Folder/repo/ade9000/platform/imxrt1062/startup/startup_mimxrt1062.c:1026:11:BEE_IRQHandler	8	static
/home/abolinaga/OneDrive/Shared Folder/repo/ade9000/platform/imxrt1062/startup/startup_mimxrt1062.c:1030:11:SAI1_IRQHandler	8	static
/home/abolinaga/OneDrive/Shared Folder/repo/ade9000/platform/imxrt1062/startup/startup_mimxrt1062.c:1034:11:SAI2_IRQHandler	8	static
/home/abolinaga/OneDrive/Shared Folder/repo/ade9000/platform/imxrt1062/startup/startup_mimxrt1062.c:1038:11:SAI3_RX_IRQHandler	8	static
/home/abolinaga/OneDrive/Shared Folder/repo/ade9000/platform/imxrt1062/startup/startup_mimxrt1062.c:1042:11:SAI3_TX_IRQHandler	8	static
/home/abolinaga/OneDrive/Shared Folder/repo/ade9000/platform/imxrt1062/startup/startup_mimxrt1062.c:1046:11:SPDIF_IRQHandler	8	static
/home/abolinaga/OneDrive/Shared Folder/repo/ade9000/platform/imxrt1062/startup/startup_mimxrt1062.c:1050:11:PMU_EVENT_IRQHandler	8	static
/home/abolinaga/OneDrive/Shared Folder/repo/ade9000/platform/imxrt1062/startup/startup_mimxrt1062.c:1054:11:Reserved78_IRQHandler	8	static
/home/abolinaga/OneDrive/Shared Folder/repo/ade9000/platform/imxrt1062/startup/startup_mimxrt1062.c:1058:11:TEMP_LOW_HIGH_IRQHandler	8	static
/home/abolinaga/OneDrive/Shared Folder/repo/ade9000/platform/imxrt1062/startup/startup_mimxrt1062.c:1062:11:TEMP_PANIC_IRQHandler	8	static
/home/abolinaga/OneDrive/Shared Folder/repo/ade9000/platform/imxrt1062/startup/startup_mimxrt1062.c:1066:11:USB_PHY1_IRQHandler	8	static
/home/abolinaga/OneDrive/Shared Folder/repo/ade9000/platform/imxrt1062/startup/startup_mimxrt1062.c:1070:11:USB_PHY2_IRQHandler	8	static
/home/abolinaga/OneDrive/Shared Folder/repo/ade9000/platform/imxrt1062/startup/startup_mimxrt1062.c:1074:11:ADC1_IRQHandler	8	static
/home/abolinaga/OneDrive/Shared Folder/repo/ade9000/platform/imxrt1062/startup/startup_mimxrt1062.c:1078:11:ADC2_IRQHandler	8	static
/home/abolinaga/OneDrive/Shared Folder/repo/ade9000/platform/imxrt1062/startup/startup_mimxrt1062.c:1082:11:DCDC_IRQHandler	8	static
/home/abolinaga/OneDrive/Shared Folder/repo/ade9000/platform/imxrt1062/startup/startup_mimxrt1062.c:1086:11:Reserved86_IRQHandler	8	static
/home/abolinaga/OneDrive/Shared Folder/repo/ade9000/platform/imxrt1062/startup/startup_mimxrt1062.c:1090:11:GPIO10_Combined_0_31_IRQHandler	8	static
/home/abolinaga/OneDrive/Shared Folder/repo/ade9000/platform/imxrt1062/startup/startup_mimxrt1062.c:1094:11:GPIO1_INT0_IRQHandler	8	static
/home/abolinaga/OneDrive/Shared Folder/repo/ade9000/platform/imxrt1062/startup/startup_mimxrt1062.c:1098:11:GPIO1_INT1_IRQHandler	8	static
/home/abolinaga/OneDrive/Shared Folder/repo/ade9000/platform/imxrt1062/startup/startup_mimxrt1062.c:1102:11:GPIO1_INT2_IRQHandler	8	static
/home/abolinaga/OneDrive/Shared Folder/repo/ade9000/platform/imxrt1062/startup/startup_mimxrt1062.c:1106:11:GPIO1_INT3_IRQHandler	8	static
/home/abolinaga/OneDrive/Shared Folder/repo/ade9000/platform/imxrt1062/startup/startup_mimxrt1062.c:1110:11:GPIO1_INT4_IRQHandler	8	static
/home/abolinaga/OneDrive/Shared Folder/repo/ade9000/platform/imxrt1062/startup/startup_mimxrt1062.c:1114:11:GPIO1_INT5_IRQHandler	8	static
/home/abolinaga/OneDrive/Shared Folder/repo/ade9000/platform/imxrt1062/startup/startup_mimxrt1062.c:1118:11:GPIO1_INT6_IRQHandler	8	static
/home/abolinaga/OneDrive/Shared Folder/repo/ade9000/platform/imxrt1062/startup/startup_mimxrt1062.c:1122:11:GPIO1_INT7_IRQHandler	8	static
/home/abolinaga/OneDrive/Shared Folder/repo/ade9000/platform/imxrt1062/startup/startup_mimxrt1062.c:1126:11:GPIO1_Combined_0_15_IRQHandler	8	static
/home/abolinaga/OneDrive/Shared Folder/repo/ade9000/platform/imxrt1062/startup/startup_mimxrt1062.c:1130:11:GPIO1_Combined_16_31_IRQHandler	8	static
/home/abolinaga/OneDrive/Shared Folder/repo/ade9000/platform/imxrt1062/startup/startup_mimxrt1062.c:1134:11:GPIO2_Combined_0_15_IRQHandler	8	static
/home/abolinaga/OneDrive/Shared Folder/repo/ade9000/platform/imxrt1062/startup/startup_mimxrt1062.c:1138:11:GPIO2_Combined_16_31_IRQHandler	8	static
/home/abolinaga/OneDrive/Shared Folder/repo/ade9000/platform/imxrt1062/startup/startup_mimxrt1062.c:1142:11:GPIO3_Combined_0_15_IRQHandler	8	static
/home/abolinaga/OneDrive/Shared Folder/repo/ade9000/platform/imxrt1062/startup/startup_mimxrt1062.c:1146:11:GPIO3_Combined_16_31_IRQHandler	8	static
/home/abolinaga/OneDrive/Shared Folder/repo/ade9000/platform/imxrt1062/startup/startup_mimxrt1062.c:1150:11:GPIO4_Combined_0_15_IRQHandler	8	static
/home/abolinaga/OneDrive/Shared Folder/repo/ade9000/platform/imxrt1062/startup/startup_mimxrt1062.c:1154:11:GPIO4_Combined_16_31_IRQHandler	8	static
/home/abolinaga/OneDrive/Shared Folder/repo/ade9000/platform/imxrt1062/startup/startup_mimxrt1062.c:1158:11:GPIO5_Combined_0_15_IRQHandler	8	static
/home/abolinaga/OneDrive/Shared Folder/repo/ade9000/platform/imxrt1062/startup/startup_mimxrt1062.c:1162:11:GPIO5_Combined_16_31_IRQHandler	8	static
/home/abolinaga/OneDrive/Shared Folder/repo/ade9000/platform/imxrt1062/startup/startup_mimxrt1062.c:1166:11:FLEXIO1_IRQHandler	8	static
/home/abolinaga/OneDrive/Shared Folder/repo/ade9000/platform/imxrt1062/startup/startup_mimxrt1062.c:1170:11:FLEXIO2_IRQHandler	8	static
/home/abolinaga/OneDrive/Shared Folder/repo/ade9000/platform/imxrt1062/startup/startup_mimxrt1062.c:1174:11:WDOG1_IRQHandler	8	static
/home/abolinaga/OneDrive/Shared Folder/repo/ade9000/platform/imxrt1062/startup/startup_mimxrt1062.c:1178:11:RTWDOG_IRQHandler	8	static
/home/abolinaga/OneDrive/Shared Folder/repo/ade9000/platform/imxrt1062/startup/startup_mimxrt1062.c:1182:11:EWM_IRQHandler	8	static
/home/abolinaga/OneDrive/Shared Folder/repo/ade9000/platform/imxrt1062/startup/startup_mimxrt1062.c:1186:11:CCM_1_IRQHandler	8	static
/home/abolinaga/OneDrive/Shared Folder/repo/ade9000/platform/imxrt1062/startup/startup_mimxrt1062.c:1190:11:CCM_2_IRQHandler	8	static
/home/abolinaga/OneDrive/Shared Folder/repo/ade9000/platform/imxrt1062/startup/startup_mimxrt1062.c:1194:11:GPC_IRQHandler	8	static
/home/abolinaga/OneDrive/Shared Folder/repo/ade9000/platform/imxrt1062/startup/startup_mimxrt1062.c:1198:11:SRC_IRQHandler	8	static
/home/abolinaga/OneDrive/Shared Folder/repo/ade9000/platform/imxrt1062/startup/startup_mimxrt1062.c:1202:11:Reserved115_IRQHandler	8	static
/home/abolinaga/OneDrive/Shared Folder/repo/ade9000/platform/imxrt1062/startup/startup_mimxrt1062.c:1206:11:GPT1_IRQHandler	8	static
/home/abolinaga/OneDrive/Shared Folder/repo/ade9000/platform/imxrt1062/startup/startup_mimxrt1062.c:1210:11:GPT2_IRQHandler	8	static
/home/abolinaga/OneDrive/Shared Folder/repo/ade9000/platform/imxrt1062/startup/startup_mimxrt1062.c:1214:11:PWM1_0_IRQHandler	8	static
/home/abolinaga/OneDrive/Shared Folder/repo/ade9000/platform/imxrt1062/startup/startup_mimxrt1062.c:1218:11:PWM1_1_IRQHandler	8	static
/home/abolinaga/OneDrive/Shared Folder/repo/ade9000/platform/imxrt1062/startup/startup_mimxrt1062.c:1222:11:PWM1_2_IRQHandler	8	static
/home/abolinaga/OneDrive/Shared Folder/repo/ade9000/platform/imxrt1062/startup/startup_mimxrt1062.c:1226:11:PWM1_3_IRQHandler	8	static
/home/abolinaga/OneDrive/Shared Folder/repo/ade9000/platform/imxrt1062/startup/startup_mimxrt1062.c:1230:11:PWM1_FAULT_IRQHandler	8	static
/home/abolinaga/OneDrive/Shared Folder/repo/ade9000/platform/imxrt1062/startup/startup_mimxrt1062.c:1234:11:FLEXSPI2_IRQHandler	8	static
/home/abolinaga/OneDrive/Shared Folder/repo/ade9000/platform/imxrt1062/startup/startup_mimxrt1062.c:1238:11:FLEXSPI_IRQHandler	8	static
/home/abolinaga/OneDrive/Shared Folder/repo/ade9000/platform/imxrt1062/startup/startup_mimxrt1062.c:1242:11:SEMC_IRQHandler	8	static
/home/abolinaga/OneDrive/Shared Folder/repo/ade9000/platform/imxrt1062/startup/startup_mimxrt1062.c:1246:11:USDHC1_IRQHandler	8	static
/home/abolinaga/OneDrive/Shared Folder/repo/ade9000/platform/imxrt1062/startup/startup_mimxrt1062.c:1250:11:USDHC2_IRQHandler	8	static
/home/abolinaga/OneDrive/Shared Folder/repo/ade9000/platform/imxrt1062/startup/startup_mimxrt1062.c:1254:11:USB_OTG2_IRQHandler	8	static
/home/abolinaga/OneDrive/Shared Folder/repo/ade9000/platform/imxrt1062/startup/startup_mimxrt1062.c:1258:11:USB_OTG1_IRQHandler	8	static
/home/abolinaga/OneDrive/Shared Folder/repo/ade9000/platform/imxrt1062/startup/startup_mimxrt1062.c:1262:11:ENET_IRQHandler	8	static
/home/abolinaga/OneDrive/Shared Folder/repo/ade9000/platform/imxrt1062/startup/startup_mimxrt1062.c:1266:11:ENET_1588_Timer_IRQHandler	8	static
/home/abolinaga/OneDrive/Shared Folder/repo/ade9000/platform/imxrt1062/startup/startup_mimxrt1062.c:1270:11:XBAR1_IRQ_0_1_IRQHandler	8	static
/home/abolinaga/OneDrive/Shared Folder/repo/ade9000/platform/imxrt1062/startup/startup_mimxrt1062.c:1274:11:XBAR1_IRQ_2_3_IRQHandler	8	static
/home/abolinaga/OneDrive/Shared Folder/repo/ade9000/platform/imxrt1062/startup/startup_mimxrt1062.c:1278:11:ADC_ETC_IRQ0_IRQHandler	8	static
/home/abolinaga/OneDrive/Shared Folder/repo/ade9000/platform/imxrt1062/startup/startup_mimxrt1062.c:1282:11:ADC_ETC_IRQ1_IRQHandler	8	static
/home/abolinaga/OneDrive/Shared Folder/repo/ade9000/platform/imxrt1062/startup/startup_mimxrt1062.c:1286:11:ADC_ETC_IRQ2_IRQHandler	8	static
/home/abolinaga/OneDrive/Shared Folder/repo/ade9000/platform/imxrt1062/startup/startup_mimxrt1062.c:1290:11:ADC_ETC_ERROR_IRQ_IRQHandler	8	static
/home/abolinaga/OneDrive/Shared Folder/repo/ade9000/platform/imxrt1062/startup/startup_mimxrt1062.c:1294:11:PIT_IRQHandler	8	static
/home/abolinaga/OneDrive/Shared Folder/repo/ade9000/platform/imxrt1062/startup/startup_mimxrt1062.c:1298:11:ACMP1_IRQHandler	8	static
/home/abolinaga/OneDrive/Shared Folder/repo/ade9000/platform/imxrt1062/startup/startup_mimxrt1062.c:1302:11:ACMP2_IRQHandler	8	static
/home/abolinaga/OneDrive/Shared Folder/repo/ade9000/platform/imxrt1062/startup/startup_mimxrt1062.c:1306:11:ACMP3_IRQHandler	8	static
/home/abolinaga/OneDrive/Shared Folder/repo/ade9000/platform/imxrt1062/startup/startup_mimxrt1062.c:1310:11:ACMP4_IRQHandler	8	static
/home/abolinaga/OneDrive/Shared Folder/repo/ade9000/platform/imxrt1062/startup/startup_mimxrt1062.c:1314:11:Reserved143_IRQHandler	8	static
/home/abolinaga/OneDrive/Shared Folder/repo/ade9000/platform/imxrt1062/startup/startup_mimxrt1062.c:1318:11:Reserved144_IRQHandler	8	static
/home/abolinaga/OneDrive/Shared Folder/repo/ade9000/platform/imxrt1062/startup/startup_mimxrt1062.c:1322:11:ENC1_IRQHandler	8	static
/home/abolinaga/OneDrive/Shared Folder/repo/ade9000/platform/imxrt1062/startup/startup_mimxrt1062.c:1326:11:ENC2_IRQHandler	8	static
/home/abolinaga/OneDrive/Shared Folder/repo/ade9000/platform/imxrt1062/startup/startup_mimxrt1062.c:1330:11:ENC3_IRQHandler	8	static
/home/abolinaga/OneDrive/Shared Folder/repo/ade9000/platform/imxrt1062/startup/startup_mimxrt1062.c:1334:11:ENC4_IRQHandler	8	static
/home/abolinaga/OneDrive/Shared Folder/repo/ade9000/platform/imxrt1062/startup/startup_mimxrt1062.c:1338:11:TMR1_IRQHandler	8	static
/home/abolinaga/OneDrive/Shared Folder/repo/ade9000/platform/imxrt1062/startup/startup_mimxrt1062.c:1342:11:TMR2_IRQHandler	8	static
/home/abolinaga/OneDrive/Shared Folder/repo/ade9000/platform/imxrt1062/startup/startup_mimxrt1062.c:1346:11:TMR3_IRQHandler	8	static
/home/abolinaga/OneDrive/Shared Folder/repo/ade9000/platform/imxrt1062/startup/startup_mimxrt1062.c:1350:11:TMR4_IRQHandler	8	static
/home/abolinaga/OneDrive/Shared Folder/repo/ade9000/platform/imxrt1062/startup/startup_mimxrt1062.c:1354:11:PWM2_0_IRQHandler	8	static
/home/abolinaga/OneDrive/Shared Folder/repo/ade9000/platform/imxrt1062/startup/startup_mimxrt1062.c:1358:11:PWM2_1_IRQHandler	8	static
/home/abolinaga/OneDrive/Shared Folder/repo/ade9000/platform/imxrt1062/startup/startup_mimxrt1062.c:1362:11:PWM2_2_IRQHandler	8	static
/home/abolinaga/OneDrive/Shared Folder/repo/ade9000/platform/imxrt1062/startup/startup_mimxrt1062.c:1366:11:PWM2_3_IRQHandler	8	static
/home/abolinaga/OneDrive/Shared Folder/repo/ade9000/platform/imxrt1062/startup/startup_mimxrt1062.c:1370:11:PWM2_FAULT_IRQHandler	8	static
/home/abolinaga/OneDrive/Shared Folder/repo/ade9000/platform/imxrt1062/startup/startup_mimxrt1062.c:1374:11:PWM3_0_IRQHandler	8	static
/home/abolinaga/OneDrive/Shared Folder/repo/ade9000/platform/imxrt1062/startup/startup_mimxrt1062.c:1378:11:PWM3_1_IRQHandler	8	static
/home/abolinaga/OneDrive/Shared Folder/repo/ade9000/platform/imxrt1062/startup/startup_mimxrt1062.c:1382:11:PWM3_2_IRQHandler	8	static
/home/abolinaga/OneDrive/Shared Folder/repo/ade9000/platform/imxrt1062/startup/startup_mimxrt1062.c:1386:11:PWM3_3_IRQHandler	8	static
/home/abolinaga/OneDrive/Shared Folder/repo/ade9000/platform/imxrt1062/startup/startup_mimxrt1062.c:1390:11:PWM3_FAULT_IRQHandler	8	static
/home/abolinaga/OneDrive/Shared Folder/repo/ade9000/platform/imxrt1062/startup/startup_mimxrt1062.c:1394:11:PWM4_0_IRQHandler	8	static
/home/abolinaga/OneDrive/Shared Folder/repo/ade9000/platform/imxrt1062/startup/startup_mimxrt1062.c:1398:11:PWM4_1_IRQHandler	8	static
/home/abolinaga/OneDrive/Shared Folder/repo/ade9000/platform/imxrt1062/startup/startup_mimxrt1062.c:1402:11:PWM4_2_IRQHandler	8	static
/home/abolinaga/OneDrive/Shared Folder/repo/ade9000/platform/imxrt1062/startup/startup_mimxrt1062.c:1406:11:PWM4_3_IRQHandler	8	static
/home/abolinaga/OneDrive/Shared Folder/repo/ade9000/platform/imxrt1062/startup/startup_mimxrt1062.c:1410:11:PWM4_FAULT_IRQHandler	8	static
/home/abolinaga/OneDrive/Shared Folder/repo/ade9000/platform/imxrt1062/startup/startup_mimxrt1062.c:1414:11:ENET2_IRQHandler	8	static
/home/abolinaga/OneDrive/Shared Folder/repo/ade9000/platform/imxrt1062/startup/startup_mimxrt1062.c:1418:11:ENET2_1588_Timer_IRQHandler	8	static
/home/abolinaga/OneDrive/Shared Folder/repo/ade9000/platform/imxrt1062/startup/startup_mimxrt1062.c:1422:11:CAN3_IRQHandler	8	static
/home/abolinaga/OneDrive/Shared Folder/repo/ade9000/platform/imxrt1062/startup/startup_mimxrt1062.c:1426:11:Reserved171_IRQHandler	8	static
/home/abolinaga/OneDrive/Shared Folder/repo/ade9000/platform/imxrt1062/startup/startup_mimxrt1062.c:1430:11:FLEXIO3_IRQHandler	8	static
/home/abolinaga/OneDrive/Shared Folder/repo/ade9000/platform/imxrt1062/startup/startup_mimxrt1062.c:1434:11:GPIO6_7_8_9_IRQHandler	8	static
