/home/abolinaga/OneDrive/Shared Folder/repo/ade9000/platform/OS/lwip/src/api/api_lib.c:584:1:netconn_recv_data	24	static
/home/abolinaga/OneDrive/Shared Folder/repo/ade9000/platform/OS/lwip/src/api/api_lib.c:154:1:netconn_new_with_proto_and_callback	48	static
/home/abolinaga/OneDrive/Shared Folder/repo/ade9000/platform/OS/lwip/src/api/api_lib.c:197:1:netconn_prepare_delete	40	static
/home/abolinaga/OneDrive/Shared Folder/repo/ade9000/platform/OS/lwip/src/api/api_lib.c:238:1:netconn_delete	40	static
/home/abolinaga/OneDrive/Shared Folder/repo/ade9000/platform/OS/lwip/src/api/api_lib.c:274:1:netconn_getaddr	40	static
/home/abolinaga/OneDrive/Shared Folder/repo/ade9000/platform/OS/lwip/src/api/api_lib.c:312:1:netconn_bind	40	static
/home/abolinaga/OneDrive/Shared Folder/repo/ade9000/platform/OS/lwip/src/api/api_lib.c:356:1:netconn_bind_if	40	static
/home/abolinaga/OneDrive/Shared Folder/repo/ade9000/platform/OS/lwip/src/api/api_lib.c:382:1:netconn_connect	40	static
/home/abolinaga/OneDrive/Shared Folder/repo/ade9000/platform/OS/lwip/src/api/api_lib.c:414:1:netconn_disconnect	40	static
/home/abolinaga/OneDrive/Shared Folder/repo/ade9000/platform/OS/lwip/src/api/api_lib.c:439:1:netconn_listen_with_backlog	40	static
/home/abolinaga/OneDrive/Shared Folder/repo/ade9000/platform/OS/lwip/src/api/api_lib.c:476:1:netconn_accept	64	static
/home/abolinaga/OneDrive/Shared Folder/repo/ade9000/platform/OS/lwip/src/api/api_lib.c:702:1:netconn_tcp_recvd	40	static
/home/abolinaga/OneDrive/Shared Folder/repo/ade9000/platform/OS/lwip/src/api/api_lib.c:795:1:netconn_recv_tcp_pbuf	80	static
/home/abolinaga/OneDrive/Shared Folder/repo/ade9000/platform/OS/lwip/src/api/api_lib.c:816:1:netconn_recv_tcp_pbuf_flags	88	static
/home/abolinaga/OneDrive/Shared Folder/repo/ade9000/platform/OS/lwip/src/api/api_lib.c:835:1:netconn_recv_udp_raw_netbuf	24	static
/home/abolinaga/OneDrive/Shared Folder/repo/ade9000/platform/OS/lwip/src/api/api_lib.c:855:1:netconn_recv_udp_raw_netbuf_flags	24	static
/home/abolinaga/OneDrive/Shared Folder/repo/ade9000/platform/OS/lwip/src/api/api_lib.c:873:1:netconn_recv	104	static
/home/abolinaga/OneDrive/Shared Folder/repo/ade9000/platform/OS/lwip/src/api/api_lib.c:935:1:netconn_sendto	40	static
/home/abolinaga/OneDrive/Shared Folder/repo/ade9000/platform/OS/lwip/src/api/api_lib.c:954:1:netconn_send	40	static
/home/abolinaga/OneDrive/Shared Folder/repo/ade9000/platform/OS/lwip/src/api/api_lib.c:987:1:netconn_write_partly	56	static
/home/abolinaga/OneDrive/Shared Folder/repo/ade9000/platform/OS/lwip/src/api/api_lib.c:1010:1:netconn_write_vectors_partly	56	static
/home/abolinaga/OneDrive/Shared Folder/repo/ade9000/platform/OS/lwip/src/api/api_lib.c:1138:1:netconn_close	40	static
/home/abolinaga/OneDrive/Shared Folder/repo/ade9000/platform/OS/lwip/src/api/api_lib.c:1152:1:netconn_err	16	static
/home/abolinaga/OneDrive/Shared Folder/repo/ade9000/platform/OS/lwip/src/api/api_lib.c:1176:1:netconn_shutdown	40	static
/home/abolinaga/OneDrive/Shared Folder/repo/ade9000/platform/OS/lwip/src/api/api_lib.c:1287:1:netconn_gethostbyname	32	static
