/home/abolinaga/OneDrive/Shared Folder/repo/ade9000/platform/OS/lwip/src/api/api_msg.c:2238:1:lwip_netconn_do_dns_found	0	static
/home/abolinaga/OneDrive/Shared Folder/repo/ade9000/platform/OS/lwip/src/api/api_msg.c:1736:1:lwip_netconn_do_writemore	56	static
/home/abolinaga/OneDrive/Shared Folder/repo/ade9000/platform/OS/lwip/src/api/api_msg.c:982:1:lwip_netconn_do_close_internal	32	static
/home/abolinaga/OneDrive/Shared Folder/repo/ade9000/platform/OS/lwip/src/api/api_msg.c:369:1:poll_tcp	16	static
/home/abolinaga/OneDrive/Shared Folder/repo/ade9000/platform/OS/lwip/src/api/api_msg.c:860:14:tcp_do_abort	8	static
/home/abolinaga/OneDrive/Shared Folder/repo/ade9000/platform/OS/lwip/src/api/api_msg.c:305:1:recv_tcp	24	static
/home/abolinaga/OneDrive/Shared Folder/repo/ade9000/platform/OS/lwip/src/api/api_msg.c:444:1:err_tcp	24	static
/home/abolinaga/OneDrive/Shared Folder/repo/ade9000/platform/OS/lwip/src/api/api_msg.c:218:1:recv_udp	24	static
/home/abolinaga/OneDrive/Shared Folder/repo/ade9000/platform/OS/lwip/src/api/api_msg.c:159:1:recv_raw	24	static
/home/abolinaga/OneDrive/Shared Folder/repo/ade9000/platform/OS/lwip/src/api/api_msg.c:410:1:sent_tcp	16	static
/home/abolinaga/OneDrive/Shared Folder/repo/ade9000/platform/OS/lwip/src/api/api_msg.c:877:1:netconn_drain	48	static
/home/abolinaga/OneDrive/Shared Folder/repo/ade9000/platform/OS/lwip/src/api/api_msg.c:1387:1:lwip_netconn_do_connected	24	static
/home/abolinaga/OneDrive/Shared Folder/repo/ade9000/platform/OS/lwip/src/api/api_msg.c:99:1:lwip_netconn_is_deallocated_msg	0	static
/home/abolinaga/OneDrive/Shared Folder/repo/ade9000/platform/OS/lwip/src/api/api_msg.c:131:1:lwip_netconn_is_err_msg	16	static
/home/abolinaga/OneDrive/Shared Folder/repo/ade9000/platform/OS/lwip/src/api/api_msg.c:708:1:lwip_netconn_do_newconn	16	static
/home/abolinaga/OneDrive/Shared Folder/repo/ade9000/platform/OS/lwip/src/api/api_msg.c:733:1:netconn_alloc	16	static
/home/abolinaga/OneDrive/Shared Folder/repo/ade9000/platform/OS/lwip/src/api/api_msg.c:545:1:accept_function	16	static
/home/abolinaga/OneDrive/Shared Folder/repo/ade9000/platform/OS/lwip/src/api/api_msg.c:830:1:netconn_free	8	static
/home/abolinaga/OneDrive/Shared Folder/repo/ade9000/platform/OS/lwip/src/api/api_msg.c:1175:1:lwip_netconn_do_delconn	32	static
/home/abolinaga/OneDrive/Shared Folder/repo/ade9000/platform/OS/lwip/src/api/api_msg.c:1286:1:lwip_netconn_do_bind	8	static
/home/abolinaga/OneDrive/Shared Folder/repo/ade9000/platform/OS/lwip/src/api/api_msg.c:1342:1:lwip_netconn_do_bind_if	8	static
/home/abolinaga/OneDrive/Shared Folder/repo/ade9000/platform/OS/lwip/src/api/api_msg.c:1436:1:lwip_netconn_do_connect	16	static
/home/abolinaga/OneDrive/Shared Folder/repo/ade9000/platform/OS/lwip/src/api/api_msg.c:1511:1:lwip_netconn_do_disconnect	8	static
/home/abolinaga/OneDrive/Shared Folder/repo/ade9000/platform/OS/lwip/src/api/api_msg.c:1535:1:lwip_netconn_do_listen	24	static
/home/abolinaga/OneDrive/Shared Folder/repo/ade9000/platform/OS/lwip/src/api/api_msg.c:1618:1:lwip_netconn_do_send	8	static
/home/abolinaga/OneDrive/Shared Folder/repo/ade9000/platform/OS/lwip/src/api/api_msg.c:1685:1:lwip_netconn_do_recv	24	static
/home/abolinaga/OneDrive/Shared Folder/repo/ade9000/platform/OS/lwip/src/api/api_msg.c:1710:1:lwip_netconn_do_accepted	0	static
/home/abolinaga/OneDrive/Shared Folder/repo/ade9000/platform/OS/lwip/src/api/api_msg.c:1934:1:lwip_netconn_do_write	8	static
/home/abolinaga/OneDrive/Shared Folder/repo/ade9000/platform/OS/lwip/src/api/api_msg.c:1988:1:lwip_netconn_do_getaddr	8	static
/home/abolinaga/OneDrive/Shared Folder/repo/ade9000/platform/OS/lwip/src/api/api_msg.c:2055:1:lwip_netconn_do_close	32	static
/home/abolinaga/OneDrive/Shared Folder/repo/ade9000/platform/OS/lwip/src/api/api_msg.c:2264:1:lwip_netconn_do_gethostbyname	24	static
