/home/abolinaga/OneDrive/Shared Folder/repo/ade9000/platform/OS/lwip/src/api/sockets.c:544:1:alloc_socket	32	static
/home/abolinaga/OneDrive/Shared Folder/repo/ade9000/platform/OS/lwip/src/api/sockets.c:980:1:lwip_recv_tcp	48	static
/home/abolinaga/OneDrive/Shared Folder/repo/ade9000/platform/OS/lwip/src/api/sockets.c:1967:1:lwip_select_inc_sockets_used_set.part.0	32	static
/home/abolinaga/OneDrive/Shared Folder/repo/ade9000/platform/OS/lwip/src/api/sockets.c:2544:1:event_callback	40	static
/home/abolinaga/OneDrive/Shared Folder/repo/ade9000/platform/OS/lwip/src/api/sockets.c:402:1:done_socket	24	static
/home/abolinaga/OneDrive/Shared Folder/repo/ade9000/platform/OS/lwip/src/api/sockets.c:1148:1:lwip_recvfrom_udp_raw.constprop	64	static
/home/abolinaga/OneDrive/Shared Folder/repo/ade9000/platform/OS/lwip/src/api/sockets.c:2260:1:lwip_pollscan	80	static
/home/abolinaga/OneDrive/Shared Folder/repo/ade9000/platform/OS/lwip/src/api/sockets.c:1895:1:lwip_selscan	72	static
/home/abolinaga/OneDrive/Shared Folder/repo/ade9000/platform/OS/lwip/src/api/sockets.c:2366:1:lwip_poll_dec_sockets_used.part.0	56	static
/home/abolinaga/OneDrive/Shared Folder/repo/ade9000/platform/OS/lwip/src/api/sockets.c:326:1:lwip_socket_thread_init	0	static
/home/abolinaga/OneDrive/Shared Folder/repo/ade9000/platform/OS/lwip/src/api/sockets.c:333:1:lwip_socket_thread_cleanup	0	static
/home/abolinaga/OneDrive/Shared Folder/repo/ade9000/platform/OS/lwip/src/api/sockets.c:457:1:lwip_socket_dbg_get_socket	0	static
/home/abolinaga/OneDrive/Shared Folder/repo/ade9000/platform/OS/lwip/src/api/sockets.c:681:1:lwip_accept	80	static
/home/abolinaga/OneDrive/Shared Folder/repo/ade9000/platform/OS/lwip/src/api/sockets.c:778:1:lwip_bind	48	static
/home/abolinaga/OneDrive/Shared Folder/repo/ade9000/platform/OS/lwip/src/api/sockets.c:832:1:lwip_close	32	static
/home/abolinaga/OneDrive/Shared Folder/repo/ade9000/platform/OS/lwip/src/api/sockets.c:873:1:lwip_connect	48	static
/home/abolinaga/OneDrive/Shared Folder/repo/ade9000/platform/OS/lwip/src/api/sockets.c:941:1:lwip_listen	32	static
/home/abolinaga/OneDrive/Shared Folder/repo/ade9000/platform/OS/lwip/src/api/sockets.c:1259:1:lwip_recvfrom	88	static
/home/abolinaga/OneDrive/Shared Folder/repo/ade9000/platform/OS/lwip/src/api/sockets.c:1312:1:lwip_read	80	static
/home/abolinaga/OneDrive/Shared Folder/repo/ade9000/platform/OS/lwip/src/api/sockets.c:1318:1:lwip_readv	72	static
/home/abolinaga/OneDrive/Shared Folder/repo/ade9000/platform/OS/lwip/src/api/sockets.c:1335:1:lwip_recv	88	static
/home/abolinaga/OneDrive/Shared Folder/repo/ade9000/platform/OS/lwip/src/api/sockets.c:1341:1:lwip_recvmsg	56	static
/home/abolinaga/OneDrive/Shared Folder/repo/ade9000/platform/OS/lwip/src/api/sockets.c:1482:1:lwip_sendmsg	64	static
/home/abolinaga/OneDrive/Shared Folder/repo/ade9000/platform/OS/lwip/src/api/sockets.c:1645:1:lwip_sendto	72	static
/home/abolinaga/OneDrive/Shared Folder/repo/ade9000/platform/OS/lwip/src/api/sockets.c:1442:1:lwip_send	64	static
/home/abolinaga/OneDrive/Shared Folder/repo/ade9000/platform/OS/lwip/src/api/sockets.c:1745:1:lwip_socket	16	static
/home/abolinaga/OneDrive/Shared Folder/repo/ade9000/platform/OS/lwip/src/api/sockets.c:1806:1:lwip_write	56	static
/home/abolinaga/OneDrive/Shared Folder/repo/ade9000/platform/OS/lwip/src/api/sockets.c:1812:1:lwip_writev	48	static
/home/abolinaga/OneDrive/Shared Folder/repo/ade9000/platform/OS/lwip/src/api/sockets.c:2024:1:lwip_select	120	static
/home/abolinaga/OneDrive/Shared Folder/repo/ade9000/platform/OS/lwip/src/api/sockets.c:2386:1:lwip_poll	72	static
/home/abolinaga/OneDrive/Shared Folder/repo/ade9000/platform/OS/lwip/src/api/sockets.c:2751:1:lwip_shutdown	32	static
/home/abolinaga/OneDrive/Shared Folder/repo/ade9000/platform/OS/lwip/src/api/sockets.c:2843:1:lwip_getpeername	64	static
/home/abolinaga/OneDrive/Shared Folder/repo/ade9000/platform/OS/lwip/src/api/sockets.c:2849:1:lwip_getsockname	64	static
/home/abolinaga/OneDrive/Shared Folder/repo/ade9000/platform/OS/lwip/src/api/sockets.c:2855:1:lwip_getsockopt	48	static
/home/abolinaga/OneDrive/Shared Folder/repo/ade9000/platform/OS/lwip/src/api/sockets.c:3335:1:lwip_setsockopt	48	static
/home/abolinaga/OneDrive/Shared Folder/repo/ade9000/platform/OS/lwip/src/api/sockets.c:3893:1:lwip_ioctl	40	static
/home/abolinaga/OneDrive/Shared Folder/repo/ade9000/platform/OS/lwip/src/api/sockets.c:3986:1:lwip_fcntl	48	static
/home/abolinaga/OneDrive/Shared Folder/repo/ade9000/platform/OS/lwip/src/api/sockets.c:4069:1:lwip_inet_ntop	8	static
/home/abolinaga/OneDrive/Shared Folder/repo/ade9000/platform/OS/lwip/src/api/sockets.c:4102:1:lwip_inet_pton	0	static
