/home/abolinaga/OneDrive/Shared Folder/repo/ade9000/platform/OS/lwip/src/api/tcpip.c:641:1:pbuf_free_int	0	static
/home/abolinaga/OneDrive/Shared Folder/repo/ade9000/platform/OS/lwip/src/api/tcpip.c:133:1:tcpip_thread	16	static
/home/abolinaga/OneDrive/Shared Folder/repo/ade9000/platform/OS/lwip/src/api/tcpip.c:246:1:tcpip_inpkt	24	static
/home/abolinaga/OneDrive/Shared Folder/repo/ade9000/platform/OS/lwip/src/api/tcpip.c:289:1:tcpip_input	16	static
/home/abolinaga/OneDrive/Shared Folder/repo/ade9000/platform/OS/lwip/src/api/tcpip.c:315:1:tcpip_callback	16	static
/home/abolinaga/OneDrive/Shared Folder/repo/ade9000/platform/OS/lwip/src/api/tcpip.c:351:1:tcpip_try_callback	16	static
/home/abolinaga/OneDrive/Shared Folder/repo/ade9000/platform/OS/lwip/src/api/tcpip.c:443:1:tcpip_send_msg_wait_sem	16	static
/home/abolinaga/OneDrive/Shared Folder/repo/ade9000/platform/OS/lwip/src/api/tcpip.c:479:1:tcpip_api_call	16	static
/home/abolinaga/OneDrive/Shared Folder/repo/ade9000/platform/OS/lwip/src/api/tcpip.c:537:1:tcpip_callbackmsg_new	16	static
/home/abolinaga/OneDrive/Shared Folder/repo/ade9000/platform/OS/lwip/src/api/tcpip.c:558:1:tcpip_callbackmsg_delete	0	static
/home/abolinaga/OneDrive/Shared Folder/repo/ade9000/platform/OS/lwip/src/api/tcpip.c:573:1:tcpip_callbackmsg_trycallback	16	static
/home/abolinaga/OneDrive/Shared Folder/repo/ade9000/platform/OS/lwip/src/api/tcpip.c:592:1:tcpip_callbackmsg_trycallback_fromisr	16	static
/home/abolinaga/OneDrive/Shared Folder/repo/ade9000/platform/OS/lwip/src/api/tcpip.c:608:1:tcpip_init	24	static
/home/abolinaga/OneDrive/Shared Folder/repo/ade9000/platform/OS/lwip/src/api/tcpip.c:654:1:pbuf_free_callback	16	static
/home/abolinaga/OneDrive/Shared Folder/repo/ade9000/platform/OS/lwip/src/api/tcpip.c:667:1:mem_free_callback	16	static
